Component: ARM Compiler 5.06 update 6 (build 750) Tool: armlink [4d35ed]

==============================================================================

Section Cross References

    main.o(i.main) refers to _printf_percent.o(.ARM.Collect$$_printf_percent$$00000000) for _printf_percent
    main.o(i.main) refers to _printf_d.o(.ARM.Collect$$_printf_percent$$00000009) for _printf_d
    main.o(i.main) refers to _printf_dec.o(.text) for _printf_int_dec
    main.o(i.main) refers to ml_delay.o(i.SysTick_Init) for SysTick_Init
    main.o(i.main) refers to ml_oled.o(i.OLED_Init) for OLED_Init
    main.o(i.main) refers to ml_uart.o(i.uart_init) for uart_init
    main.o(i.main) refers to noretval__2printf.o(.text) for __2printf
    main.o(i.main) refers to ml_delay.o(i.delay_ms) for delay_ms
    isr.o(i.ADC14_IRQHandler) refers to ml_adc.o(.data) for ADC_14
    isr.o(i.EUSCIA0_IRQHandler) refers to ml_uart.o(i.uart_getbyte) for uart_getbyte
    isr.o(i.EUSCIA0_IRQHandler) refers to ml_uart.o(i.uart_sendbyte) for uart_sendbyte
    isr.o(i.EUSCIA0_IRQHandler) refers to isr.o(.data) for rec_data
    startup_msp432p401r_uvision.o(STACK) refers (Special) to heapauxi.o(.text) for __use_two_region_memory
    startup_msp432p401r_uvision.o(HEAP) refers (Special) to heapauxi.o(.text) for __use_two_region_memory
    startup_msp432p401r_uvision.o(RESET) refers (Special) to heapauxi.o(.text) for __use_two_region_memory
    startup_msp432p401r_uvision.o(RESET) refers to startup_msp432p401r_uvision.o(STACK) for __initial_sp
    startup_msp432p401r_uvision.o(RESET) refers to startup_msp432p401r_uvision.o(.text) for Reset_Handler
    startup_msp432p401r_uvision.o(RESET) refers to isr.o(i.TA0_N_IRQHandler) for TA0_N_IRQHandler
    startup_msp432p401r_uvision.o(RESET) refers to isr.o(i.TA1_N_IRQHandler) for TA1_N_IRQHandler
    startup_msp432p401r_uvision.o(RESET) refers to isr.o(i.TA2_N_IRQHandler) for TA2_N_IRQHandler
    startup_msp432p401r_uvision.o(RESET) refers to isr.o(i.TA3_N_IRQHandler) for TA3_N_IRQHandler
    startup_msp432p401r_uvision.o(RESET) refers to isr.o(i.EUSCIA0_IRQHandler) for EUSCIA0_IRQHandler
    startup_msp432p401r_uvision.o(RESET) refers to isr.o(i.EUSCIA1_IRQHandler) for EUSCIA1_IRQHandler
    startup_msp432p401r_uvision.o(RESET) refers to isr.o(i.EUSCIA2_IRQHandler) for EUSCIA2_IRQHandler
    startup_msp432p401r_uvision.o(RESET) refers to isr.o(i.EUSCIA3_IRQHandler) for EUSCIA3_IRQHandler
    startup_msp432p401r_uvision.o(RESET) refers to isr.o(i.ADC14_IRQHandler) for ADC14_IRQHandler
    startup_msp432p401r_uvision.o(RESET) refers to isr.o(i.PORT1_IRQHandler) for PORT1_IRQHandler
    startup_msp432p401r_uvision.o(RESET) refers to isr.o(i.PORT2_IRQHandler) for PORT2_IRQHandler
    startup_msp432p401r_uvision.o(RESET) refers to isr.o(i.PORT3_IRQHandler) for PORT3_IRQHandler
    startup_msp432p401r_uvision.o(RESET) refers to isr.o(i.PORT4_IRQHandler) for PORT4_IRQHandler
    startup_msp432p401r_uvision.o(RESET) refers to isr.o(i.PORT5_IRQHandler) for PORT5_IRQHandler
    startup_msp432p401r_uvision.o(RESET) refers to isr.o(i.PORT6_IRQHandler) for PORT6_IRQHandler
    startup_msp432p401r_uvision.o(.text) refers (Special) to heapauxi.o(.text) for __use_two_region_memory
    startup_msp432p401r_uvision.o(.text) refers to system_msp432p401r.o(i.SystemInit) for SystemInit
    startup_msp432p401r_uvision.o(.text) refers to __main.o(!!!main) for __main
    startup_msp432p401r_uvision.o(.text) refers to startup_msp432p401r_uvision.o(HEAP) for Heap_Mem
    startup_msp432p401r_uvision.o(.text) refers to startup_msp432p401r_uvision.o(STACK) for Stack_Mem
    system_msp432p401r.o(i.SystemCoreClockUpdate) refers to system_msp432p401r.o(.data) for SystemCoreClock
    interrupt.o(i.Interrupt_disableInterrupt) refers to interrupt.o(.constdata) for g_pulDisRegs
    interrupt.o(i.Interrupt_disableMaster) refers to cpu.o(.emb_text) for CPU_cpsid
    interrupt.o(i.Interrupt_enableInterrupt) refers to interrupt.o(.constdata) for g_pulEnRegs
    interrupt.o(i.Interrupt_enableMaster) refers to cpu.o(.emb_text) for CPU_cpsie
    interrupt.o(i.Interrupt_getPriority) refers to interrupt.o(.constdata) for g_pulRegs
    interrupt.o(i.Interrupt_getPriorityGrouping) refers to interrupt.o(.constdata) for g_pulPriority
    interrupt.o(i.Interrupt_getPriorityMask) refers to cpu.o(.emb_text) for CPU_basepriGet
    interrupt.o(i.Interrupt_isEnabled) refers to interrupt.o(.constdata) for g_pulEnRegs
    interrupt.o(i.Interrupt_pendInterrupt) refers to interrupt.o(.constdata) for g_pulPendRegs
    interrupt.o(i.Interrupt_registerInterrupt) refers to interrupt.o(vtable) for g_pfnRAMVectors
    interrupt.o(i.Interrupt_setPriority) refers to interrupt.o(.constdata) for g_pulRegs
    interrupt.o(i.Interrupt_setPriorityGrouping) refers to interrupt.o(.constdata) for g_pulPriority
    interrupt.o(i.Interrupt_setPriorityMask) refers to cpu.o(.emb_text) for CPU_basepriSet
[...]
    pow.o(i.__hardfp_pow) refers to dunder.o(i.__mathlib_dbl_overflow) for __mathlib_dbl_overflow
    pow.o(i.__hardfp_pow) refers to ddiv.o(x$fpl$ddiv) for __aeabi_ddiv
    pow.o(i.__hardfp_pow) refers to sqrt.o(i.sqrt) for sqrt
    pow.o(i.__hardfp_pow) refers to fabs.o(i.fabs) for fabs
    pow.o(i.__hardfp_pow) refers to dflt_clz.o(x$fpl$dflt) for __aeabi_i2d
    pow.o(i.__hardfp_pow) refers to dunder.o(i.__mathlib_dbl_invalid) for __mathlib_dbl_invalid
    pow.o(i.__hardfp_pow) refers to dmul.o(x$fpl$dmul) for __aeabi_dmul
    pow.o(i.__hardfp_pow) refers to dunder.o(i.__mathlib_dbl_underflow) for __mathlib_dbl_underflow
    pow.o(i.__hardfp_pow) refers to daddsub_clz.o(x$fpl$dsub) for __aeabi_dsub
    pow.o(i.__hardfp_pow) refers to daddsub_clz.o(x$fpl$drsb) for __aeabi_drsub
    pow.o(i.__hardfp_pow) refers to qnan.o(.constdata) for __mathlib_zero
    pow.o(i.__hardfp_pow) refers to daddsub_clz.o(x$fpl$dadd) for __aeabi_dadd
    pow.o(i.__hardfp_pow) refers to poly.o(i.__kernel_poly) for __kernel_poly
    pow.o(i.__hardfp_pow) refers to pow.o(.constdata) for .constdata
    pow.o(i.__hardfp_pow) refers to drleqf.o(x$fpl$drleqf) for __aeabi_cdrcmple
    pow.o(i.__hardfp_pow) refers to scalbn.o(x$fpl$scalbn) for __ARM_scalbn
    pow.o(i.__hardfp_pow) refers to fpclassify.o(i.__ARM_fpclassify) for __ARM_fpclassify
    pow.o(i.__softfp_pow) refers (Special) to usenofp.o(x$fpl$usenofp) for __I$use$fp
    pow.o(i.__softfp_pow) refers to pow.o(i.__hardfp_pow) for __hardfp_pow
    pow.o(i.pow) refers (Special) to usenofp.o(x$fpl$usenofp) for __I$use$fp
    pow.o(i.pow) refers to pow.o(i.__hardfp_pow) for __hardfp_pow
    pow.o(.constdata) refers (Special) to usenofp.o(x$fpl$usenofp) for __I$use$fp
    pow_x.o(i.____hardfp_pow$lsc) refers (Special) to usenofp.o(x$fpl$usenofp) for __I$use$fp
    pow_x.o(i.____hardfp_pow$lsc) refers to dunder.o(i.__mathlib_dbl_infnan2) for __mathlib_dbl_infnan2
    pow_x.o(i.____hardfp_pow$lsc) refers to _rserrno.o(.text) for __set_errno
    pow_x.o(i.____hardfp_pow$lsc) refers to basic.o(x$fpl$basic) for __aeabi_dneg
    pow_x.o(i.____hardfp_pow$lsc) refers to ddiv.o(x$fpl$ddiv) for __aeabi_ddiv
    pow_x.o(i.____hardfp_pow$lsc) refers to sqrt.o(i.sqrt) for sqrt
    pow_x.o(i.____hardfp_pow$lsc) refers to fabs.o(i.fabs) for fabs
    pow_x.o(i.____hardfp_pow$lsc) refers to dflt_clz.o(x$fpl$dflt) for __aeabi_i2d
    pow_x.o(i.____hardfp_pow$lsc) refers to dmul.o(x$fpl$dmul) for __aeabi_dmul
    pow_x.o(i.____hardfp_pow$lsc) refers to daddsub_clz.o(x$fpl$dsub) for __aeabi_dsub
    pow_x.o(i.____hardfp_pow$lsc) refers to daddsub_clz.o(x$fpl$drsb) for __aeabi_drsub
    pow_x.o(i.____hardfp_pow$lsc) refers to qnan.o(.constdata) for __mathlib_zero
    pow_x.o(i.____hardfp_pow$lsc) refers to daddsub_clz.o(x$fpl$dadd) for __aeabi_dadd
    pow_x.o(i.____hardfp_pow$lsc) refers to poly.o(i.__kernel_poly) for __kernel_poly
    pow_x.o(i.____hardfp_pow$lsc) refers to pow_x.o(.constdata) for .constdata
    pow_x.o(i.____hardfp_pow$lsc) refers to drleqf.o(x$fpl$drleqf) for __aeabi_cdrcmple
    pow_x.o(i.____hardfp_pow$lsc) refers to scalbn.o(x$fpl$scalbn) for __ARM_scalbn
    pow_x.o(i.____softfp_pow$lsc) refers (Special) to usenofp.o(x$fpl$usenofp) for __I$use$fp
    pow_x.o(i.____softfp_pow$lsc) refers to pow_x.o(i.____hardfp_pow$lsc) for ____hardfp_pow$lsc
    pow_x.o(i.__pow$lsc) refers (Special) to usenofp.o(x$fpl$usenofp) for __I$use$fp
    pow_x.o(i.__pow$lsc) refers to pow_x.o(i.____hardfp_pow$lsc) for ____hardfp_pow$lsc
    pow_x.o(.constdata) refers (Special) to usenofp.o(x$fpl$usenofp) for __I$use$fp
    __rtentry.o(.ARM.Collect$$rtentry$$00000000) refers (Special) to __rtentry2.o(.ARM.Collect$$rtentry$$0000000A) for __rt_entry_li
    __rtentry.o(.ARM.Collect$$rtentry$$00000000) refers (Special) to __rtentry2.o(.ARM.Collect$$rtentry$$0000000D) for __rt_entry_main
    __rtentry.o(.ARM.Collect$$rtentry$$00000000) refers (Special) to __rtentry2.o(.ARM.Collect$$rtentry$$0000000C) for __rt_entry_postli_1
    __rtentry.o(.ARM.Collect$$rtentry$$00000000) refers (Special) to __rtentry2.o(.ARM.Collect$$rtentry$$00000009) for __rt_entry_postsh_1
    __rtentry.o(.ARM.Collect$$rtentry$$00000000) refers (Special) to __rtentry2.o(.ARM.Collect$$rtentry$$00000002) for __rt_entry_presh_1
    __rtentry.o(.ARM.Collect$$rtentry$$00000000) refers (Special) to __rtentry4.o(.ARM.Collect$$rtentry$$00000004) for __rt_entry_sh
    _rserrno.o(.text) refers to rt_errno_addr_intlibspace.o(.text) for __aeabi_errno_addr
    _printf_char_file.o(.text) refers to _printf_char_common.o(.text) for _printf_char_common
    _printf_char_file.o(.text) refers to ferror.o(.text) for ferror
    _printf_char_file.o(.text) refers to ml_uart.o(i.fputc) for fputc
    basic.o(x$fpl$basic) refers (Special) to usenofp.o(x$fpl$usenofp) for __I$use$fp
    daddsub_clz.o(x$fpl$dadd) refers (Special) to usenofp.o(x$fpl$usenofp) for __I$use$fp
    daddsub_clz.o(x$fpl$dadd) refers to daddsub_clz.o(x$fpl$dsub) for _dsub1
    daddsub_clz.o(x$fpl$dadd) refers to dretinf.o(x$fpl$dretinf) for __fpl_dretinf
    daddsub_clz.o(x$fpl$dadd) refers to dnaninf.o(x$fpl$dnaninf) for __fpl_dnaninf
    daddsub_clz.o(x$fpl$drsb) refers (Special) to usenofp.o(x$fpl$usenofp) for __I$use$fp
    daddsub_clz.o(x$fpl$drsb) refers to daddsub_clz.o(x$fpl$dadd) for _dadd1
    daddsub_clz.o(x$fpl$drsb) refers to daddsub_clz.o(x$fpl$dsub) for _dsub1
    daddsub_clz.o(x$fpl$dsub) refers (Special) to usenofp.o(x$fpl$usenofp) for __I$use$fp
    daddsub_clz.o(x$fpl$dsub) refers to daddsub_clz.o(x$fpl$dadd) for _dadd1
    daddsub_clz.o(x$fpl$dsub) refers to dnaninf.o(x$fpl$dnaninf) for __fpl_dnaninf
    ddiv.o(x$fpl$drdiv) refers (Special) to usenofp.o(x$fpl$usenofp) for __I$use$fp
    ddiv.o(x$fpl$drdiv) refers to ddiv.o(x$fpl$ddiv) for ddiv_entry
    ddiv.o(x$fpl$ddiv) refers (Special) to usenofp.o(x$fpl$usenofp) for __I$use$fp
    ddiv.o(x$fpl$ddiv) refers to dretinf.o(x$fpl$dretinf) for __fpl_dretinf
    ddiv.o(x$fpl$ddiv) refers to dnaninf.o(x$fpl$dnaninf) for __fpl_dnaninf
    dnaninf.o(x$fpl$dnaninf) refers (Special) to usenofp.o(x$fpl$usenofp) for __I$use$fp
    dretinf.o(x$fpl$dretinf) refers (Special) to usenofp.o(x$fpl$usenofp) for __I$use$fp
    drleqf.o(x$fpl$drleqf) refers (Special) to usenofp.o(x$fpl$usenofp) for __I$use$fp
    drleqf.o(x$fpl$drleqf) refers to dleqf.o(x$fpl$dleqf) for __fpl_dcmple_InfNaN
    fnaninf.o(x$fpl$fnaninf) refers (Special) to usenofp.o(x$fpl$usenofp) for __I$use$fp
    scalbn.o(x$fpl$scalbn) refers (Special) to usenofp.o(x$fpl$usenofp) for __I$use$fp
    scalbn.o(x$fpl$scalbn) refers to dcheck1.o(x$fpl$dcheck1) for __fpl_dcheck_NaN1
    dunder.o(i.__mathlib_dbl_divzero) refers to ddiv.o(x$fpl$ddiv) for __aeabi_ddiv
    dunder.o(i.__mathlib_dbl_infnan) refers to daddsub_clz.o(x$fpl$dadd) for __aeabi_dadd
    dunder.o(i.__mathlib_dbl_infnan2) refers to daddsub_clz.o(x$fpl$dadd) for __aeabi_dadd
    dunder.o(i.__mathlib_dbl_invalid) refers to ddiv.o(x$fpl$ddiv) for __aeabi_ddiv
    dunder.o(i.__mathlib_dbl_overflow) refers to dmul.o(x$fpl$dmul) for __aeabi_dmul
    dunder.o(i.__mathlib_dbl_posinfnan) refers to dmul.o(x$fpl$dmul) for __aeabi_dmul
    dunder.o(i.__mathlib_dbl_underflow) refers to dmul.o(x$fpl$dmul) for __aeabi_dmul
    fabs.o(i.__hardfp_fabs) refers (Special) to usenofp.o(x$fpl$usenofp) for __I$use$fp
    fabs.o(i.__softfp_fabs) refers (Special) to usenofp.o(x$fpl$usenofp) for __I$use$fp
    fabs.o(i.fabs) refers (Special) to usenofp.o(x$fpl$usenofp) for __I$use$fp
    fpclassify.o(i.__ARM_fpclassify) refers (Special) to usenofp.o(x$fpl$usenofp) for __I$use$fp
    poly.o(i.__kernel_poly) refers (Special) to usenofp.o(x$fpl$usenofp) for __I$use$fp
    poly.o(i.__kernel_poly) refers to dmul.o(x$fpl$dmul) for __aeabi_dmul
    poly.o(i.__kernel_poly) refers to daddsub_clz.o(x$fpl$dadd) for __aeabi_dadd
    qnan.o(.constdata) refers (Special) to usenofp.o(x$fpl$usenofp) for __I$use$fp
    sqrt.o(i.__hardfp_sqrt) refers (Special) to usenofp.o(x$fpl$usenofp) for __I$use$fp
    sqrt.o(i.__hardfp_sqrt) refers to dsqrt_umaal.o(x$fpl$dsqrt) for _dsqrt
    sqrt.o(i.__hardfp_sqrt) refers to _rserrno.o(.text) for __set_errno
    sqrt.o(i.__softfp_sqrt) refers (Special) to usenofp.o(x$fpl$usenofp) for __I$use$fp
    sqrt.o(i.__softfp_sqrt) refers to dsqrt_umaal.o(x$fpl$dsqrt) for _dsqrt
    sqrt.o(i.__softfp_sqrt) refers to _rserrno.o(.text) for __set_errno
    sqrt.o(i.sqrt) refers (Special) to usenofp.o(x$fpl$usenofp) for __I$use$fp
    sqrt.o(i.sqrt) refers to dsqrt_umaal.o(x$fpl$dsqrt) for _dsqrt
    sqrt.o(i.sqrt) refers to _rserrno.o(.text) for __set_errno
    sqrt_x.o(i.____hardfp_sqrt$lsc) refers (Special) to usenofp.o(x$fpl$usenofp) for __I$use$fp
    sqrt_x.o(i.____hardfp_sqrt$lsc) refers to dleqf.o(x$fpl$dleqf) for __aeabi_cdcmple
    sqrt_x.o(i.____hardfp_sqrt$lsc) refers to _rserrno.o(.text) for __set_errno
    sqrt_x.o(i.____hardfp_sqrt$lsc) refers to dsqrt_umaal.o(x$fpl$dsqrt) for _dsqrt
    sqrt_x.o(i.____softfp_sqrt$lsc) refers (Special) to usenofp.o(x$fpl$usenofp) for __I$use$fp
    sqrt_x.o(i.____softfp_sqrt$lsc) refers to dleqf.o(x$fpl$dleqf) for __aeabi_cdcmple
    sqrt_x.o(i.____softfp_sqrt$lsc) refers to _rserrno.o(.text) for __set_errno
    sqrt_x.o(i.____softfp_sqrt$lsc) refers to dsqrt_umaal.o(x$fpl$dsqrt) for _dsqrt
    sqrt_x.o(i.__sqrt$lsc) refers (Special) to usenofp.o(x$fpl$usenofp) for __I$use$fp
    sqrt_x.o(i.__sqrt$lsc) refers to dleqf.o(x$fpl$dleqf) for __aeabi_cdcmple
    sqrt_x.o(i.__sqrt$lsc) refers to _rserrno.o(.text) for __set_errno
    sqrt_x.o(i.__sqrt$lsc) refers to dsqrt_umaal.o(x$fpl$dsqrt) for _dsqrt
    __rtentry2.o(.ARM.Collect$$rtentry$$00000008) refers to boardinit2.o(.text) for _platform_post_stackheap_init
    __rtentry2.o(.ARM.Collect$$rtentry$$0000000A) refers to libinit.o(.ARM.Collect$$libinit$$00000000) for __rt_lib_init
    __rtentry2.o(.ARM.Collect$$rtentry$$0000000B) refers to boardinit3.o(.text) for _platform_post_lib_init
    __rtentry2.o(.ARM.Collect$$rtentry$$0000000D) refers to main.o(i.main) for main
    __rtentry2.o(.ARM.Collect$$rtentry$$0000000D) refers to exit.o(.text) for exit
    __rtentry2.o(.ARM.exidx) refers to __rtentry2.o(.ARM.Collect$$rtentry$$00000001) for .ARM.Collect$$rtentry$$00000001
    __rtentry2.o(.ARM.exidx) refers to __rtentry2.o(.ARM.Collect$$rtentry$$00000008) for .ARM.Collect$$rtentry$$00000008
    __rtentry2.o(.ARM.exidx) refers to __rtentry2.o(.ARM.Collect$$rtentry$$0000000A) for .ARM.Collect$$rtentry$$0000000A
    __rtentry2.o(.ARM.exidx) refers to __rtentry2.o(.ARM.Collect$$rtentry$$0000000B) for .ARM.Collect$$rtentry$$0000000B
    __rtentry2.o(.ARM.exidx) refers to __rtentry2.o(.ARM.Collect$$rtentry$$0000000D) for .ARM.Collect$$rtentry$$0000000D
    __rtentry4.o(.ARM.Collect$$rtentry$$00000004) refers to sys_stackheap_outer.o(.text) for __user_setup_stackheap
    __rtentry4.o(.ARM.exidx) refers to __rtentry4.o(.ARM.Collect$$rtentry$$00000004) for .ARM.Collect$$rtentry$$00000004
    rt_errno_addr.o(.text) refers to rt_errno_addr.o(.bss) for __aeabi_errno_addr_data
    rt_errno_addr_intlibspace.o(.text) refers to libspace.o(.bss) for __libspace_start
    _printf_char_common.o(.text) refers to __printf.o(.text) for __printf
    dcheck1.o(x$fpl$dcheck1) refers (Special) to usenofp.o(x$fpl$usenofp) for __I$use$fp
    dcheck1.o(x$fpl$dcheck1) refers to retnan.o(x$fpl$retnan) for __fpl_return_NaN
    dleqf.o(x$fpl$dleqf) refers (Special) to usenofp.o(x$fpl$usenofp) for __I$use$fp
    dleqf.o(x$fpl$dleqf) refers to dnaninf.o(x$fpl$dnaninf) for __fpl_dnaninf
    dleqf.o(x$fpl$dleqf) refers to dcmpi.o(x$fpl$dcmpinf) for __fpl_dcmp_Inf
    dsqrt_umaal.o(x$fpl$dsqrt) refers (Special) to usenofp.o(x$fpl$usenofp) for __I$use$fp
    dsqrt_umaal.o(x$fpl$dsqrt) refers to dnaninf.o(x$fpl$dnaninf) for __fpl_dnaninf
    libspace.o(.text) refers to libspace.o(.bss) for __libspace_start
    sys_stackheap_outer.o(.text) refers to libspace.o(.text) for __user_perproc_libspace
    sys_stackheap_outer.o(.text) refers to startup_msp432p401r_uvision.o(.text) for __user_initial_stackheap
    exit.o(.text) refers to rtexit.o(.ARM.Collect$$rtexit$$00000000) for __rt_exit
    libinit.o(.ARM.Collect$$libinit$$00000000) refers (Special) to libinit2.o(.ARM.Collect$$libinit$$0000002E) for __rt_lib_init_alloca_1
    libinit.o(.ARM.Collect$$libinit$$00000000) refers (Special) to libinit2.o(.ARM.Collect$$libinit$$0000002C) for __rt_lib_init_argv_1
    libinit.o(.ARM.Collect$$libinit$$00000000) refers (Special) to libinit2.o(.ARM.Collect$$libinit$$0000001B) for __rt_lib_init_atexit_1
    libinit.o(.ARM.Collect$$libinit$$00000000) refers (Special) to libinit2.o(.ARM.Collect$$libinit$$00000021) for __rt_lib_init_clock_1
    libinit.o(.ARM.Collect$$libinit$$00000000) refers (Special) to libinit2.o(.ARM.Collect$$libinit$$00000032) for __rt_lib_init_cpp_1
    libinit.o(.ARM.Collect$$libinit$$00000000) refers (Special) to libinit2.o(.ARM.Collect$$libinit$$00000030) for __rt_lib_init_exceptions_1
    libinit.o(.ARM.Collect$$libinit$$00000000) refers (Special) to libinit2.o(.ARM.Collect$$libinit$$00000001) for __rt_lib_init_fp_1
    libinit.o(.ARM.Collect$$libinit$$00000000) refers (Special) to libinit2.o(.ARM.Collect$$libinit$$0000001F) for __rt_lib_init_fp_trap_1
    libinit.o(.ARM.Collect$$libinit$$00000000) refers (Special) to libinit2.o(.ARM.Collect$$libinit$$00000023) for __rt_lib_init_getenv_1
    libinit.o(.ARM.Collect$$libinit$$00000000) refers (Special) to libinit2.o(.ARM.Collect$$libinit$$0000000A) for __rt_lib_init_heap_1
    libinit.o(.ARM.Collect$$libinit$$00000000) refers (Special) to libinit2.o(.ARM.Collect$$libinit$$00000011) for __rt_lib_init_lc_collate_1
    libinit.o(.ARM.Collect$$libinit$$00000000) refers (Special) to libinit2.o(.ARM.Collect$$libinit$$00000013) for __rt_lib_init_lc_ctype_1
    libinit.o(.ARM.Collect$$libinit$$00000000) refers (Special) to libinit2.o(.ARM.Collect$$libinit$$00000015) for __rt_lib_init_lc_monetary_1
    libinit.o(.ARM.Collect$$libinit$$00000000) refers (Special) to libinit2.o(.ARM.Collect$$libinit$$00000017) for __rt_lib_init_lc_numeric_1
    libinit.o(.ARM.Collect$$libinit$$00000000) refers (Special) to libinit2.o(.ARM.Collect$$libinit$$00000019) for __rt_lib_init_lc_time_1
    libinit.o(.ARM.Collect$$libinit$$00000000) refers (Special) to libinit2.o(.ARM.Collect$$libinit$$00000004) for __rt_lib_init_preinit_1
    libinit.o(.ARM.Collect$$libinit$$00000000) refers (Special) to libinit2.o(.ARM.Collect$$libinit$$0000000E) for __rt_lib_init_rand_1
    libinit.o(.ARM.Collect$$libinit$$00000000) refers (Special) to libinit2.o(.ARM.Collect$$libinit$$00000033) for __rt_lib_init_return
    libinit.o(.ARM.Collect$$libinit$$00000000) refers (Special) to libinit2.o(.ARM.Collect$$libinit$$0000001D) for __rt_lib_init_signal_1
    libinit.o(.ARM.Collect$$libinit$$00000000) refers (Special) to libinit2.o(.ARM.Collect$$libinit$$00000025) for __rt_lib_init_stdio_1
    libinit.o(.ARM.Collect$$libinit$$00000000) refers (Special) to libinit2.o(.ARM.Collect$$libinit$$0000000C) for __rt_lib_init_user_alloc_1
    dcmpi.o(x$fpl$dcmpinf) refers (Special) to usenofp.o(x$fpl$usenofp) for __I$use$fp
    retnan.o(x$fpl$retnan) refers (Special) to usenofp.o(x$fpl$usenofp) for __I$use$fp
    retnan.o(x$fpl$retnan) refers to trapv.o(x$fpl$trapveneer) for __fpl_cmpreturn
    rtexit.o(.ARM.Collect$$rtexit$$00000000) refers (Special) to rtexit2.o(.ARM.Collect$$rtexit$$00000004) for __rt_exit_exit
    rtexit.o(.ARM.Collect$$rtexit$$00000000) refers (Special) to rtexit2.o(.ARM.Collect$$rtexit$$00000003) for __rt_exit_ls
    rtexit.o(.ARM.Collect$$rtexit$$00000000) refers (Special) to rtexit2.o(.ARM.Collect$$rtexit$$00000002) for __rt_exit_prels_1
    rtexit.o(.ARM.exidx) refers (Special) to rtexit2.o(.ARM.Collect$$rtexit$$00000004) for __rt_exit_exit
    rtexit.o(.ARM.exidx) refers (Special) to rtexit2.o(.ARM.Collect$$rtexit$$00000003) for __rt_exit_ls
    rtexit.o(.ARM.exidx) refers (Special) to rtexit2.o(.ARM.Collect$$rtexit$$00000002) for __rt_exit_prels_1
    rtexit.o(.ARM.exidx) refers to rtexit.o(.ARM.Collect$$rtexit$$00000000) for .ARM.Collect$$rtexit$$00000000
    libinit2.o(.ARM.Collect$$libinit$$00000001) refers to fpinit.o(x$fpl$fpinit) for _fp_init
    libinit2.o(.ARM.Collect$$libinit$$00000010) refers to libinit2.o(.ARM.Collect$$libinit$$0000000F) for .ARM.Collect$$libinit$$0000000F
    libinit2.o(.ARM.Collect$$libinit$$00000012) refers to libinit2.o(.ARM.Collect$$libinit$$0000000F) for .ARM.Collect$$libinit$$0000000F
    libinit2.o(.ARM.Collect$$libinit$$00000014) refers to libinit2.o(.ARM.Collect$$libinit$$0000000F) for .ARM.Collect$$libinit$$0000000F
    libinit2.o(.ARM.Collect$$libinit$$00000016) refers to libinit2.o(.ARM.Collect$$libinit$$0000000F) for .ARM.Collect$$libinit$$0000000F
    libinit2.o(.ARM.Collect$$libinit$$00000018) refers to libinit2.o(.ARM.Collect$$libinit$$0000000F) for .ARM.Collect$$libinit$$0000000F
    libinit2.o(.ARM.Collect$$libinit$$00000026) refers to argv_veneer.o(.emb_text) for __ARM_argv_veneer
    libinit2.o(.ARM.Collect$$libinit$$00000027) refers to argv_veneer.o(.emb_text) for __ARM_argv_veneer
    trapv.o(x$fpl$trapveneer) refers (Special) to usenofp.o(x$fpl$usenofp) for __I$use$fp
    rtexit2.o(.ARM.Collect$$rtexit$$00000003) refers to libshutdown.o(.ARM.Collect$$libshutdown$$00000000) for __rt_lib_shutdown
    rtexit2.o(.ARM.Collect$$rtexit$$00000004) refers to ml_uart.o(i._sys_exit) for _sys_exit
    rtexit2.o(.ARM.exidx) refers to rtexit2.o(.ARM.Collect$$rtexit$$00000001) for .ARM.Collect$$rtexit$$00000001
    rtexit2.o(.ARM.exidx) refers to rtexit2.o(.ARM.Collect$$rtexit$$00000003) for .ARM.Collect$$rtexit$$00000003
    rtexit2.o(.ARM.exidx) refers to rtexit2.o(.ARM.Collect$$rtexit$$00000004) for .ARM.Collect$$rtexit$$00000004
    argv_veneer.o(.emb_text) refers to no_argv.o(.text) for __ARM_get_argv
    _get_argv_nomalloc.o(.text) refers (Special) to hrguard.o(.text) for __heap_region$guard
    _get_argv_nomalloc.o(.text) refers to defsig_rtmem_outer.o(.text) for __rt_SIGRTMEM
    _get_argv_nomalloc.o(.text) refers to sys_command.o(.text) for _sys_command_string
    libshutdown.o(.ARM.Collect$$libshutdown$$00000000) refers (Special) to libshutdown2.o(.ARM.Collect$$libshutdown$$00000002) for __rt_lib_shutdown_cpp_1
    libshutdown.o(.ARM.Collect$$libshutdown$$00000000) refers (Special) to libshutdown2.o(.ARM.Collect$$libshutdown$$00000007) for __rt_lib_shutdown_fp_trap_1
    libshutdown.o(.ARM.Collect$$libshutdown$$00000000) refers (Special) to libshutdown2.o(.ARM.Collect$$libshutdown$$0000000F) for __rt_lib_shutdown_heap_1
    libshutdown.o(.ARM.Collect$$libshutdown$$00000000) refers (Special) to libshutdown2.o(.ARM.Collect$$libshutdown$$00000010) for __rt_lib_shutdown_return
    libshutdown.o(.ARM.Collect$$libshutdown$$00000000) refers (Special) to libshutdown2.o(.ARM.Collect$$libshutdown$$0000000A) for __rt_lib_shutdown_signal_1
    libshutdown.o(.ARM.Collect$$libshutdown$$00000000) refers (Special) to libshutdown2.o(.ARM.Collect$$libshutdown$$00000004) for __rt_lib_shutdown_stdio_1
    libshutdown.o(.ARM.Collect$$libshutdown$$00000000) refers (Special) to libshutdown2.o(.ARM.Collect$$libshutdown$$0000000C) for __rt_lib_shutdown_user_alloc_1
    sys_command.o(.text) refers (Special) to use_no_semi.o(.text) for __I$use$semihosting
    sys_command.o(.text) refers (Special) to indicate_semi.o(.text) for __semihosting_library_function
    defsig_rtmem_outer.o(.text) refers to defsig_rtmem_inner.o(.text) for __rt_SIGRTMEM_inner
    defsig_rtmem_outer.o(.text) refers to defsig_exit.o(.text) for __sig_exit
    defsig_rtmem_formal.o(.text) refers to rt_raise.o(.text) for __rt_raise
    rt_raise.o(.text) refers to __raise.o(.text) for __raise
    rt_raise.o(.text) refers to ml_uart.o(i._sys_exit) for _sys_exit
    defsig_exit.o(.text) refers to ml_uart.o(i._sys_exit) for _sys_exit
    defsig_rtmem_inner.o(.text) refers to defsig_general.o(.text) for __default_signal_display
    __raise.o(.text) refers to defsig.o(CL$$defsig) for __default_signal_handler
    defsig_general.o(.text) refers to sys_wrch.o(.text) for _ttywrch
    sys_wrch.o(.text) refers (Special) to use_no_semi.o(.text) for __I$use$semihosting
    sys_wrch.o(.text) refers (Special) to indicate_semi.o(.text) for __semihosting_library_function
    defsig.o(CL$$defsig) refers to defsig_rtmem_inner.o(.text) for __rt_SIGRTMEM_inner
    defsig_abrt_inner.o(.text) refers to defsig_general.o(.text) for __default_signal_display
    defsig_fpe_inner.o(.text) refers to defsig_general.o(.text) for __default_signal_display
    defsig_rtred_inner.o(.text) refers to defsig_general.o(.text) for __default_signal_display
    defsig_stak_inner.o(.text) refers to defsig_general.o(.text) for __default_signal_display
    defsig_pvfn_inner.o(.text) refers to defsig_general.o(.text) for __default_signal_display
    defsig_cppl_inner.o(.text) refers to defsig_general.o(.text) for __default_signal_display
    defsig_segv_inner.o(.text) refers to defsig_general.o(.text) for __default_signal_display
    defsig_other.o(.text) refers to defsig_general.o(.text) for __default_signal_display


==============================================================================

Removing Unused input sections from the image.

    Removing main.o(.rev16_text), (4 bytes).
    Removing main.o(.revsh_text), (4 bytes).
    Removing main.o(.rrx_text), (6 bytes).
    Removing isr.o(.rev16_text), (4 bytes).
    Removing isr.o(.revsh_text), (4 bytes).
    Removing isr.o(.rrx_text), (6 bytes).
    Removing system_msp432p401r.o(.rev16_text), (4 bytes).
    Removing system_msp432p401r.o(.revsh_text), (4 bytes).
    Removing system_msp432p401r.o(.rrx_text), (6 bytes).
    Removing system_msp432p401r.o(i.SystemCoreClockUpdate), (628 bytes).
    Removing system_msp432p401r.o(.data), (4 bytes).
    Removing interrupt.o(.rev16_text), (4 bytes).
    Removing interrupt.o(.revsh_text), (4 bytes).
    Removing interrupt.o(.rrx_text), (6 bytes).
    Removing interrupt.o(i.IntDefaultHandler), (4 bytes).
    Removing interrupt.o(i.Interrupt_disableInterrupt), (116 bytes).
    Removing interrupt.o(i.Interrupt_disableMaster), (16 bytes).
    Removing interrupt.o(i.Interrupt_disableSleepOnIsrExit), (20 bytes).
    Removing interrupt.o(i.Interrupt_enableSleepOnIsrExit), (20 bytes).
    Removing interrupt.o(i.Interrupt_getPriority), (28 bytes).
    Removing interrupt.o(i.Interrupt_getPriorityGrouping), (44 bytes).
    Removing interrupt.o(i.Interrupt_getPriorityMask), (10 bytes).
    Removing interrupt.o(i.Interrupt_getVectorTableAddress), (12 bytes).
    Removing interrupt.o(i.Interrupt_isEnabled), (116 bytes).
    Removing interrupt.o(i.Interrupt_pendInterrupt), (96 bytes).
    Removing interrupt.o(i.Interrupt_registerInterrupt), (60 bytes).
    Removing interrupt.o(i.Interrupt_setPriority), (52 bytes).
    Removing interrupt.o(i.Interrupt_setPriorityGrouping), (28 bytes).
    Removing interrupt.o(i.Interrupt_setPriorityMask), (12 bytes).
    Removing interrupt.o(i.Interrupt_setVectorTableAddress), (12 bytes).
    Removing interrupt.o(i.Interrupt_unpendInterrupt), (76 bytes).
    Removing interrupt.o(i.Interrupt_unregisterInterrupt), (20 bytes).
    Removing interrupt.o(vtable), (228 bytes).
    Removing ml_gpio.o(.rev16_text), (4 bytes).
    Removing ml_gpio.o(.revsh_text), (4 bytes).
    Removing ml_gpio.o(.rrx_text), (6 bytes).
    Removing ml_gpio.o(i.gpio_get), (84 bytes).
    Removing ml_delay.o(.rev16_text), (4 bytes).
    Removing ml_delay.o(.revsh_text), (4 bytes).
    Removing ml_delay.o(.rrx_text), (6 bytes).
    Removing ml_oled.o(.rev16_text), (4 bytes).
    Removing ml_oled.o(.revsh_text), (4 bytes).
    Removing ml_oled.o(.rrx_text), (6 bytes).
    Removing ml_oled.o(i.OLED_DrawBMP), (116 bytes).
    Removing ml_oled.o(i.OLED_Pow), (20 bytes).
    Removing ml_oled.o(i.OLED_ShowBinNum), (62 bytes).
    Removing ml_oled.o(i.OLED_ShowChar), (116 bytes).
    Removing ml_oled.o(i.OLED_ShowFloat), (168 bytes).
    Removing ml_oled.o(i.OLED_ShowHexNum), (84 bytes).
    Removing ml_oled.o(i.OLED_ShowNum), (68 bytes).
    Removing ml_oled.o(i.OLED_ShowSignedNum), (102 bytes).
    Removing ml_oled.o(i.OLED_ShowString), (40 bytes).
    Removing ml_oled.o(.constdata), (1520 bytes).
    Removing ml_tim.o(.rev16_text), (4 bytes).
    Removing ml_tim.o(.revsh_text), (4 bytes).
    Removing ml_tim.o(.rrx_text), (6 bytes).
    Removing ml_tim.o(i.tim_interrupt_ms_init), (164 bytes).
    Removing ml_tim.o(.data), (16 bytes).
    Removing ml_pwm.o(.rev16_text), (4 bytes).
    Removing ml_pwm.o(.revsh_text), (4 bytes).
    Removing ml_pwm.o(.rrx_text), (6 bytes).
    Removing ml_pwm.o(i.pwm_init), (184 bytes).
    Removing ml_pwm.o(i.pwm_pin_init), (360 bytes).
    Removing ml_pwm.o(i.pwm_update), (84 bytes).
    Removing ml_uart.o(.rev16_text), (4 bytes).
    Removing ml_uart.o(.revsh_text), (4 bytes).
    Removing ml_uart.o(.rrx_text), (6 bytes).
    Removing ml_uart.o(i.uart_sendstr), (26 bytes).
    Removing ml_exti.o(.rev16_text), (4 bytes).
    Removing ml_exti.o(.revsh_text), (4 bytes).
    Removing ml_exti.o(.rrx_text), (6 bytes).
    Removing ml_exti.o(i.exti_init), (800 bytes).
    Removing ml_adc.o(.rev16_text), (4 bytes).
    Removing ml_adc.o(.revsh_text), (4 bytes).
    Removing ml_adc.o(.rrx_text), (6 bytes).
    Removing ml_adc.o(i.adc_get), (40 bytes).
    Removing ml_adc.o(i.adc_init), (108 bytes).
    Removing ml_adc.o(i.adc_pin_init), (272 bytes).
    Removing ml_adc.o(i.adc_start), (68 bytes).
    Removing ml_mpu6050.o(.rev16_text), (4 bytes).
    Removing ml_mpu6050.o(.revsh_text), (4 bytes).
    Removing ml_mpu6050.o(.rrx_text), (6 bytes).
    Removing ml_mpu6050.o(i.MPU6050_GetData), (184 bytes).
    Removing ml_mpu6050.o(i.MPU6050_Init), (52 bytes).
    Removing ml_mpu6050.o(i.MPU6050_Read), (64 bytes).
    Removing ml_mpu6050.o(i.MPU6050_Write), (46 bytes).
    Removing ml_mpu6050.o(.data), (12 bytes).
    Removing ml_i2c.o(.rev16_text), (4 bytes).
    Removing ml_i2c.o(.revsh_text), (4 bytes).
    Removing ml_i2c.o(.rrx_text), (6 bytes).
    Removing ml_i2c.o(i.I2C_Init), (44 bytes).
    Removing ml_i2c.o(i.I2C_NotSendAck), (34 bytes).
    Removing ml_i2c.o(i.I2C_ReceiveByte), (64 bytes).
    Removing ml_i2c.o(i.I2C_SendAck), (34 bytes).
    Removing ml_i2c.o(i.I2C_SendByte), (66 bytes).
    Removing ml_i2c.o(i.I2C_Start), (44 bytes).
    Removing ml_i2c.o(i.I2C_Stop), (34 bytes).
    Removing ml_i2c.o(i.I2C_WaitAck), (48 bytes).
    Removing ml_hmc5883l.o(.rev16_text), (4 bytes).
    Removing ml_hmc5883l.o(.revsh_text), (4 bytes).
    Removing ml_hmc5883l.o(.rrx_text), (6 bytes).
    Removing ml_hmc5883l.o(i.HMC5883L_GetData), (96 bytes).
    Removing ml_hmc5883l.o(i.HMC5883L_Init), (28 bytes).
    Removing ml_hmc5883l.o(i.HMC5883L_Read), (64 bytes).
    Removing ml_hmc5883l.o(i.HMC5883L_Write), (46 bytes).
    Removing ml_hmc5883l.o(.data), (6 bytes).
    Removing cpu.o(.rev16_text), (4 bytes).
    Removing cpu.o(.revsh_text), (4 bytes).
    Removing cpu.o(.rrx_text), (6 bytes).

109 unused section(s) (total 7294 bytes) removed from the image.

==============================================================================

Image Symbol Table

    Local Symbols

    Symbol Name                              Value     Ov Type        Size  Object(Section)

    RESET                                    0x00000000   Section      324  startup_msp432p401r_uvision.o(RESET)
    ../clib/angel/boardlib.s                 0x00000000   Number         0  boardshut.o ABSOLUTE
    ../clib/angel/boardlib.s                 0x00000000   Number         0  boardinit1.o ABSOLUTE
    ../clib/angel/boardlib.s                 0x00000000   Number         0  boardinit2.o ABSOLUTE
    ../clib/angel/boardlib.s                 0x00000000   Number         0  boardinit3.o ABSOLUTE
    ../clib/angel/handlers.s                 0x00000000   Number         0  __scatter_zi.o ABSOLUTE
    ../clib/angel/handlers.s                 0x00000000   Number         0  __scatter_copy.o ABSOLUTE
    ../clib/angel/kernel.s                   0x00000000   Number         0  rtexit.o ABSOLUTE
    ../clib/angel/kernel.s                   0x00000000   Number         0  __rtentry4.o ABSOLUTE
    ../clib/angel/kernel.s                   0x00000000   Number         0  rtexit2.o ABSOLUTE
    ../clib/angel/kernel.s                   0x00000000   Number         0  __rtentry.o ABSOLUTE
    ../clib/angel/kernel.s                   0x00000000   Number         0  __rtentry2.o ABSOLUTE
    ../clib/angel/rt.s                       0x00000000   Number         0  rt_errno_addr.o ABSOLUTE
    ../clib/angel/rt.s                       0x00000000   Number         0  rt_raise.o ABSOLUTE
    ../clib/angel/rt.s                       0x00000000   Number         0  rt_errno_addr_intlibspace.o ABSOLUTE
    ../clib/angel/scatter.s                  0x00000000   Number         0  __scatter.o ABSOLUTE
    ../clib/angel/startup.s                  0x00000000   Number         0  __main.o ABSOLUTE
    ../clib/angel/sys.s                      0x00000000   Number         0  sys_stackheap_outer.o ABSOLUTE
    ../clib/angel/sys.s                      0x00000000   Number         0  use_no_semi_2.o ABSOLUTE
    ../clib/angel/sys.s                      0x00000000   Number         0  indicate_semi.o ABSOLUTE
    ../clib/angel/sys.s                      0x00000000   Number         0  use_no_semi.o ABSOLUTE
    ../clib/angel/sys.s                      0x00000000   Number         0  libspace.o ABSOLUTE
    ../clib/angel/sysapp.c                   0x00000000   Number         0  sys_wrch.o ABSOLUTE
    ../clib/angel/sysapp.c                   0x00000000   Number         0  sys_command.o ABSOLUTE
    ../clib/armsys.c                         0x00000000   Number         0  argv_veneer.o ABSOLUTE
    ../clib/armsys.c                         0x00000000   Number         0  _get_argv_nomalloc.o ABSOLUTE
    ../clib/armsys.c                         0x00000000   Number         0  argv_veneer.o ABSOLUTE
    ../clib/armsys.c                         0x00000000   Number         0  no_argv.o ABSOLUTE
    ../clib/fenv.c                           0x00000000   Number         0  _rserrno.o ABSOLUTE
    ../clib/heapalloc.c                      0x00000000   Number         0  hrguard.o ABSOLUTE
    ../clib/heapaux.c                        0x00000000   Number         0  heapauxi.o ABSOLUTE
    ../clib/libinit.s                        0x00000000   Number         0  libshutdown.o ABSOLUTE
    ../clib/libinit.s                        0x00000000   Number         0  libinit.o ABSOLUTE
    ../clib/libinit.s                        0x00000000   Number         0  libinit2.o ABSOLUTE
    ../clib/libinit.s                        0x00000000   Number         0  libshutdown2.o ABSOLUTE
    ../clib/printf.c                         0x00000000   Number         0  __printf_flags_ss.o ABSOLUTE
    ../clib/printf.c                         0x00000000   Number         0  __printf_flags_wp.o ABSOLUTE
    ../clib/printf.c                         0x00000000   Number         0  __printf_wp.o ABSOLUTE
    ../clib/printf.c                         0x00000000   Number         0  _printf_intcommon.o ABSOLUTE
    ../clib/printf.c                         0x00000000   Number         0  __printf_ss_wp.o ABSOLUTE
    ../clib/printf.c                         0x00000000   Number         0  noretval__2printf.o ABSOLUTE
    ../clib/printf.c                         0x00000000   Number         0  _printf_char_common.o ABSOLUTE
    ../clib/printf.c                         0x00000000   Number         0  __printf_flags_ss_wp.o ABSOLUTE
    ../clib/printf.c                         0x00000000   Number         0  _printf_dec.o ABSOLUTE
    ../clib/printf.c                         0x00000000   Number         0  __printf_ss.o ABSOLUTE
    ../clib/printf.c                         0x00000000   Number         0  _printf_char_file.o ABSOLUTE
    ../clib/printf.c                         0x00000000   Number         0  __2printf.o ABSOLUTE
    ../clib/printf.c                         0x00000000   Number         0  __printf.o ABSOLUTE
    ../clib/printf.c                         0x00000000   Number         0  __printf_nopercent.o ABSOLUTE
    ../clib/printf.c                         0x00000000   Number         0  __printf_flags.o ABSOLUTE
    ../clib/printf_percent.s                 0x00000000   Number         0  _printf_d.o ABSOLUTE
    ../clib/printf_percent.s                 0x00000000   Number         0  _printf_percent_end.o ABSOLUTE
    ../clib/printf_percent.s                 0x00000000   Number         0  _printf_percent.o ABSOLUTE
    ../clib/signal.c                         0x00000000   Number         0  defsig_stak_inner.o ABSOLUTE
    ../clib/signal.c                         0x00000000   Number         0  defsig_rtred_inner.o ABSOLUTE
    ../clib/signal.c                         0x00000000   Number         0  defsig_abrt_inner.o ABSOLUTE
    ../clib/signal.c                         0x00000000   Number         0  defsig_general.o ABSOLUTE
    ../clib/signal.c                         0x00000000   Number         0  __raise.o ABSOLUTE
    ../clib/signal.c                         0x00000000   Number         0  defsig_rtmem_inner.o ABSOLUTE
    ../clib/signal.c                         0x00000000   Number         0  defsig_fpe_inner.o ABSOLUTE
    ../clib/signal.c                         0x00000000   Number         0  defsig_exit.o ABSOLUTE
    ../clib/signal.c                         0x00000000   Number         0  defsig_rtmem_formal.o ABSOLUTE
    ../clib/signal.c                         0x00000000   Number         0  defsig_rtmem_outer.o ABSOLUTE
    ../clib/signal.c                         0x00000000   Number         0  defsig_cppl_inner.o ABSOLUTE
    ../clib/signal.c                         0x00000000   Number         0  defsig_segv_inner.o ABSOLUTE
    ../clib/signal.c                         0x00000000   Number         0  defsig_other.o ABSOLUTE
    ../clib/signal.c                         0x00000000   Number         0  defsig_pvfn_inner.o ABSOLUTE
    ../clib/signal.s                         0x00000000   Number         0  defsig.o ABSOLUTE
    ../clib/stdio.c                          0x00000000   Number         0  ferror.o ABSOLUTE
    ../clib/stdio.c                          0x00000000   Number         0  ferror_locked.o ABSOLUTE
    ../clib/stdlib.c                         0x00000000   Number         0  exit.o ABSOLUTE
    ../fplib/basic.s                         0x00000000   Number         0  basic.o ABSOLUTE
    ../fplib/daddsub.s                       0x00000000   Number         0  daddsub_clz.o ABSOLUTE
    ../fplib/dcheck1.s                       0x00000000   Number         0  dcheck1.o ABSOLUTE
    ../fplib/dcmpi.s                         0x00000000   Number         0  dcmpi.o ABSOLUTE
    ../fplib/ddiv.s                          0x00000000   Number         0  ddiv.o ABSOLUTE
    ../fplib/dfix.s                          0x00000000   Number         0  dfix.o ABSOLUTE
    ../fplib/dflt.s                          0x00000000   Number         0  dflt_clz.o ABSOLUTE
    ../fplib/dleqf.s                         0x00000000   Number         0  dleqf.o ABSOLUTE
    ../fplib/dmul.s                          0x00000000   Number         0  dmul.o ABSOLUTE
    ../fplib/dnaninf.s                       0x00000000   Number         0  dnaninf.o ABSOLUTE
    ../fplib/dretinf.s                       0x00000000   Number         0  dretinf.o ABSOLUTE
    ../fplib/drleqf.s                        0x00000000   Number         0  drleqf.o ABSOLUTE
    ../fplib/dsqrt.s                         0x00000000   Number         0  dsqrt_umaal.o ABSOLUTE
    ../fplib/f2d.s                           0x00000000   Number         0  f2d.o ABSOLUTE
    ../fplib/fnaninf.s                       0x00000000   Number         0  fnaninf.o ABSOLUTE
    ../fplib/fpinit.s                        0x00000000   Number         0  fpinit.o ABSOLUTE
    ../fplib/retnan.s                        0x00000000   Number         0  retnan.o ABSOLUTE
    ../fplib/scalbn.s                        0x00000000   Number         0  scalbn.o ABSOLUTE
    ../fplib/trapv.s                         0x00000000   Number         0  trapv.o ABSOLUTE
    ../fplib/usenofp.s                       0x00000000   Number         0  usenofp.o ABSOLUTE
    ../mathlib/dunder.c                      0x00000000   Number         0  dunder.o ABSOLUTE
    ../mathlib/fabs.c                        0x00000000   Number         0  fabs.o ABSOLUTE
    ../mathlib/fpclassify.c                  0x00000000   Number         0  fpclassify.o ABSOLUTE
    ../mathlib/poly.c                        0x00000000   Number         0  poly.o ABSOLUTE
    ../mathlib/pow.c                         0x00000000   Number         0  pow.o ABSOLUTE
    ../mathlib/pow.c                         0x00000000   Number         0  pow_x.o ABSOLUTE
    ../mathlib/qnan.c                        0x00000000   Number         0  qnan.o ABSOLUTE
    ../mathlib/sqrt.c                        0x00000000   Number         0  sqrt_x.o ABSOLUTE
    ../mathlib/sqrt.c                        0x00000000   Number         0  sqrt.o ABSOLUTE
    ..\\ml_libs\\ml_adc.c                    0x00000000   Number         0  ml_adc.o ABSOLUTE
    ..\\ml_libs\\ml_delay.c                  0x00000000   Number         0  ml_delay.o ABSOLUTE
    ..\\ml_libs\\ml_exti.c                   0x00000000   Number         0  ml_exti.o ABSOLUTE
    ..\\ml_libs\\ml_gpio.c                   0x00000000   Number         0  ml_gpio.o ABSOLUTE
    ..\\ml_libs\\ml_hmc5883l.c               0x00000000   Number         0  ml_hmc5883l.o ABSOLUTE
    ..\\ml_libs\\ml_i2c.c                    0x00000000   Number         0  ml_i2c.o ABSOLUTE
    ..\\ml_libs\\ml_mpu6050.c                0x00000000   Number         0  ml_mpu6050.o ABSOLUTE
    ..\\ml_libs\\ml_oled.c                   0x00000000   Number         0  ml_oled.o ABSOLUTE
    ..\\ml_libs\\ml_pwm.c                    0x00000000   Number         0  ml_pwm.o ABSOLUTE
    ..\\ml_libs\\ml_tim.c                    0x00000000   Number         0  ml_tim.o ABSOLUTE
    ..\\ml_libs\\ml_uart.c                   0x00000000   Number         0  ml_uart.o ABSOLUTE
    ..\\sys\\driverlib\\MSP432P4xx\\interrupt.c 0x00000000   Number         0  interrupt.o ABSOLUTE
    ..\\sys\\start_up\\system_msp432p401r.c  0x00000000   Number         0  system_msp432p401r.o ABSOLUTE
    ..\ml_libs\ml_adc.c                      0x00000000   Number         0  ml_adc.o ABSOLUTE
    ..\ml_libs\ml_delay.c                    0x00000000   Number         0  ml_delay.o ABSOLUTE
    ..\ml_libs\ml_exti.c                     0x00000000   Number         0  ml_exti.o ABSOLUTE
    ..\ml_libs\ml_gpio.c                     0x00000000   Number         0  ml_gpio.o ABSOLUTE
    ..\ml_libs\ml_hmc5883l.c                 0x00000000   Number         0  ml_hmc5883l.o ABSOLUTE
    ..\ml_libs\ml_i2c.c                      0x00000000   Number         0  ml_i2c.o ABSOLUTE
    ..\ml_libs\ml_mpu6050.c                  0x00000000   Number         0  ml_mpu6050.o ABSOLUTE
    ..\ml_libs\ml_oled.c                     0x00000000   Number         0  ml_oled.o ABSOLUTE
    ..\ml_libs\ml_pwm.c                      0x00000000   Number         0  ml_pwm.o ABSOLUTE
    ..\ml_libs\ml_tim.c                      0x00000000   Number         0  ml_tim.o ABSOLUTE
    ..\ml_libs\ml_uart.c                     0x00000000   Number         0  ml_uart.o ABSOLUTE
    ..\sys\driverlib\MSP432P4xx\interrupt.c  0x00000000   Number         0  interrupt.o ABSOLUTE
    ..\sys\start_up\startup_msp432p401r_uvision.s 0x00000000   Number         0  startup_msp432p401r_uvision.o ABSOLUTE
    ..\sys\start_up\system_msp432p401r.c     0x00000000   Number         0  system_msp432p401r.o ABSOLUTE
    cpu.c                                    0x00000000   Number         0  cpu.o ABSOLUTE
    cpu.c                                    0x00000000   Number         0  cpu.o ABSOLUTE
    dc.s                                     0x00000000   Number         0  dc.o ABSOLUTE
    isr.c                                    0x00000000   Number         0  isr.o ABSOLUTE
    isr.c                                    0x00000000   Number         0  isr.o ABSOLUTE
    main.c                                   0x00000000   Number         0  main.o ABSOLUTE
    main.c                                   0x00000000   Number         0  main.o ABSOLUTE
    !!!main                                  0x00000144   Section        8  __main.o(!!!main)
    !!!scatter                               0x0000014c   Section       52  __scatter.o(!!!scatter)
    !!handler_copy                           0x00000180   Section       26  __scatter_copy.o(!!handler_copy)
    !!handler_zi                             0x0000019c   Section       28  __scatter_zi.o(!!handler_zi)
    .ARM.Collect$$_printf_percent$$00000000  0x000001b8   Section        0  _printf_percent.o(.ARM.Collect$$_printf_percent$$00000000)
    .ARM.Collect$$_printf_percent$$00000009  0x000001b8   Section        6  _printf_d.o(.ARM.Collect$$_printf_percent$$00000009)
    .ARM.Collect$$_printf_percent$$00000017  0x000001be   Section        4  _printf_percent_end.o(.ARM.Collect$$_printf_percent$$00000017)
    .ARM.Collect$$libinit$$00000000          0x000001c2   Section        2  libinit.o(.ARM.Collect$$libinit$$00000000)
    .ARM.Collect$$libinit$$00000001          0x000001c4   Section        4  libinit2.o(.ARM.Collect$$libinit$$00000001)
    .ARM.Collect$$libinit$$00000004          0x000001c8   Section        0  libinit2.o(.ARM.Collect$$libinit$$00000004)
    .ARM.Collect$$libinit$$0000000A          0x000001c8   Section        0  libinit2.o(.ARM.Collect$$libinit$$0000000A)
    .ARM.Collect$$libinit$$0000000C          0x000001c8   Section        0  libinit2.o(.ARM.Collect$$libinit$$0000000C)
    .ARM.Collect$$libinit$$0000000E          0x000001c8   Section        0  libinit2.o(.ARM.Collect$$libinit$$0000000E)
    .ARM.Collect$$libinit$$00000011          0x000001c8   Section        0  libinit2.o(.ARM.Collect$$libinit$$00000011)
    .ARM.Collect$$libinit$$00000013          0x000001c8   Section        0  libinit2.o(.ARM.Collect$$libinit$$00000013)
    .ARM.Collect$$libinit$$00000015          0x000001c8   Section        0  libinit2.o(.ARM.Collect$$libinit$$00000015)
    .ARM.Collect$$libinit$$00000017          0x000001c8   Section        0  libinit2.o(.ARM.Collect$$libinit$$00000017)
    .ARM.Collect$$libinit$$00000019          0x000001c8   Section        0  libinit2.o(.ARM.Collect$$libinit$$00000019)
    .ARM.Collect$$libinit$$0000001B          0x000001c8   Section        0  libinit2.o(.ARM.Collect$$libinit$$0000001B)
    .ARM.Collect$$libinit$$0000001D          0x000001c8   Section        0  libinit2.o(.ARM.Collect$$libinit$$0000001D)
    .ARM.Collect$$libinit$$0000001F          0x000001c8   Section        0  libinit2.o(.ARM.Collect$$libinit$$0000001F)
    .ARM.Collect$$libinit$$00000021          0x000001c8   Section        0  libinit2.o(.ARM.Collect$$libinit$$00000021)
    .ARM.Collect$$libinit$$00000023          0x000001c8   Section        0  libinit2.o(.ARM.Collect$$libinit$$00000023)
    .ARM.Collect$$libinit$$00000025          0x000001c8   Section        0  libinit2.o(.ARM.Collect$$libinit$$00000025)
    .ARM.Collect$$libinit$$0000002C          0x000001c8   Section        0  libinit2.o(.ARM.Collect$$libinit$$0000002C)
    .ARM.Collect$$libinit$$0000002E          0x000001c8   Section        0  libinit2.o(.ARM.Collect$$libinit$$0000002E)
    .ARM.Collect$$libinit$$00000030          0x000001c8   Section        0  libinit2.o(.ARM.Collect$$libinit$$00000030)
    .ARM.Collect$$libinit$$00000032          0x000001c8   Section        0  libinit2.o(.ARM.Collect$$libinit$$00000032)
    .ARM.Collect$$libinit$$00000033          0x000001c8   Section        2  libinit2.o(.ARM.Collect$$libinit$$00000033)
    .ARM.Collect$$libshutdown$$00000000      0x000001ca   Section        2  libshutdown.o(.ARM.Collect$$libshutdown$$00000000)
    .ARM.Collect$$libshutdown$$00000002      0x000001cc   Section        0  libshutdown2.o(.ARM.Collect$$libshutdown$$00000002)
    .ARM.Collect$$libshutdown$$00000004      0x000001cc   Section        0  libshutdown2.o(.ARM.Collect$$libshutdown$$00000004)
    .ARM.Collect$$libshutdown$$00000007      0x000001cc   Section        0  libshutdown2.o(.ARM.Collect$$libshutdown$$00000007)
    .ARM.Collect$$libshutdown$$0000000A      0x000001cc   Section        0  libshutdown2.o(.ARM.Collect$$libshutdown$$0000000A)
    .ARM.Collect$$libshutdown$$0000000C      0x000001cc   Section        0  libshutdown2.o(.ARM.Collect$$libshutdown$$0000000C)
    .ARM.Collect$$libshutdown$$0000000F      0x000001cc   Section        0  libshutdown2.o(.ARM.Collect$$libshutdown$$0000000F)
    .ARM.Collect$$libshutdown$$00000010      0x000001cc   Section        2  libshutdown2.o(.ARM.Collect$$libshutdown$$00000010)
    .ARM.Collect$$rtentry$$00000000          0x000001ce   Section        0  __rtentry.o(.ARM.Collect$$rtentry$$00000000)
    .ARM.Collect$$rtentry$$00000002          0x000001ce   Section        0  __rtentry2.o(.ARM.Collect$$rtentry$$00000002)
    .ARM.Collect$$rtentry$$00000004          0x000001ce   Section        6  __rtentry4.o(.ARM.Collect$$rtentry$$00000004)
    .ARM.Collect$$rtentry$$00000009          0x000001d4   Section        0  __rtentry2.o(.ARM.Collect$$rtentry$$00000009)
    .ARM.Collect$$rtentry$$0000000A          0x000001d4   Section        4  __rtentry2.o(.ARM.Collect$$rtentry$$0000000A)
    .ARM.Collect$$rtentry$$0000000C          0x000001d8   Section        0  __rtentry2.o(.ARM.Collect$$rtentry$$0000000C)
    .ARM.Collect$$rtentry$$0000000D          0x000001d8   Section        8  __rtentry2.o(.ARM.Collect$$rtentry$$0000000D)
    .ARM.Collect$$rtexit$$00000000           0x000001e0   Section        2  rtexit.o(.ARM.Collect$$rtexit$$00000000)
    .ARM.Collect$$rtexit$$00000002           0x000001e2   Section        0  rtexit2.o(.ARM.Collect$$rtexit$$00000002)
    .ARM.Collect$$rtexit$$00000003           0x000001e2   Section        4  rtexit2.o(.ARM.Collect$$rtexit$$00000003)
    .ARM.Collect$$rtexit$$00000004           0x000001e6   Section        6  rtexit2.o(.ARM.Collect$$rtexit$$00000004)
    .emb_text                                0x000001ec   Section       38  cpu.o(.emb_text)
    $v0                                      0x000001ec   Number         0  cpu.o(.emb_text)
    .text                                    0x00000214   Section       60  startup_msp432p401r_uvision.o(.text)
    $v0                                      0x00000214   Number         0  startup_msp432p401r_uvision.o(.text)
    .text                                    0x00000250   Section        2  use_no_semi_2.o(.text)
    .text                                    0x00000254   Section        0  noretval__2printf.o(.text)
    .text                                    0x0000026c   Section        0  __printf.o(.text)
    .text                                    0x000002d4   Section        0  _printf_dec.o(.text)
    .text                                    0x0000034c   Section        0  heapauxi.o(.text)
    .text                                    0x00000352   Section        2  use_no_semi.o(.text)
    .text                                    0x00000354   Section        0  _printf_intcommon.o(.text)
    .text                                    0x00000408   Section        0  _printf_char_file.o(.text)
    .text                                    0x0000042c   Section        0  _printf_char_common.o(.text)
    _printf_input_char                       0x0000042d   Thumb Code    10  _printf_char_common.o(.text)
    .text                                    0x0000045c   Section        0  ferror.o(.text)
    .text                                    0x00000464   Section        8  libspace.o(.text)
    .text                                    0x0000046c   Section       74  sys_stackheap_outer.o(.text)
    .text                                    0x000004b6   Section        0  exit.o(.text)
    i.ADC14_IRQHandler                       0x000004c8   Section        0  isr.o(i.ADC14_IRQHandler)
    i.EUSCIA0_IRQHandler                     0x000004e0   Section        0  isr.o(i.EUSCIA0_IRQHandler)
    i.EUSCIA1_IRQHandler                     0x00000518   Section        0  isr.o(i.EUSCIA1_IRQHandler)
    i.EUSCIA2_IRQHandler                     0x00000534   Section        0  isr.o(i.EUSCIA2_IRQHandler)
    i.EUSCIA3_IRQHandler                     0x00000550   Section        0  isr.o(i.EUSCIA3_IRQHandler)
    i.Interrupt_enableInterrupt              0x0000056c   Section        0  interrupt.o(i.Interrupt_enableInterrupt)
    i.Interrupt_enableMaster                 0x000005e0   Section        0  interrupt.o(i.Interrupt_enableMaster)
    i.OLED_Clear                             0x000005f0   Section        0  ml_oled.o(i.OLED_Clear)
    i.OLED_I2C_Init                          0x0000061a   Section        0  ml_oled.o(i.OLED_I2C_Init)
    i.OLED_I2C_SendByte                      0x00000646   Section        0  ml_oled.o(i.OLED_I2C_SendByte)
    i.OLED_I2C_Start                         0x00000690   Section        0  ml_oled.o(i.OLED_I2C_Start)
    i.OLED_I2C_Stop                          0x000006bc   Section        0  ml_oled.o(i.OLED_I2C_Stop)
    i.OLED_Init                              0x000006de   Section        0  ml_oled.o(i.OLED_Init)
    i.OLED_SetCursor                         0x0000078c   Section        0  ml_oled.o(i.OLED_SetCursor)
    i.OLED_WriteCommand                      0x000007ae   Section        0  ml_oled.o(i.OLED_WriteCommand)
    i.OLED_WriteData                         0x000007ce   Section        0  ml_oled.o(i.OLED_WriteData)
    i.PORT1_IRQHandler                       0x000007f0   Section        0  isr.o(i.PORT1_IRQHandler)
    i.PORT2_IRQHandler                       0x000008a8   Section        0  isr.o(i.PORT2_IRQHandler)
    i.PORT3_IRQHandler                       0x00000964   Section        0  isr.o(i.PORT3_IRQHandler)
    i.PORT4_IRQHandler                       0x00000a1c   Section        0  isr.o(i.PORT4_IRQHandler)
    i.PORT5_IRQHandler                       0x00000ad4   Section        0  isr.o(i.PORT5_IRQHandler)
    i.PORT6_IRQHandler                       0x00000b8c   Section        0  isr.o(i.PORT6_IRQHandler)
    i.SysTick_Init                           0x00000c44   Section        0  ml_delay.o(i.SysTick_Init)
    i.SysTick_Wait                           0x00000c58   Section        0  ml_delay.o(i.SysTick_Wait)
    i.SystemInit                             0x00000c80   Section        0  system_msp432p401r.o(i.SystemInit)
    i.TA0_N_IRQHandler                       0x00000d34   Section        0  isr.o(i.TA0_N_IRQHandler)
    i.TA1_N_IRQHandler                       0x00000d54   Section        0  isr.o(i.TA1_N_IRQHandler)
    i.TA2_N_IRQHandler                       0x00000d70   Section        0  isr.o(i.TA2_N_IRQHandler)
    i.TA3_N_IRQHandler                       0x00000d8c   Section        0  isr.o(i.TA3_N_IRQHandler)
    i._sys_exit                              0x00000da8   Section        0  ml_uart.o(i._sys_exit)
    i.baud_set                               0x00000dac   Section        0  ml_uart.o(i.baud_set)
    i.delay_ms                               0x00000e30   Section        0  ml_delay.o(i.delay_ms)
    i.fputc                                  0x00000e48   Section        0  ml_uart.o(i.fputc)
    i.gpio_init                              0x00000e64   Section        0  ml_gpio.o(i.gpio_init)
    i.gpio_set                               0x0000118c   Section        0  ml_gpio.o(i.gpio_set)
    i.main                                   0x0000124c   Section        0  main.o(i.main)
    i.uart_getbyte                           0x00001284   Section        0  ml_uart.o(i.uart_getbyte)
    i.uart_init                              0x00001298   Section        0  ml_uart.o(i.uart_init)
    i.uart_pin_init                          0x00001310   Section        0  ml_uart.o(i.uart_pin_init)
    i.uart_sendbyte                          0x000013e8   Section        0  ml_uart.o(i.uart_sendbyte)
    x$fpl$fpinit                             0x00001408   Section       10  fpinit.o(x$fpl$fpinit)
    $v0                                      0x00001408   Number         0  fpinit.o(x$fpl$fpinit)
    .constdata                               0x00001414   Section      144  interrupt.o(.constdata)
    g_pulPriority                            0x00001414   Data          32  interrupt.o(.constdata)
    g_pulRegs                                0x00001434   Data          80  interrupt.o(.constdata)
    g_pulEnRegs                              0x00001484   Data           8  interrupt.o(.constdata)
    g_pulDisRegs                             0x0000148c   Data           8  interrupt.o(.constdata)
    g_pulPendRegs                            0x00001494   Data           8  interrupt.o(.constdata)
    g_pulUnpendRegs                          0x0000149c   Data           8  interrupt.o(.constdata)
    .data                                    0x20000000   Section        1  isr.o(.data)
    .data                                    0x20000004   Section       40  ml_gpio.o(.data)
    .data                                    0x2000002c   Section       20  ml_uart.o(.data)
    .data                                    0x20000040   Section        4  ml_adc.o(.data)
    .bss                                     0x20000044   Section       96  libspace.o(.bss)
    HEAP                                     0x200000a8   Section        0  startup_msp432p401r_uvision.o(HEAP)
    STACK                                    0x200000a8   Section     1024  startup_msp432p401r_uvision.o(STACK)
    Heap_Mem                                 0x200000a8   Data           0  startup_msp432p401r_uvision.o(HEAP)
    Stack_Mem                                0x200000a8   Data        1024  startup_msp432p401r_uvision.o(STACK)
    __initial_sp                             0x200004a8   Data           0  startup_msp432p401r_uvision.o(STACK)

    Global Symbols

    Symbol Name                              Value     Ov Type        Size  Object(Section)

    BuildAttributes$$THM_ISAv4$E$P$D$K$B$S$7EM$VFPi3$EXTD16$VFPS$VFMA$PE$A:L22UL41UL21$X:L11$S22US41US21$IEEE1$IW$USESV6$~STKCKD$USESV7$~SHL$OTIME$ROPI$IEEEX$EBA8$UX$STANDARDLIB$REQ8$PRES8$EABIv2 0x00000000   Number         0  anon$$obj.o ABSOLUTE
    __ARM_use_no_argv                        0x00000000   Number         0  main.o ABSOLUTE
    __Vectors                                0x00000000   Data           4  startup_msp432p401r_uvision.o(RESET)
    __ARM_exceptions_init                     - Undefined Weak Reference
    __alloca_initialize                       - Undefined Weak Reference
    __arm_preinit_                            - Undefined Weak Reference
    __cpp_initialize__aeabi_                  - Undefined Weak Reference
    __cxa_finalize                            - Undefined Weak Reference
    __rt_locale                               - Undefined Weak Reference
    __sigvec_lookup                           - Undefined Weak Reference
    _atexit_init                              - Undefined Weak Reference
    _call_atexit_fns                          - Undefined Weak Reference
    _clock_init                               - Undefined Weak Reference
    _fp_trap_init                             - Undefined Weak Reference
    _fp_trap_shutdown                         - Undefined Weak Reference
    _get_lc_collate                           - Undefined Weak Reference
    _get_lc_ctype                             - Undefined Weak Reference
    _get_lc_monetary                          - Undefined Weak Reference
    _get_lc_numeric                           - Undefined Weak Reference
    _get_lc_time                              - Undefined Weak Reference
    _getenv_init                              - Undefined Weak Reference
    _handle_redirection                       - Undefined Weak Reference
    _init_alloc                               - Undefined Weak Reference
    _init_user_alloc                          - Undefined Weak Reference
    _initio                                   - Undefined Weak Reference
    _mutex_acquire                            - Undefined Weak Reference
    _mutex_release                            - Undefined Weak Reference
    _printf_post_padding                      - Undefined Weak Reference
    _printf_pre_padding                       - Undefined Weak Reference
    _printf_truncate_signed                   - Undefined Weak Reference
    _printf_truncate_unsigned                 - Undefined Weak Reference
    _rand_init                                - Undefined Weak Reference
    _signal_finish                            - Undefined Weak Reference
    _signal_init                              - Undefined Weak Reference
    _terminate_alloc                          - Undefined Weak Reference
    _terminate_user_alloc                     - Undefined Weak Reference
    _terminateio                              - Undefined Weak Reference
    __Vectors_End                            0x00000144   Data           0  startup_msp432p401r_uvision.o(RESET)
    __Vectors_Size                           0x00000144   Number         0  startup_msp432p401r_uvision.o ABSOLUTE
    __main                                   0x00000145   Thumb Code     8  __main.o(!!!main)
    __scatterload                            0x0000014d   Thumb Code     0  __scatter.o(!!!scatter)
    __scatterload_rt2                        0x0000014d   Thumb Code    44  __scatter.o(!!!scatter)
    __scatterload_rt2_thumb_only             0x0000014d   Thumb Code     0  __scatter.o(!!!scatter)
    __scatterload_null                       0x0000015b   Thumb Code     0  __scatter.o(!!!scatter)
    __scatterload_copy                       0x00000181   Thumb Code    26  __scatter_copy.o(!!handler_copy)
    __scatterload_zeroinit                   0x0000019d   Thumb Code    28  __scatter_zi.o(!!handler_zi)
    _printf_d                                0x000001b9   Thumb Code     0  _printf_d.o(.ARM.Collect$$_printf_percent$$00000009)
    _printf_percent                          0x000001b9   Thumb Code     0  _printf_percent.o(.ARM.Collect$$_printf_percent$$00000000)
    _printf_percent_end                      0x000001bf   Thumb Code     0  _printf_percent_end.o(.ARM.Collect$$_printf_percent$$00000017)
    __rt_lib_init                            0x000001c3   Thumb Code     0  libinit.o(.ARM.Collect$$libinit$$00000000)
    __rt_lib_init_fp_1                       0x000001c5   Thumb Code     0  libinit2.o(.ARM.Collect$$libinit$$00000001)
    __rt_lib_init_alloca_1                   0x000001c9   Thumb Code     0  libinit2.o(.ARM.Collect$$libinit$$0000002E)
    __rt_lib_init_argv_1                     0x000001c9   Thumb Code     0  libinit2.o(.ARM.Collect$$libinit$$0000002C)
    __rt_lib_init_atexit_1                   0x000001c9   Thumb Code     0  libinit2.o(.ARM.Collect$$libinit$$0000001B)
    __rt_lib_init_clock_1                    0x000001c9   Thumb Code     0  libinit2.o(.ARM.Collect$$libinit$$00000021)
    __rt_lib_init_cpp_1                      0x000001c9   Thumb Code     0  libinit2.o(.ARM.Collect$$libinit$$00000032)
    __rt_lib_init_exceptions_1               0x000001c9   Thumb Code     0  libinit2.o(.ARM.Collect$$libinit$$00000030)
    __rt_lib_init_fp_trap_1                  0x000001c9   Thumb Code     0  libinit2.o(.ARM.Collect$$libinit$$0000001F)
    __rt_lib_init_getenv_1                   0x000001c9   Thumb Code     0  libinit2.o(.ARM.Collect$$libinit$$00000023)
    __rt_lib_init_heap_1                     0x000001c9   Thumb Code     0  libinit2.o(.ARM.Collect$$libinit$$0000000A)
    __rt_lib_init_lc_collate_1               0x000001c9   Thumb Code     0  libinit2.o(.ARM.Collect$$libinit$$00000011)
    __rt_lib_init_lc_ctype_1                 0x000001c9   Thumb Code     0  libinit2.o(.ARM.Collect$$libinit$$00000013)
    __rt_lib_init_lc_monetary_1              0x000001c9   Thumb Code     0  libinit2.o(.ARM.Collect$$libinit$$00000015)
    __rt_lib_init_lc_numeric_1               0x000001c9   Thumb Code     0  libinit2.o(.ARM.Collect$$libinit$$00000017)
    __rt_lib_init_lc_time_1                  0x000001c9   Thumb Code     0  libinit2.o(.ARM.Collect$$libinit$$00000019)
    __rt_lib_init_preinit_1                  0x000001c9   Thumb Code     0  libinit2.o(.ARM.Collect$$libinit$$00000004)
    __rt_lib_init_rand_1                     0x000001c9   Thumb Code     0  libinit2.o(.ARM.Collect$$libinit$$0000000E)
    __rt_lib_init_return                     0x000001c9   Thumb Code     0  libinit2.o(.ARM.Collect$$libinit$$00000033)
    __rt_lib_init_signal_1                   0x000001c9   Thumb Code     0  libinit2.o(.ARM.Collect$$libinit$$0000001D)
    __rt_lib_init_stdio_1                    0x000001c9   Thumb Code     0  libinit2.o(.ARM.Collect$$libinit$$00000025)
    __rt_lib_init_user_alloc_1               0x000001c9   Thumb Code     0  libinit2.o(.ARM.Collect$$libinit$$0000000C)
    __rt_lib_shutdown                        0x000001cb   Thumb Code     0  libshutdown.o(.ARM.Collect$$libshutdown$$00000000)
    __rt_lib_shutdown_cpp_1                  0x000001cd   Thumb Code     0  libshutdown2.o(.ARM.Collect$$libshutdown$$00000002)
    __rt_lib_shutdown_fp_trap_1              0x000001cd   Thumb Code     0  libshutdown2.o(.ARM.Collect$$libshutdown$$00000007)
    __rt_lib_shutdown_heap_1                 0x000001cd   Thumb Code     0  libshutdown2.o(.ARM.Collect$$libshutdown$$0000000F)
    __rt_lib_shutdown_return                 0x000001cd   Thumb Code     0  libshutdown2.o(.ARM.Collect$$libshutdown$$00000010)
    __rt_lib_shutdown_signal_1               0x000001cd   Thumb Code     0  libshutdown2.o(.ARM.Collect$$libshutdown$$0000000A)
    __rt_lib_shutdown_stdio_1                0x000001cd   Thumb Code     0  libshutdown2.o(.ARM.Collect$$libshutdown$$00000004)
    __rt_lib_shutdown_user_alloc_1           0x000001cd   Thumb Code     0  libshutdown2.o(.ARM.Collect$$libshutdown$$0000000C)
    __rt_entry                               0x000001cf   Thumb Code     0  __rtentry.o(.ARM.Collect$$rtentry$$00000000)
    __rt_entry_presh_1                       0x000001cf   Thumb Code     0  __rtentry2.o(.ARM.Collect$$rtentry$$00000002)
    __rt_entry_sh                            0x000001cf   Thumb Code     0  __rtentry4.o(.ARM.Collect$$rtentry$$00000004)
    __rt_entry_li                            0x000001d5   Thumb Code     0  __rtentry2.o(.ARM.Collect$$rtentry$$0000000A)
    __rt_entry_postsh_1                      0x000001d5   Thumb Code     0  __rtentry2.o(.ARM.Collect$$rtentry$$00000009)
    __rt_entry_main                          0x000001d9   Thumb Code     0  __rtentry2.o(.ARM.Collect$$rtentry$$0000000D)
    __rt_entry_postli_1                      0x000001d9   Thumb Code     0  __rtentry2.o(.ARM.Collect$$rtentry$$0000000C)
    __rt_exit                                0x000001e1   Thumb Code     0  rtexit.o(.ARM.Collect$$rtexit$$00000000)
    __rt_exit_ls                             0x000001e3   Thumb Code     0  rtexit2.o(.ARM.Collect$$rtexit$$00000003)
    __rt_exit_prels_1                        0x000001e3   Thumb Code     0  rtexit2.o(.ARM.Collect$$rtexit$$00000002)
    __rt_exit_exit                           0x000001e7   Thumb Code     0  rtexit2.o(.ARM.Collect$$rtexit$$00000004)
    CPU_cpsid                                0x000001ed   Thumb Code     8  cpu.o(.emb_text)
    CPU_primask                              0x000001f5   Thumb Code     6  cpu.o(.emb_text)
    CPU_cpsie                                0x000001fb   Thumb Code     8  cpu.o(.emb_text)
    CPU_wfi                                  0x00000203   Thumb Code     4  cpu.o(.emb_text)
    CPU_basepriSet                           0x00000207   Thumb Code     6  cpu.o(.emb_text)
    CPU_basepriGet                           0x0000020d   Thumb Code     6  cpu.o(.emb_text)
    Reset_Handler                            0x00000215   Thumb Code     8  startup_msp432p401r_uvision.o(.text)
    NMI_Handler                              0x0000021d   Thumb Code     2  startup_msp432p401r_uvision.o(.text)
    HardFault_Handler                        0x0000021f   Thumb Code     2  startup_msp432p401r_uvision.o(.text)
    MemManage_Handler                        0x00000221   Thumb Code     2  startup_msp432p401r_uvision.o(.text)
    BusFault_Handler                         0x00000223   Thumb Code     2  startup_msp432p401r_uvision.o(.text)
    UsageFault_Handler                       0x00000225   Thumb Code     2  startup_msp432p401r_uvision.o(.text)
    SVC_Handler                              0x00000227   Thumb Code     2  startup_msp432p401r_uvision.o(.text)
    DebugMon_Handler                         0x00000229   Thumb Code     2  startup_msp432p401r_uvision.o(.text)
    PendSV_Handler                           0x0000022b   Thumb Code     2  startup_msp432p401r_uvision.o(.text)
    SysTick_Handler                          0x0000022d   Thumb Code     2  startup_msp432p401r_uvision.o(.text)
    AES256_IRQHandler                        0x0000022f   Thumb Code     0  startup_msp432p401r_uvision.o(.text)
    COMP_E0_IRQHandler                       0x0000022f   Thumb Code     0  startup_msp432p401r_uvision.o(.text)
    COMP_E1_IRQHandler                       0x0000022f   Thumb Code     0  startup_msp432p401r_uvision.o(.text)
    CS_IRQHandler                            0x0000022f   Thumb Code     0  startup_msp432p401r_uvision.o(.text)
    DMA_ERR_IRQHandler                       0x0000022f   Thumb Code     0  startup_msp432p401r_uvision.o(.text)
    DMA_INT0_IRQHandler                      0x0000022f   Thumb Code     0  startup_msp432p401r_uvision.o(.text)
    DMA_INT1_IRQHandler                      0x0000022f   Thumb Code     0  startup_msp432p401r_uvision.o(.text)
    DMA_INT2_IRQHandler                      0x0000022f   Thumb Code     0  startup_msp432p401r_uvision.o(.text)
    DMA_INT3_IRQHandler                      0x0000022f   Thumb Code     0  startup_msp432p401r_uvision.o(.text)
    EUSCIB0_IRQHandler                       0x0000022f   Thumb Code     0  startup_msp432p401r_uvision.o(.text)
    EUSCIB1_IRQHandler                       0x0000022f   Thumb Code     0  startup_msp432p401r_uvision.o(.text)
    EUSCIB2_IRQHandler                       0x0000022f   Thumb Code     0  startup_msp432p401r_uvision.o(.text)
    EUSCIB3_IRQHandler                       0x0000022f   Thumb Code     0  startup_msp432p401r_uvision.o(.text)
    FLCTL_IRQHandler                         0x0000022f   Thumb Code     0  startup_msp432p401r_uvision.o(.text)
    FPU_IRQHandler                           0x0000022f   Thumb Code     0  startup_msp432p401r_uvision.o(.text)
    PCM_IRQHandler                           0x0000022f   Thumb Code     0  startup_msp432p401r_uvision.o(.text)
    PSS_IRQHandler                           0x0000022f   Thumb Code     0  startup_msp432p401r_uvision.o(.text)
    RTC_C_IRQHandler                         0x0000022f   Thumb Code     0  startup_msp432p401r_uvision.o(.text)
    T32_INT1_IRQHandler                      0x0000022f   Thumb Code     0  startup_msp432p401r_uvision.o(.text)
    T32_INT2_IRQHandler                      0x0000022f   Thumb Code     0  startup_msp432p401r_uvision.o(.text)
    T32_INTC_IRQHandler                      0x0000022f   Thumb Code     0  startup_msp432p401r_uvision.o(.text)
    TA0_0_IRQHandler                         0x0000022f   Thumb Code     0  startup_msp432p401r_uvision.o(.text)
    TA1_0_IRQHandler                         0x0000022f   Thumb Code     0  startup_msp432p401r_uvision.o(.text)
    TA2_0_IRQHandler                         0x0000022f   Thumb Code     0  startup_msp432p401r_uvision.o(.text)
    TA3_0_IRQHandler                         0x0000022f   Thumb Code     0  startup_msp432p401r_uvision.o(.text)
    WDT_A_IRQHandler                         0x0000022f   Thumb Code     0  startup_msp432p401r_uvision.o(.text)
    __user_initial_stackheap                 0x00000231   Thumb Code    10  startup_msp432p401r_uvision.o(.text)
    __use_no_semihosting                     0x00000251   Thumb Code     2  use_no_semi_2.o(.text)
    __2printf                                0x00000255   Thumb Code    20  noretval__2printf.o(.text)
    __printf                                 0x0000026d   Thumb Code   104  __printf.o(.text)
    _printf_int_dec                          0x000002d5   Thumb Code   104  _printf_dec.o(.text)
    __use_two_region_memory                  0x0000034d   Thumb Code     2  heapauxi.o(.text)
    __rt_heap_escrow$2region                 0x0000034f   Thumb Code     2  heapauxi.o(.text)
    __rt_heap_expand$2region                 0x00000351   Thumb Code     2  heapauxi.o(.text)
    __I$use$semihosting                      0x00000353   Thumb Code     0  use_no_semi.o(.text)
    __use_no_semihosting_swi                 0x00000353   Thumb Code     2  use_no_semi.o(.text)
    _printf_int_common                       0x00000355   Thumb Code   178  _printf_intcommon.o(.text)
    _printf_char_file                        0x00000409   Thumb Code    32  _printf_char_file.o(.text)
    _printf_char_common                      0x00000437   Thumb Code    32  _printf_char_common.o(.text)
    ferror                                   0x0000045d   Thumb Code     8  ferror.o(.text)
    __user_libspace                          0x00000465   Thumb Code     8  libspace.o(.text)
    __user_perproc_libspace                  0x00000465   Thumb Code     0  libspace.o(.text)
    __user_perthread_libspace                0x00000465   Thumb Code     0  libspace.o(.text)
    __user_setup_stackheap                   0x0000046d   Thumb Code    74  sys_stackheap_outer.o(.text)
    exit                                     0x000004b7   Thumb Code    18  exit.o(.text)
    ADC14_IRQHandler                         0x000004c9   Thumb Code    14  isr.o(i.ADC14_IRQHandler)
    EUSCIA0_IRQHandler                       0x000004e1   Thumb Code    46  isr.o(i.EUSCIA0_IRQHandler)
    EUSCIA1_IRQHandler                       0x00000519   Thumb Code    24  isr.o(i.EUSCIA1_IRQHandler)
    EUSCIA2_IRQHandler                       0x00000535   Thumb Code    24  isr.o(i.EUSCIA2_IRQHandler)
    EUSCIA3_IRQHandler                       0x00000551   Thumb Code    24  isr.o(i.EUSCIA3_IRQHandler)
    Interrupt_enableInterrupt                0x0000056d   Thumb Code   108  interrupt.o(i.Interrupt_enableInterrupt)
    Interrupt_enableMaster                   0x000005e1   Thumb Code    16  interrupt.o(i.Interrupt_enableMaster)
    OLED_Clear                               0x000005f1   Thumb Code    42  ml_oled.o(i.OLED_Clear)
    OLED_I2C_Init                            0x0000061b   Thumb Code    44  ml_oled.o(i.OLED_I2C_Init)
    OLED_I2C_SendByte                        0x00000647   Thumb Code    74  ml_oled.o(i.OLED_I2C_SendByte)
    OLED_I2C_Start                           0x00000691   Thumb Code    44  ml_oled.o(i.OLED_I2C_Start)
    OLED_I2C_Stop                            0x000006bd   Thumb Code    34  ml_oled.o(i.OLED_I2C_Stop)
    OLED_Init                                0x000006df   Thumb Code   174  ml_oled.o(i.OLED_Init)
    OLED_SetCursor                           0x0000078d   Thumb Code    34  ml_oled.o(i.OLED_SetCursor)
    OLED_WriteCommand                        0x000007af   Thumb Code    32  ml_oled.o(i.OLED_WriteCommand)
    OLED_WriteData                           0x000007cf   Thumb Code    32  ml_oled.o(i.OLED_WriteData)
    PORT1_IRQHandler                         0x000007f1   Thumb Code   178  isr.o(i.PORT1_IRQHandler)
    PORT2_IRQHandler                         0x000008a9   Thumb Code   184  isr.o(i.PORT2_IRQHandler)
    PORT3_IRQHandler                         0x00000965   Thumb Code   178  isr.o(i.PORT3_IRQHandler)
    PORT4_IRQHandler                         0x00000a1d   Thumb Code   178  isr.o(i.PORT4_IRQHandler)
    PORT5_IRQHandler                         0x00000ad5   Thumb Code   178  isr.o(i.PORT5_IRQHandler)
    PORT6_IRQHandler                         0x00000b8d   Thumb Code   178  isr.o(i.PORT6_IRQHandler)
    SysTick_Init                             0x00000c45   Thumb Code    20  ml_delay.o(i.SysTick_Init)
    SysTick_Wait                             0x00000c59   Thumb Code    38  ml_delay.o(i.SysTick_Wait)
    SystemInit                               0x00000c81   Thumb Code   150  system_msp432p401r.o(i.SystemInit)
    TA0_N_IRQHandler                         0x00000d35   Thumb Code    30  isr.o(i.TA0_N_IRQHandler)
    TA1_N_IRQHandler                         0x00000d55   Thumb Code    24  isr.o(i.TA1_N_IRQHandler)
    TA2_N_IRQHandler                         0x00000d71   Thumb Code    24  isr.o(i.TA2_N_IRQHandler)
    TA3_N_IRQHandler                         0x00000d8d   Thumb Code    24  isr.o(i.TA3_N_IRQHandler)
    _sys_exit                                0x00000da9   Thumb Code     4  ml_uart.o(i._sys_exit)
    baud_set                                 0x00000dad   Thumb Code   126  ml_uart.o(i.baud_set)
    delay_ms                                 0x00000e31   Thumb Code    24  ml_delay.o(i.delay_ms)
    fputc                                    0x00000e49   Thumb Code    22  ml_uart.o(i.fputc)
    gpio_init                                0x00000e65   Thumb Code   798  ml_gpio.o(i.gpio_init)
    gpio_set                                 0x0000118d   Thumb Code   184  ml_gpio.o(i.gpio_set)
    main                                     0x0000124d   Thumb Code    42  main.o(i.main)
    uart_getbyte                             0x00001285   Thumb Code    14  ml_uart.o(i.uart_getbyte)
    uart_init                                0x00001299   Thumb Code   114  ml_uart.o(i.uart_init)
    uart_pin_init                            0x00001311   Thumb Code   212  ml_uart.o(i.uart_pin_init)
    uart_sendbyte                            0x000013e9   Thumb Code    28  ml_uart.o(i.uart_sendbyte)
    _fp_init                                 0x00001409   Thumb Code    10  fpinit.o(x$fpl$fpinit)
    __fplib_config_fpu_vfp                   0x00001411   Thumb Code     0  fpinit.o(x$fpl$fpinit)
    __fplib_config_pureend_doubles           0x00001411   Thumb Code     0  fpinit.o(x$fpl$fpinit)
    Region$$Table$$Base                      0x000014a4   Number         0  anon$$obj.o(Region$$Table)
    Region$$Table$$Limit                     0x000014c4   Number         0  anon$$obj.o(Region$$Table)
    rec_data                                 0x20000000   Data           1  isr.o(.data)
    gpio_index1                              0x20000004   Data          20  ml_gpio.o(.data)
    gpio_index2                              0x20000018   Data          20  ml_gpio.o(.data)
    uart_index                               0x2000002c   Data          16  ml_uart.o(.data)
    __stdout                                 0x2000003c   Data           4  ml_uart.o(.data)
    ADC_14                                   0x20000040   Data           4  ml_adc.o(.data)
    __libspace_start                         0x20000044   Data          96  libspace.o(.bss)
    __temporary_stack_top$libspace           0x200000a4   Data           0  libspace.o(.bss)



==============================================================================

Memory Map of the image

  Image Entry point : 0x00000145

  Load Region LR_IROM1 (Base: 0x00000000, Size: 0x00001508, Max: 0x00040000, ABSOLUTE)

    Execution Region ER_IROM1 (Exec base: 0x00000000, Load base: 0x00000000, Size: 0x000014c4, Max: 0x00040000, ABSOLUTE)

    Exec Addr    Load Addr    Size         Type   Attr      Idx    E Section Name        Object

    0x00000000   0x00000000   0x00000144   Data   RO          321    RESET               startup_msp432p401r_uvision.o
    0x00000144   0x00000144   0x00000008   Code   RO         1173  * !!!main             c_w.l(__main.o)
    0x0000014c   0x0000014c   0x00000034   Code   RO         1448    !!!scatter          c_w.l(__scatter.o)
    0x00000180   0x00000180   0x0000001a   Code   RO         1450    !!handler_copy      c_w.l(__scatter_copy.o)
    0x0000019a   0x0000019a   0x00000002   PAD
    0x0000019c   0x0000019c   0x0000001c   Code   RO         1452    !!handler_zi        c_w.l(__scatter_zi.o)
    0x000001b8   0x000001b8   0x00000000   Code   RO         1170    .ARM.Collect$$_printf_percent$$00000000  c_w.l(_printf_percent.o)
    0x000001b8   0x000001b8   0x00000006   Code   RO         1169    .ARM.Collect$$_printf_percent$$00000009  c_w.l(_printf_d.o)
    0x000001be   0x000001be   0x00000004   Code   RO         1212    .ARM.Collect$$_printf_percent$$00000017  c_w.l(_printf_percent_end.o)
    0x000001c2   0x000001c2   0x00000002   Code   RO         1319    .ARM.Collect$$libinit$$00000000  c_w.l(libinit.o)
    0x000001c4   0x000001c4   0x00000004   Code   RO         1326    .ARM.Collect$$libinit$$00000001  c_w.l(libinit2.o)
    0x000001c8   0x000001c8   0x00000000   Code   RO         1329    .ARM.Collect$$libinit$$00000004  c_w.l(libinit2.o)
    0x000001c8   0x000001c8   0x00000000   Code   RO         1332    .ARM.Collect$$libinit$$0000000A  c_w.l(libinit2.o)
    0x000001c8   0x000001c8   0x00000000   Code   RO         1334    .ARM.Collect$$libinit$$0000000C  c_w.l(libinit2.o)
    0x000001c8   0x000001c8   0x00000000   Code   RO         1336    .ARM.Collect$$libinit$$0000000E  c_w.l(libinit2.o)
    0x000001c8   0x000001c8   0x00000000   Code   RO         1339    .ARM.Collect$$libinit$$00000011  c_w.l(libinit2.o)
    0x000001c8   0x000001c8   0x00000000   Code   RO         1341    .ARM.Collect$$libinit$$00000013  c_w.l(libinit2.o)
    0x000001c8   0x000001c8   0x00000000   Code   RO         1343    .ARM.Collect$$libinit$$00000015  c_w.l(libinit2.o)
    0x000001c8   0x000001c8   0x00000000   Code   RO         1345    .ARM.Collect$$libinit$$00000017  c_w.l(libinit2.o)
    0x000001c8   0x000001c8   0x00000000   Code   RO         1347    .ARM.Collect$$libinit$$00000019  c_w.l(libinit2.o)
    0x000001c8   0x000001c8   0x00000000   Code   RO         1349    .ARM.Collect$$libinit$$0000001B  c_w.l(libinit2.o)
    0x000001c8   0x000001c8   0x00000000   Code   RO         1351    .ARM.Collect$$libinit$$0000001D  c_w.l(libinit2.o)
    0x000001c8   0x000001c8   0x00000000   Code   RO         1353    .ARM.Collect$$libinit$$0000001F  c_w.l(libinit2.o)
    0x000001c8   0x000001c8   0x00000000   Code   RO         1355    .ARM.Collect$$libinit$$00000021  c_w.l(libinit2.o)
    0x000001c8   0x000001c8   0x00000000   Code   RO         1357    .ARM.Collect$$libinit$$00000023  c_w.l(libinit2.o)
    0x000001c8   0x000001c8   0x00000000   Code   RO         1359    .ARM.Collect$$libinit$$00000025  c_w.l(libinit2.o)
    0x000001c8   0x000001c8   0x00000000   Code   RO         1363    .ARM.Collect$$libinit$$0000002C  c_w.l(libinit2.o)
    0x000001c8   0x000001c8   0x00000000   Code   RO         1365    .ARM.Collect$$libinit$$0000002E  c_w.l(libinit2.o)
    0x000001c8   0x000001c8   0x00000000   Code   RO         1367    .ARM.Collect$$libinit$$00000030  c_w.l(libinit2.o)
    0x000001c8   0x000001c8   0x00000000   Code   RO         1369    .ARM.Collect$$libinit$$00000032  c_w.l(libinit2.o)
    0x000001c8   0x000001c8   0x00000002   Code   RO         1370    .ARM.Collect$$libinit$$00000033  c_w.l(libinit2.o)
    0x000001ca   0x000001ca   0x00000002   Code   RO         1390    .ARM.Collect$$libshutdown$$00000000  c_w.l(libshutdown.o)
    0x000001cc   0x000001cc   0x00000000   Code   RO         1400    .ARM.Collect$$libshutdown$$00000002  c_w.l(libshutdown2.o)
    0x000001cc   0x000001cc   0x00000000   Code   RO         1402    .ARM.Collect$$libshutdown$$00000004  c_w.l(libshutdown2.o)
    0x000001cc   0x000001cc   0x00000000   Code   RO         1405    .ARM.Collect$$libshutdown$$00000007  c_w.l(libshutdown2.o)
    0x000001cc   0x000001cc   0x00000000   Code   RO         1408    .ARM.Collect$$libshutdown$$0000000A  c_w.l(libshutdown2.o)
    0x000001cc   0x000001cc   0x00000000   Code   RO         1410    .ARM.Collect$$libshutdown$$0000000C  c_w.l(libshutdown2.o)
    0x000001cc   0x000001cc   0x00000000   Code   RO         1413    .ARM.Collect$$libshutdown$$0000000F  c_w.l(libshutdown2.o)
    0x000001cc   0x000001cc   0x00000002   Code   RO         1414    .ARM.Collect$$libshutdown$$00000010  c_w.l(libshutdown2.o)
    0x000001ce   0x000001ce   0x00000000   Code   RO         1205    .ARM.Collect$$rtentry$$00000000  c_w.l(__rtentry.o)
    0x000001ce   0x000001ce   0x00000000   Code   RO         1274    .ARM.Collect$$rtentry$$00000002  c_w.l(__rtentry2.o)
    0x000001ce   0x000001ce   0x00000006   Code   RO         1286    .ARM.Collect$$rtentry$$00000004  c_w.l(__rtentry4.o)
    0x000001d4   0x000001d4   0x00000000   Code   RO         1276    .ARM.Collect$$rtentry$$00000009  c_w.l(__rtentry2.o)
    0x000001d4   0x000001d4   0x00000004   Code   RO         1277    .ARM.Collect$$rtentry$$0000000A  c_w.l(__rtentry2.o)
    0x000001d8   0x000001d8   0x00000000   Code   RO         1279    .ARM.Collect$$rtentry$$0000000C  c_w.l(__rtentry2.o)
    0x000001d8   0x000001d8   0x00000008   Code   RO         1280    .ARM.Collect$$rtentry$$0000000D  c_w.l(__rtentry2.o)
    0x000001e0   0x000001e0   0x00000002   Code   RO         1324    .ARM.Collect$$rtexit$$00000000  c_w.l(rtexit.o)
    0x000001e2   0x000001e2   0x00000000   Code   RO         1374    .ARM.Collect$$rtexit$$00000002  c_w.l(rtexit2.o)
    0x000001e2   0x000001e2   0x00000004   Code   RO         1375    .ARM.Collect$$rtexit$$00000003  c_w.l(rtexit2.o)
    0x000001e6   0x000001e6   0x00000006   Code   RO         1376    .ARM.Collect$$rtexit$$00000004  c_w.l(rtexit2.o)
    0x000001ec   0x000001ec   0x00000026   Code   RO         1132    .emb_text           msp432p4xx_driverlib.lib(cpu.o)
    0x00000212   0x00000212   0x00000002   PAD
    0x00000214   0x00000214   0x0000003c   Code   RO          322    .text               startup_msp432p401r_uvision.o
    0x00000250   0x00000250   0x00000002   Code   RO         1139    .text               c_w.l(use_no_semi_2.o)
    0x00000252   0x00000252   0x00000002   PAD
    0x00000254   0x00000254   0x00000018   Code   RO         1143    .text               c_w.l(noretval__2printf.o)
    0x0000026c   0x0000026c   0x00000068   Code   RO         1145    .text               c_w.l(__printf.o)
    0x000002d4   0x000002d4   0x00000078   Code   RO         1147    .text               c_w.l(_printf_dec.o)
    0x0000034c   0x0000034c   0x00000006   Code   RO         1171    .text               c_w.l(heapauxi.o)
    0x00000352   0x00000352   0x00000002   Code   RO         1203    .text               c_w.l(use_no_semi.o)
    0x00000354   0x00000354   0x000000b2   Code   RO         1208    .text               c_w.l(_printf_intcommon.o)
    0x00000406   0x00000406   0x00000002   PAD
    0x00000408   0x00000408   0x00000024   Code   RO         1210    .text               c_w.l(_printf_char_file.o)
    0x0000042c   0x0000042c   0x00000030   Code   RO         1293    .text               c_w.l(_printf_char_common.o)
    0x0000045c   0x0000045c   0x00000008   Code   RO         1295    .text               c_w.l(ferror.o)
    0x00000464   0x00000464   0x00000008   Code   RO         1305    .text               c_w.l(libspace.o)
    0x0000046c   0x0000046c   0x0000004a   Code   RO         1308    .text               c_w.l(sys_stackheap_outer.o)
    0x000004b6   0x000004b6   0x00000012   Code   RO         1312    .text               c_w.l(exit.o)
    0x000004c8   0x000004c8   0x00000018   Code   RO          211    i.ADC14_IRQHandler  isr.o
    0x000004e0   0x000004e0   0x00000038   Code   RO          212    i.EUSCIA0_IRQHandler  isr.o
    0x00000518   0x00000518   0x0000001c   Code   RO          213    i.EUSCIA1_IRQHandler  isr.o
    0x00000534   0x00000534   0x0000001c   Code   RO          214    i.EUSCIA2_IRQHandler  isr.o
    0x00000550   0x00000550   0x0000001c   Code   RO          215    i.EUSCIA3_IRQHandler  isr.o
    0x0000056c   0x0000056c   0x00000074   Code   RO          394    i.Interrupt_enableInterrupt  interrupt.o
    0x000005e0   0x000005e0   0x00000010   Code   RO          395    i.Interrupt_enableMaster  interrupt.o
    0x000005f0   0x000005f0   0x0000002a   Code   RO          627    i.OLED_Clear        ml_oled.o
    0x0000061a   0x0000061a   0x0000002c   Code   RO          629    i.OLED_I2C_Init     ml_oled.o
    0x00000646   0x00000646   0x0000004a   Code   RO          630    i.OLED_I2C_SendByte  ml_oled.o
    0x00000690   0x00000690   0x0000002c   Code   RO          631    i.OLED_I2C_Start    ml_oled.o
    0x000006bc   0x000006bc   0x00000022   Code   RO          632    i.OLED_I2C_Stop     ml_oled.o
    0x000006de   0x000006de   0x000000ae   Code   RO          633    i.OLED_Init         ml_oled.o
    0x0000078c   0x0000078c   0x00000022   Code   RO          635    i.OLED_SetCursor    ml_oled.o
    0x000007ae   0x000007ae   0x00000020   Code   RO          643    i.OLED_WriteCommand  ml_oled.o
    0x000007ce   0x000007ce   0x00000020   Code   RO          644    i.OLED_WriteData    ml_oled.o
    0x000007ee   0x000007ee   0x00000002   PAD
    0x000007f0   0x000007f0   0x000000b8   Code   RO          216    i.PORT1_IRQHandler  isr.o
    0x000008a8   0x000008a8   0x000000bc   Code   RO          217    i.PORT2_IRQHandler  isr.o
    0x00000964   0x00000964   0x000000b8   Code   RO          218    i.PORT3_IRQHandler  isr.o
    0x00000a1c   0x00000a1c   0x000000b8   Code   RO          219    i.PORT4_IRQHandler  isr.o
    0x00000ad4   0x00000ad4   0x000000b8   Code   RO          220    i.PORT5_IRQHandler  isr.o
    0x00000b8c   0x00000b8c   0x000000b8   Code   RO          221    i.PORT6_IRQHandler  isr.o
    0x00000c44   0x00000c44   0x00000014   Code   RO          591    i.SysTick_Init      ml_delay.o
    0x00000c58   0x00000c58   0x00000026   Code   RO          592    i.SysTick_Wait      ml_delay.o
    0x00000c7e   0x00000c7e   0x00000002   PAD
    0x00000c80   0x00000c80   0x000000b4   Code   RO          330    i.SystemInit        system_msp432p401r.o
    0x00000d34   0x00000d34   0x0000001e   Code   RO          222    i.TA0_N_IRQHandler  isr.o
    0x00000d52   0x00000d52   0x00000002   PAD
    0x00000d54   0x00000d54   0x0000001c   Code   RO          223    i.TA1_N_IRQHandler  isr.o
    0x00000d70   0x00000d70   0x0000001c   Code   RO          224    i.TA2_N_IRQHandler  isr.o
    0x00000d8c   0x00000d8c   0x0000001c   Code   RO          225    i.TA3_N_IRQHandler  isr.o
    0x00000da8   0x00000da8   0x00000004   Code   RO          825    i._sys_exit         ml_uart.o
    0x00000dac   0x00000dac   0x00000084   Code   RO          826    i.baud_set          ml_uart.o
    0x00000e30   0x00000e30   0x00000018   Code   RO          593    i.delay_ms          ml_delay.o
    0x00000e48   0x00000e48   0x0000001c   Code   RO          827    i.fputc             ml_uart.o
    0x00000e64   0x00000e64   0x00000328   Code   RO          550    i.gpio_init         ml_gpio.o
    0x0000118c   0x0000118c   0x000000c0   Code   RO          551    i.gpio_set          ml_gpio.o
    0x0000124c   0x0000124c   0x00000038   Code   RO            4    i.main              main.o
    0x00001284   0x00001284   0x00000014   Code   RO          828    i.uart_getbyte      ml_uart.o
    0x00001298   0x00001298   0x00000078   Code   RO          829    i.uart_init         ml_uart.o
    0x00001310   0x00001310   0x000000d8   Code   RO          830    i.uart_pin_init     ml_uart.o
    0x000013e8   0x000013e8   0x00000020   Code   RO          831    i.uart_sendbyte     ml_uart.o
    0x00001408   0x00001408   0x0000000a   Code   RO         1382    x$fpl$fpinit        fz_wm.l(fpinit.o)
    0x00001412   0x00001412   0x00000002   PAD
    0x00001414   0x00001414   0x00000090   Data   RO          410    .constdata          interrupt.o
    0x000014a4   0x000014a4   0x00000020   Data   RO         1446    Region$$Table       anon$$obj.o


    Execution Region RW_IRAM1 (Exec base: 0x20000000, Load base: 0x000014c4, Size: 0x000004a8, Max: 0x00010000, ABSOLUTE)

    Exec Addr    Load Addr    Size         Type   Attr      Idx    E Section Name        Object

    0x20000000   0x000014c4   0x00000001   Data   RW          226    .data               isr.o
    0x20000001   0x000014c5   0x00000003   PAD
    0x20000004   0x000014c8   0x00000028   Data   RW          552    .data               ml_gpio.o
    0x2000002c   0x000014f0   0x00000014   Data   RW          833    .data               ml_uart.o
    0x20000040   0x00001504   0x00000004   Data   RW          926    .data               ml_adc.o
    0x20000044        -       0x00000060   Zero   RW         1306    .bss                c_w.l(libspace.o)
    0x200000a4   0x00001508   0x00000004   PAD
    0x200000a8        -       0x00000000   Zero   RW          320    HEAP                startup_msp432p401r_uvision.o
    0x200000a8        -       0x00000400   Zero   RW          319    STACK               startup_msp432p401r_uvision.o



  Load Region LR_IROM2 (Base: 0x00200000, Size: 0x00000000, Max: 0x00004000, ABSOLUTE)

    Execution Region ER_IROM2 (Exec base: 0x00200000, Load base: 0x00200000, Size: 0x00000000, Max: 0x00004000, ABSOLUTE)

    **** No section assigned to this execution region ****


==============================================================================

Image component sizes


      Code (inc. data)   RO Data    RW Data    ZI Data      Debug   Object Name

       132          8        144          0          0       2025   interrupt.o
      1386         78          0          1          0       7556   isr.o
        56         14          0          0          0     191867   main.o
         0          0          0          4          0        689   ml_adc.o
        82          0          0          0          0       1577   ml_delay.o
      1000         18          0         40          0       2425   ml_gpio.o
       510          0          0          0          0       5068   ml_oled.o
       552         32          0         20          0       5763   ml_uart.o
        60         22        324          0       1024        896   startup_msp432p401r_uvision.o
       180         30          0          0          0        541   system_msp432p401r.o

    ----------------------------------------------------------------------
      3964        202        500         68       1024     218407   Object Totals
         0          0         32          0          0          0   (incl. Generated)
         6          0          0          3          0          0   (incl. Padding)

    ----------------------------------------------------------------------

      Code (inc. data)   RO Data    RW Data    ZI Data      Debug   Library Member Name

         8          0          0          0          0         68   __main.o
       104          0          0          0          0         84   __printf.o
         0          0          0          0          0          0   __rtentry.o
        12          0          0          0          0          0   __rtentry2.o
         6          0          0          0          0          0   __rtentry4.o
        52          8          0          0          0          0   __scatter.o
        26          0          0          0          0          0   __scatter_copy.o
        28          0          0          0          0          0   __scatter_zi.o
        48          6          0          0          0         96   _printf_char_common.o
        36          4          0          0          0         80   _printf_char_file.o
         6          0          0          0          0          0   _printf_d.o
       120         16          0          0          0         92   _printf_dec.o
       178          0          0          0          0         88   _printf_intcommon.o
         0          0          0          0          0          0   _printf_percent.o
         4          0          0          0          0          0   _printf_percent_end.o
        18          0          0          0          0         80   exit.o
         8          0          0          0          0         68   ferror.o
         6          0          0          0          0        152   heapauxi.o
         2          0          0          0          0          0   libinit.o
         6          0          0          0          0          0   libinit2.o
         2          0          0          0          0          0   libshutdown.o
         2          0          0          0          0          0   libshutdown2.o
         8          4          0          0         96         68   libspace.o
        24          4          0          0          0         84   noretval__2printf.o
         2          0          0          0          0          0   rtexit.o
        10          0          0          0          0          0   rtexit2.o
        74          0          0          0          0         80   sys_stackheap_outer.o
         2          0          0          0          0         68   use_no_semi.o
         2          0          0          0          0         68   use_no_semi_2.o
        10          0          0          0          0        116   fpinit.o
        38          0          0          0          0        196   cpu.o

    ----------------------------------------------------------------------
       852         42          0          0        100       1488   Library Totals
        10          0          0          0          4          0   (incl. Padding)

    ----------------------------------------------------------------------

      Code (inc. data)   RO Data    RW Data    ZI Data      Debug   Library Name

       794         42          0          0         96       1176   c_w.l
        10          0          0          0          0        116   fz_wm.l
        38          0          0          0          0        196   msp432p4xx_driverlib.lib

    ----------------------------------------------------------------------
       852         42          0          0        100       1488   Library Totals

    ----------------------------------------------------------------------

==============================================================================


      Code (inc. data)   RO Data    RW Data    ZI Data      Debug   

      4816        244        500         68       1124     215775   Grand Totals
      4816        244        500         68       1124     215775   ELF Image Totals
      4816        244        500         68          0          0   ROM Totals

==============================================================================

    Total RO  Size (Code + RO Data)                 5316 (   5.19kB)
    Total RW  Size (RW Data + ZI Data)              1192 (   1.16kB)
    Total ROM Size (Code + RO Data + RW Data)       5384 (   5.26kB)

==============================================================================

