Component: ARM Compiler 5.06 update 6 (build 750) Tool: armlink [4d35ed]

==============================================================================

Section Cross References

    main.o(i.main) refers to ml_delay.o(i.SysTick_Init) for SysTick_Init
    main.o(i.main) refers to ml_oled.o(i.OLED_Init) for OLED_Init
    main.o(i.main) refers to ml_gpio.o(i.gpio_init) for gpio_init
    main.o(i.main) refers to ml_gpio.o(i.gpio_get) for gpio_get
    main.o(i.main) refers to ml_delay.o(i.delay_ms) for delay_ms
    main.o(i.main) refers to ml_gpio.o(i.gpio_set) for gpio_set
    isr.o(i.ADC14_IRQHandler) refers to ml_adc.o(.data) for ADC_14
    startup_msp432p401r_uvision.o(STACK) refers (Special) to heapauxi.o(.text) for __use_two_region_memory
    startup_msp432p401r_uvision.o(HEAP) refers (Special) to heapauxi.o(.text) for __use_two_region_memory
    startup_msp432p401r_uvision.o(RESET) refers (Special) to heapauxi.o(.text) for __use_two_region_memory
    startup_msp432p401r_uvision.o(RESET) refers to startup_msp432p401r_uvision.o(STACK) for __initial_sp
    startup_msp432p401r_uvision.o(RESET) refers to startup_msp432p401r_uvision.o(.text) for Reset_Handler
    startup_msp432p401r_uvision.o(RESET) refers to isr.o(i.TA0_N_IRQHandler) for TA0_N_IRQHandler
    startup_msp432p401r_uvision.o(RESET) refers to isr.o(i.TA1_N_IRQHandler) for TA1_N_IRQHandler
    startup_msp432p401r_uvision.o(RESET) refers to isr.o(i.TA2_N_IRQHandler) for TA2_N_IRQHandler
    startup_msp432p401r_uvision.o(RESET) refers to isr.o(i.TA3_N_IRQHandler) for TA3_N_IRQHandler
    startup_msp432p401r_uvision.o(RESET) refers to isr.o(i.EUSCIA0_IRQHandler) for EUSCIA0_IRQHandler
    startup_msp432p401r_uvision.o(RESET) refers to isr.o(i.EUSCIA1_IRQHandler) for EUSCIA1_IRQHandler
    startup_msp432p401r_uvision.o(RESET) refers to isr.o(i.EUSCIA2_IRQHandler) for EUSCIA2_IRQHandler
    startup_msp432p401r_uvision.o(RESET) refers to isr.o(i.EUSCIA3_IRQHandler) for EUSCIA3_IRQHandler
    startup_msp432p401r_uvision.o(RESET) refers to isr.o(i.ADC14_IRQHandler) for ADC14_IRQHandler
    startup_msp432p401r_uvision.o(RESET) refers to isr.o(i.PORT1_IRQHandler) for PORT1_IRQHandler
    startup_msp432p401r_uvision.o(RESET) refers to isr.o(i.PORT2_IRQHandler) for PORT2_IRQHandler
    startup_msp432p401r_uvision.o(RESET) refers to isr.o(i.PORT3_IRQHandler) for PORT3_IRQHandler
    startup_msp432p401r_uvision.o(RESET) refers to isr.o(i.PORT4_IRQHandler) for PORT4_IRQHandler
    startup_msp432p401r_uvision.o(RESET) refers to isr.o(i.PORT5_IRQHandler) for PORT5_IRQHandler
    startup_msp432p401r_uvision.o(RESET) refers to isr.o(i.PORT6_IRQHandler) for PORT6_IRQHandler
    startup_msp432p401r_uvision.o(.text) refers (Special) to heapauxi.o(.text) for __use_two_region_memory
    startup_msp432p401r_uvision.o(.text) refers to system_msp432p401r.o(i.SystemInit) for SystemInit
    startup_msp432p401r_uvision.o(.text) refers to __main.o(!!!main) for __main
    startup_msp432p401r_uvision.o(.text) refers to startup_msp432p401r_uvision.o(HEAP) for Heap_Mem
    startup_msp432p401r_uvision.o(.text) refers to startup_msp432p401r_uvision.o(STACK) for Stack_Mem
    system_msp432p401r.o(i.SystemCoreClockUpdate) refers to system_msp432p401r.o(.data) for SystemCoreClock
    interrupt.o(i.Interrupt_disableInterrupt) refers to interrupt.o(.constdata) for g_pulDisRegs
    interrupt.o(i.Interrupt_disableMaster) refers to cpu.o(.emb_text) for CPU_cpsid
    interrupt.o(i.Interrupt_enableInterrupt) refers to interrupt.o(.constdata) for g_pulEnRegs
    interrupt.o(i.Interrupt_enableMaster) refers to cpu.o(.emb_text) for CPU_cpsie
    interrupt.o(i.Interrupt_getPriority) refers to interrupt.o(.constdata) for g_pulRegs
    interrupt.o(i.Interrupt_getPriorityGrouping) refers to interrupt.o(.constdata) for g_pulPriority
    interrupt.o(i.Interrupt_getPriorityMask) refers to cpu.o(.emb_text) for CPU_basepriGet
    interrupt.o(i.Interrupt_isEnabled) refers to interrupt.o(.constdata) for g_pulEnRegs
    interrupt.o(i.Interrupt_pendInterrupt) refers to interrupt.o(.constdata) for g_pulPendRegs
    interrupt.o(i.Interrupt_registerInterrupt) refers to interrupt.o(vtable) for g_pfnRAMVectors
    interrupt.o(i.Interrupt_setPriority) refers to interrupt.o(.constdata) for g_pulRegs
    interrupt.o(i.Interrupt_setPriorityGrouping) refers to interrupt.o(.constdata) for g_pulPriority
    interrupt.o(i.Interrupt_setPriorityMask) refers to cpu.o(.emb_text) for CPU_basepriSet
    interrupt.o(i.Interrupt_unpendInterrupt) refers to interrupt.o(.constdata) for g_pulUnpendRegs
    interrupt.o(i.Interrupt_unregisterInterrupt) refers to interrupt.o(i.IntDefaultHandler) for IntDefaultHandler
    interrupt.o(i.Interrupt_unregisterInterrupt) refers to interrupt.o(vtable) for g_pfnRAMVectors
    ml_gpio.o(i.gpio_get) refers to ml_gpio.o(.data) for gpio_index1
    ml_gpio.o(i.gpio_init) refers to ml_gpio.o(.data) for gpio_index1
    ml_gpio.o(i.gpio_set) refers to ml_gpio.o(.data) for gpio_index1
    ml_delay.o(i.delay_ms) refers to ml_delay.o(i.SysTick_Wait) for SysTick_Wait
    ml_oled.o(i.OLED_Clear) refers to ml_oled.o(i.OLED_SetCursor) for OLED_SetCursor
    ml_oled.o(i.OLED_Clear) refers to ml_oled.o(i.OLED_WriteData) for OLED_WriteData
    ml_oled.o(i.OLED_DrawBMP) refers to ml_oled.o(i.OLED_SetCursor) for OLED_SetCursor
    ml_oled.o(i.OLED_DrawBMP) refers to ml_oled.o(i.OLED_WriteData) for OLED_WriteData
    ml_oled.o(i.OLED_I2C_Init) refers to ml_gpio.o(i.gpio_init) for gpio_init
    ml_oled.o(i.OLED_I2C_Init) refers to ml_gpio.o(i.gpio_set) for gpio_set
    ml_oled.o(i.OLED_I2C_SendByte) refers to ml_gpio.o(i.gpio_set) for gpio_set
    ml_oled.o(i.OLED_I2C_Start) refers to ml_gpio.o(i.gpio_set) for gpio_set
    ml_oled.o(i.OLED_I2C_Stop) refers to ml_gpio.o(i.gpio_set) for gpio_set
    ml_oled.o(i.OLED_Init) refers to ml_oled.o(i.OLED_I2C_Init) for OLED_I2C_Init
    ml_oled.o(i.OLED_Init) refers to ml_oled.o(i.OLED_WriteCommand) for OLED_WriteCommand
    ml_oled.o(i.OLED_Init) refers to ml_oled.o(i.OLED_Clear) for OLED_Clear
    ml_oled.o(i.OLED_SetCursor) refers to ml_oled.o(i.OLED_WriteCommand) for OLED_WriteCommand
    ml_oled.o(i.OLED_ShowBinNum) refers to ml_oled.o(i.OLED_Pow) for OLED_Pow
    ml_oled.o(i.OLED_ShowBinNum) refers to ml_oled.o(i.OLED_ShowChar) for OLED_ShowChar
    ml_oled.o(i.OLED_ShowChar) refers to ml_oled.o(i.OLED_SetCursor) for OLED_SetCursor
    ml_oled.o(i.OLED_ShowChar) refers to ml_oled.o(i.OLED_WriteData) for OLED_WriteData
    ml_oled.o(i.OLED_ShowChar) refers to ml_oled.o(.constdata) for OLED_F8x16
    ml_oled.o(i.OLED_ShowFloat) refers to dflt_clz.o(x$fpl$dfltu) for __aeabi_ui2d
    ml_oled.o(i.OLED_ShowFloat) refers to pow.o(i.__hardfp_pow) for __hardfp_pow
    ml_oled.o(i.OLED_ShowFloat) refers to f2d.o(x$fpl$f2d) for __aeabi_f2d
    ml_oled.o(i.OLED_ShowFloat) refers to dmul.o(x$fpl$dmul) for __aeabi_dmul
    ml_oled.o(i.OLED_ShowFloat) refers to dfix.o(x$fpl$dfix) for __aeabi_d2iz
    ml_oled.o(i.OLED_ShowFloat) refers to ml_oled.o(i.OLED_ShowSignedNum) for OLED_ShowSignedNum
    ml_oled.o(i.OLED_ShowFloat) refers to ml_oled.o(i.OLED_ShowString) for OLED_ShowString
    ml_oled.o(i.OLED_ShowFloat) refers to ml_oled.o(i.OLED_ShowNum) for OLED_ShowNum
    ml_oled.o(i.OLED_ShowHexNum) refers to ml_oled.o(i.OLED_Pow) for OLED_Pow
    ml_oled.o(i.OLED_ShowHexNum) refers to ml_oled.o(i.OLED_ShowChar) for OLED_ShowChar
    ml_oled.o(i.OLED_ShowNum) refers to ml_oled.o(i.OLED_Pow) for OLED_Pow
    ml_oled.o(i.OLED_ShowNum) refers to ml_oled.o(i.OLED_ShowChar) for OLED_ShowChar
    ml_oled.o(i.OLED_ShowSignedNum) refers to ml_oled.o(i.OLED_ShowChar) for OLED_ShowChar
    ml_oled.o(i.OLED_ShowSignedNum) refers to ml_oled.o(i.OLED_Pow) for OLED_Pow
    ml_oled.o(i.OLED_ShowString) refers to ml_oled.o(i.OLED_ShowChar) for OLED_ShowChar
    ml_oled.o(i.OLED_WriteCommand) refers to ml_oled.o(i.OLED_I2C_Start) for OLED_I2C_Start
    ml_oled.o(i.OLED_WriteCommand) refers to ml_oled.o(i.OLED_I2C_SendByte) for OLED_I2C_SendByte
    ml_oled.o(i.OLED_WriteCommand) refers to ml_oled.o(i.OLED_I2C_Stop) for OLED_I2C_Stop
    ml_oled.o(i.OLED_WriteData) refers to ml_oled.o(i.OLED_I2C_Start) for OLED_I2C_Start
    ml_oled.o(i.OLED_WriteData) refers to ml_oled.o(i.OLED_I2C_SendByte) for OLED_I2C_SendByte
    ml_oled.o(i.OLED_WriteData) refers to ml_oled.o(i.OLED_I2C_Stop) for OLED_I2C_Stop
    ml_tim.o(i.tim_interrupt_ms_init) refers to interrupt.o(i.Interrupt_enableInterrupt) for Interrupt_enableInterrupt
    ml_tim.o(i.tim_interrupt_ms_init) refers to interrupt.o(i.Interrupt_enableMaster) for Interrupt_enableMaster
    ml_tim.o(i.tim_interrupt_ms_init) refers to ml_tim.o(.data) for tim_index
    ml_pwm.o(i.pwm_init) refers to ml_pwm.o(i.pwm_pin_init) for pwm_pin_init
    ml_pwm.o(i.pwm_init) refers to ml_tim.o(.data) for tim_index
    ml_pwm.o(i.pwm_pin_init) refers to ml_gpio.o(i.gpio_init) for gpio_init
    ml_pwm.o(i.pwm_update) refers to ml_tim.o(.data) for tim_index
    ml_uart.o(.rev16_text) refers (Special) to use_no_semi_2.o(.text) for __use_no_semihosting
    ml_uart.o(.revsh_text) refers (Special) to use_no_semi_2.o(.text) for __use_no_semihosting
    ml_uart.o(.rrx_text) refers (Special) to use_no_semi_2.o(.text) for __use_no_semihosting
    ml_uart.o(i._sys_exit) refers (Special) to use_no_semi_2.o(.text) for __use_no_semihosting
    ml_uart.o(i.baud_set) refers (Special) to use_no_semi_2.o(.text) for __use_no_semihosting
    ml_uart.o(i.baud_set) refers to ml_uart.o(.data) for uart_index
    ml_uart.o(i.fputc) refers (Special) to use_no_semi_2.o(.text) for __use_no_semihosting
    ml_uart.o(i.uart_getbyte) refers (Special) to use_no_semi_2.o(.text) for __use_no_semihosting
    ml_uart.o(i.uart_getbyte) refers to ml_uart.o(.data) for uart_index
    ml_uart.o(i.uart_init) refers (Special) to use_no_semi_2.o(.text) for __use_no_semihosting
    ml_uart.o(i.uart_init) refers to ml_uart.o(i.uart_pin_init) for uart_pin_init
    ml_uart.o(i.uart_init) refers to ml_uart.o(i.baud_set) for baud_set
    ml_uart.o(i.uart_init) refers to interrupt.o(i.Interrupt_enableInterrupt) for Interrupt_enableInterrupt
    ml_uart.o(i.uart_init) refers to interrupt.o(i.Interrupt_enableMaster) for Interrupt_enableMaster
    ml_uart.o(i.uart_init) refers to ml_uart.o(.data) for uart_index
    ml_uart.o(i.uart_pin_init) refers (Special) to use_no_semi_2.o(.text) for __use_no_semihosting
    ml_uart.o(i.uart_pin_init) refers to ml_gpio.o(i.gpio_init) for gpio_init
    ml_uart.o(i.uart_sendbyte) refers (Special) to use_no_semi_2.o(.text) for __use_no_semihosting
    ml_uart.o(i.uart_sendbyte) refers to ml_uart.o(.data) for uart_index
    ml_uart.o(i.uart_sendstr) refers (Special) to use_no_semi_2.o(.text) for __use_no_semihosting
    ml_uart.o(i.uart_sendstr) refers to ml_uart.o(i.uart_sendbyte) for uart_sendbyte
    ml_uart.o(.data) refers (Special) to use_no_semi_2.o(.text) for __use_no_semihosting
    ml_exti.o(i.exti_init) refers to interrupt.o(i.Interrupt_enableInterrupt) for Interrupt_enableInterrupt
    ml_exti.o(i.exti_init) refers to interrupt.o(i.Interrupt_enableMaster) for Interrupt_enableMaster
    ml_exti.o(i.exti_init) refers to ml_gpio.o(.data) for gpio_index1
    ml_adc.o(i.adc_get) refers to ml_adc.o(i.adc_start) for adc_start
    ml_adc.o(i.adc_get) refers to ml_adc.o(.data) for ADC_14
    ml_adc.o(i.adc_init) refers to ml_adc.o(i.adc_pin_init) for adc_pin_init
    ml_adc.o(i.adc_init) refers to interrupt.o(i.Interrupt_enableInterrupt) for Interrupt_enableInterrupt
    ml_adc.o(i.adc_init) refers to interrupt.o(i.Interrupt_enableMaster) for Interrupt_enableMaster
    ml_mpu6050.o(i.MPU6050_GetData) refers to ml_mpu6050.o(i.MPU6050_Read) for MPU6050_Read
    ml_mpu6050.o(i.MPU6050_GetData) refers to ml_mpu6050.o(.data) for ax
    ml_mpu6050.o(i.MPU6050_Init) refers to ml_mpu6050.o(i.MPU6050_Write) for MPU6050_Write
    ml_mpu6050.o(i.MPU6050_Read) refers to ml_i2c.o(i.I2C_Start) for I2C_Start
    ml_mpu6050.o(i.MPU6050_Read) refers to ml_i2c.o(i.I2C_SendByte) for I2C_SendByte
    ml_mpu6050.o(i.MPU6050_Read) refers to ml_i2c.o(i.I2C_WaitAck) for I2C_WaitAck
    ml_mpu6050.o(i.MPU6050_Read) refers to ml_i2c.o(i.I2C_Stop) for I2C_Stop
    ml_mpu6050.o(i.MPU6050_Read) refers to ml_i2c.o(i.I2C_ReceiveByte) for I2C_ReceiveByte
    ml_mpu6050.o(i.MPU6050_Read) refers to ml_i2c.o(i.I2C_NotSendAck) for I2C_NotSendAck
    ml_mpu6050.o(i.MPU6050_Write) refers to ml_i2c.o(i.I2C_Start) for I2C_Start
    ml_mpu6050.o(i.MPU6050_Write) refers to ml_i2c.o(i.I2C_SendByte) for I2C_SendByte
    ml_mpu6050.o(i.MPU6050_Write) refers to ml_i2c.o(i.I2C_WaitAck) for I2C_WaitAck
    ml_mpu6050.o(i.MPU6050_Write) refers to ml_i2c.o(i.I2C_Stop) for I2C_Stop
    ml_i2c.o(i.I2C_Init) refers to ml_gpio.o(i.gpio_init) for gpio_init
    ml_i2c.o(i.I2C_Init) refers to ml_gpio.o(i.gpio_set) for gpio_set
    ml_i2c.o(i.I2C_NotSendAck) refers to ml_gpio.o(i.gpio_set) for gpio_set
    ml_i2c.o(i.I2C_ReceiveByte) refers to ml_gpio.o(i.gpio_set) for gpio_set
    ml_i2c.o(i.I2C_ReceiveByte) refers to ml_gpio.o(i.gpio_get) for gpio_get
    ml_i2c.o(i.I2C_SendAck) refers to ml_gpio.o(i.gpio_set) for gpio_set
    ml_i2c.o(i.I2C_SendByte) refers to ml_gpio.o(i.gpio_set) for gpio_set
    ml_i2c.o(i.I2C_Start) refers to ml_gpio.o(i.gpio_set) for gpio_set
    ml_i2c.o(i.I2C_Stop) refers to ml_gpio.o(i.gpio_set) for gpio_set
    ml_i2c.o(i.I2C_WaitAck) refers to ml_gpio.o(i.gpio_set) for gpio_set
    ml_i2c.o(i.I2C_WaitAck) refers to ml_gpio.o(i.gpio_get) for gpio_get
    ml_hmc5883l.o(i.HMC5883L_GetData) refers to ml_hmc5883l.o(i.HMC5883L_Read) for HMC5883L_Read
    ml_hmc5883l.o(i.HMC5883L_GetData) refers to ml_hmc5883l.o(.data) for hmc_x
    ml_hmc5883l.o(i.HMC5883L_Init) refers to ml_hmc5883l.o(i.HMC5883L_Write) for HMC5883L_Write
    ml_hmc5883l.o(i.HMC5883L_Read) refers to ml_i2c.o(i.I2C_Start) for I2C_Start
    ml_hmc5883l.o(i.HMC5883L_Read) refers to ml_i2c.o(i.I2C_SendByte) for I2C_SendByte
    ml_hmc5883l.o(i.HMC5883L_Read) refers to ml_i2c.o(i.I2C_WaitAck) for I2C_WaitAck
    ml_hmc5883l.o(i.HMC5883L_Read) refers to ml_i2c.o(i.I2C_Stop) for I2C_Stop
    ml_hmc5883l.o(i.HMC5883L_Read) refers to ml_i2c.o(i.I2C_ReceiveByte) for I2C_ReceiveByte
    ml_hmc5883l.o(i.HMC5883L_Read) refers to ml_i2c.o(i.I2C_NotSendAck) for I2C_NotSendAck
    ml_hmc5883l.o(i.HMC5883L_Write) refers to ml_i2c.o(i.I2C_Start) for I2C_Start
    ml_hmc5883l.o(i.HMC5883L_Write) refers to ml_i2c.o(i.I2C_SendByte) for I2C_SendByte
    ml_hmc5883l.o(i.HMC5883L_Write) refers to ml_i2c.o(i.I2C_WaitAck) for I2C_WaitAck
    ml_hmc5883l.o(i.HMC5883L_Write) refers to ml_i2c.o(i.I2C_Stop) for I2C_Stop
    use_no_semi_2.o(.text) refers (Special) to use_no_semi.o(.text) for __use_no_semihosting_swi
    __main.o(!!!main) refers to __rtentry.o(.ARM.Collect$$rtentry$$00000000) for __rt_entry
    dfix.o(x$fpl$dfix) refers (Special) to usenofp.o(x$fpl$usenofp) for __I$use$fp
    dfix.o(x$fpl$dfix) refers to dnaninf.o(x$fpl$dnaninf) for __fpl_dnaninf
    dfix.o(x$fpl$dfixr) refers (Special) to usenofp.o(x$fpl$usenofp) for __I$use$fp
    dfix.o(x$fpl$dfixr) refers to dnaninf.o(x$fpl$dnaninf) for __fpl_dnaninf
    dflt_clz.o(x$fpl$dfltu) refers (Special) to usenofp.o(x$fpl$usenofp) for __I$use$fp
    dflt_clz.o(x$fpl$dflt) refers (Special) to usenofp.o(x$fpl$usenofp) for __I$use$fp
    dflt_clz.o(x$fpl$dfltn) refers (Special) to usenofp.o(x$fpl$usenofp) for __I$use$fp
    dmul.o(x$fpl$dmul) refers (Special) to usenofp.o(x$fpl$usenofp) for __I$use$fp
    dmul.o(x$fpl$dmul) refers to dretinf.o(x$fpl$dretinf) for __fpl_dretinf
    dmul.o(x$fpl$dmul) refers to dnaninf.o(x$fpl$dnaninf) for __fpl_dnaninf
    f2d.o(x$fpl$f2d) refers (Special) to usenofp.o(x$fpl$usenofp) for __I$use$fp
    f2d.o(x$fpl$f2d) refers to fnaninf.o(x$fpl$fnaninf) for __fpl_fnaninf
    f2d.o(x$fpl$f2d) refers to dretinf.o(x$fpl$dretinf) for __fpl_dretinf
    pow.o(i.__hardfp_pow) refers (Special) to usenofp.o(x$fpl$usenofp) for __I$use$fp
    pow.o(i.__hardfp_pow) refers to dunder.o(i.__mathlib_dbl_infnan2) for __mathlib_dbl_infnan2
    pow.o(i.__hardfp_pow) refers to _rserrno.o(.text) for __set_errno
    pow.o(i.__hardfp_pow) refers to dunder.o(i.__mathlib_dbl_divzero) for __mathlib_dbl_divzero
    pow.o(i.__hardfp_pow) refers to basic.o(x$fpl$basic) for __aeabi_dneg
    pow.o(i.__hardfp_pow) refers to dunder.o(i.__mathlib_dbl_overflow) for __mathlib_dbl_overflow
    pow.o(i.__hardfp_pow) refers to ddiv.o(x$fpl$ddiv) for __aeabi_ddiv
    pow.o(i.__hardfp_pow) refers to sqrt.o(i.sqrt) for sqrt
    pow.o(i.__hardfp_pow) refers to fabs.o(i.fabs) for fabs
    pow.o(i.__hardfp_pow) refers to dflt_clz.o(x$fpl$dflt) for __aeabi_i2d
    pow.o(i.__hardfp_pow) refers to dunder.o(i.__mathlib_dbl_invalid) for __mathlib_dbl_invalid
    pow.o(i.__hardfp_pow) refers to dmul.o(x$fpl$dmul) for __aeabi_dmul
    pow.o(i.__hardfp_pow) refers to dunder.o(i.__mathlib_dbl_underflow) for __mathlib_dbl_underflow
    pow.o(i.__hardfp_pow) refers to daddsub_clz.o(x$fpl$dsub) for __aeabi_dsub
    pow.o(i.__hardfp_pow) refers to daddsub_clz.o(x$fpl$drsb) for __aeabi_drsub
    pow.o(i.__hardfp_pow) refers to qnan.o(.constdata) for __mathlib_zero
    pow.o(i.__hardfp_pow) refers to daddsub_clz.o(x$fpl$dadd) for __aeabi_dadd
    pow.o(i.__hardfp_pow) refers to poly.o(i.__kernel_poly) for __kernel_poly
    pow.o(i.__hardfp_pow) refers to pow.o(.constdata) for .constdata
    pow.o(i.__hardfp_pow) refers to drleqf.o(x$fpl$drleqf) for __aeabi_cdrcmple
    pow.o(i.__hardfp_pow) refers to scalbn.o(x$fpl$scalbn) for __ARM_scalbn
    pow.o(i.__hardfp_pow) refers to fpclassify.o(i.__ARM_fpclassify) for __ARM_fpclassify
    pow.o(i.__softfp_pow) refers (Special) to usenofp.o(x$fpl$usenofp) for __I$use$fp
    pow.o(i.__softfp_pow) refers to pow.o(i.__hardfp_pow) for __hardfp_pow
    pow.o(i.pow) refers (Special) to usenofp.o(x$fpl$usenofp) for __I$use$fp
    pow.o(i.pow) refers to pow.o(i.__hardfp_pow) for __hardfp_pow
    pow.o(.constdata) refers (Special) to usenofp.o(x$fpl$usenofp) for __I$use$fp
    pow_x.o(i.____hardfp_pow$lsc) refers (Special) to usenofp.o(x$fpl$usenofp) for __I$use$fp
    pow_x.o(i.____hardfp_pow$lsc) refers to dunder.o(i.__mathlib_dbl_infnan2) for __mathlib_dbl_infnan2
    pow_x.o(i.____hardfp_pow$lsc) refers to _rserrno.o(.text) for __set_errno
    pow_x.o(i.____hardfp_pow$lsc) refers to basic.o(x$fpl$basic) for __aeabi_dneg
    pow_x.o(i.____hardfp_pow$lsc) refers to ddiv.o(x$fpl$ddiv) for __aeabi_ddiv
    pow_x.o(i.____hardfp_pow$lsc) refers to sqrt.o(i.sqrt) for sqrt
    pow_x.o(i.____hardfp_pow$lsc) refers to fabs.o(i.fabs) for fabs
    pow_x.o(i.____hardfp_pow$lsc) refers to dflt_clz.o(x$fpl$dflt) for __aeabi_i2d
    pow_x.o(i.____hardfp_pow$lsc) refers to dmul.o(x$fpl$dmul) for __aeabi_dmul
    pow_x.o(i.____hardfp_pow$lsc) refers to daddsub_clz.o(x$fpl$dsub) for __aeabi_dsub
    pow_x.o(i.____hardfp_pow$lsc) refers to daddsub_clz.o(x$fpl$drsb) for __aeabi_drsub
    pow_x.o(i.____hardfp_pow$lsc) refers to qnan.o(.constdata) for __mathlib_zero
    pow_x.o(i.____hardfp_pow$lsc) refers to daddsub_clz.o(x$fpl$dadd) for __aeabi_dadd
    pow_x.o(i.____hardfp_pow$lsc) refers to poly.o(i.__kernel_poly) for __kernel_poly
    pow_x.o(i.____hardfp_pow$lsc) refers to pow_x.o(.constdata) for .constdata
    pow_x.o(i.____hardfp_pow$lsc) refers to drleqf.o(x$fpl$drleqf) for __aeabi_cdrcmple
    pow_x.o(i.____hardfp_pow$lsc) refers to scalbn.o(x$fpl$scalbn) for __ARM_scalbn
    pow_x.o(i.____softfp_pow$lsc) refers (Special) to usenofp.o(x$fpl$usenofp) for __I$use$fp
    pow_x.o(i.____softfp_pow$lsc) refers to pow_x.o(i.____hardfp_pow$lsc) for ____hardfp_pow$lsc
    pow_x.o(i.__pow$lsc) refers (Special) to usenofp.o(x$fpl$usenofp) for __I$use$fp
    pow_x.o(i.__pow$lsc) refers to pow_x.o(i.____hardfp_pow$lsc) for ____hardfp_pow$lsc
    pow_x.o(.constdata) refers (Special) to usenofp.o(x$fpl$usenofp) for __I$use$fp
    __rtentry.o(.ARM.Collect$$rtentry$$00000000) refers (Special) to __rtentry2.o(.ARM.Collect$$rtentry$$0000000A) for __rt_entry_li
    __rtentry.o(.ARM.Collect$$rtentry$$00000000) refers (Special) to __rtentry2.o(.ARM.Collect$$rtentry$$0000000D) for __rt_entry_main
    __rtentry.o(.ARM.Collect$$rtentry$$00000000) refers (Special) to __rtentry2.o(.ARM.Collect$$rtentry$$0000000C) for __rt_entry_postli_1
    __rtentry.o(.ARM.Collect$$rtentry$$00000000) refers (Special) to __rtentry2.o(.ARM.Collect$$rtentry$$00000009) for __rt_entry_postsh_1
    __rtentry.o(.ARM.Collect$$rtentry$$00000000) refers (Special) to __rtentry2.o(.ARM.Collect$$rtentry$$00000002) for __rt_entry_presh_1
    __rtentry.o(.ARM.Collect$$rtentry$$00000000) refers (Special) to __rtentry4.o(.ARM.Collect$$rtentry$$00000004) for __rt_entry_sh
    _rserrno.o(.text) refers to rt_errno_addr_intlibspace.o(.text) for __aeabi_errno_addr
    basic.o(x$fpl$basic) refers (Special) to usenofp.o(x$fpl$usenofp) for __I$use$fp
    daddsub_clz.o(x$fpl$dadd) refers (Special) to usenofp.o(x$fpl$usenofp) for __I$use$fp
    daddsub_clz.o(x$fpl$dadd) refers to daddsub_clz.o(x$fpl$dsub) for _dsub1
    daddsub_clz.o(x$fpl$dadd) refers to dretinf.o(x$fpl$dretinf) for __fpl_dretinf
    daddsub_clz.o(x$fpl$dadd) refers to dnaninf.o(x$fpl$dnaninf) for __fpl_dnaninf
    daddsub_clz.o(x$fpl$drsb) refers (Special) to usenofp.o(x$fpl$usenofp) for __I$use$fp
    daddsub_clz.o(x$fpl$drsb) refers to daddsub_clz.o(x$fpl$dadd) for _dadd1
    daddsub_clz.o(x$fpl$drsb) refers to daddsub_clz.o(x$fpl$dsub) for _dsub1
    daddsub_clz.o(x$fpl$dsub) refers (Special) to usenofp.o(x$fpl$usenofp) for __I$use$fp
    daddsub_clz.o(x$fpl$dsub) refers to daddsub_clz.o(x$fpl$dadd) for _dadd1
    daddsub_clz.o(x$fpl$dsub) refers to dnaninf.o(x$fpl$dnaninf) for __fpl_dnaninf
    ddiv.o(x$fpl$drdiv) refers (Special) to usenofp.o(x$fpl$usenofp) for __I$use$fp
    ddiv.o(x$fpl$drdiv) refers to ddiv.o(x$fpl$ddiv) for ddiv_entry
    ddiv.o(x$fpl$ddiv) refers (Special) to usenofp.o(x$fpl$usenofp) for __I$use$fp
    ddiv.o(x$fpl$ddiv) refers to dretinf.o(x$fpl$dretinf) for __fpl_dretinf
    ddiv.o(x$fpl$ddiv) refers to dnaninf.o(x$fpl$dnaninf) for __fpl_dnaninf
    dnaninf.o(x$fpl$dnaninf) refers (Special) to usenofp.o(x$fpl$usenofp) for __I$use$fp
    dretinf.o(x$fpl$dretinf) refers (Special) to usenofp.o(x$fpl$usenofp) for __I$use$fp
    drleqf.o(x$fpl$drleqf) refers (Special) to usenofp.o(x$fpl$usenofp) for __I$use$fp
    drleqf.o(x$fpl$drleqf) refers to dleqf.o(x$fpl$dleqf) for __fpl_dcmple_InfNaN
    fnaninf.o(x$fpl$fnaninf) refers (Special) to usenofp.o(x$fpl$usenofp) for __I$use$fp
    scalbn.o(x$fpl$scalbn) refers (Special) to usenofp.o(x$fpl$usenofp) for __I$use$fp
    scalbn.o(x$fpl$scalbn) refers to dcheck1.o(x$fpl$dcheck1) for __fpl_dcheck_NaN1
    dunder.o(i.__mathlib_dbl_divzero) refers to ddiv.o(x$fpl$ddiv) for __aeabi_ddiv
    dunder.o(i.__mathlib_dbl_infnan) refers to daddsub_clz.o(x$fpl$dadd) for __aeabi_dadd
    dunder.o(i.__mathlib_dbl_infnan2) refers to daddsub_clz.o(x$fpl$dadd) for __aeabi_dadd
    dunder.o(i.__mathlib_dbl_invalid) refers to ddiv.o(x$fpl$ddiv) for __aeabi_ddiv
    dunder.o(i.__mathlib_dbl_overflow) refers to dmul.o(x$fpl$dmul) for __aeabi_dmul
    dunder.o(i.__mathlib_dbl_posinfnan) refers to dmul.o(x$fpl$dmul) for __aeabi_dmul
    dunder.o(i.__mathlib_dbl_underflow) refers to dmul.o(x$fpl$dmul) for __aeabi_dmul
    fabs.o(i.__hardfp_fabs) refers (Special) to usenofp.o(x$fpl$usenofp) for __I$use$fp
    fabs.o(i.__softfp_fabs) refers (Special) to usenofp.o(x$fpl$usenofp) for __I$use$fp
    fabs.o(i.fabs) refers (Special) to usenofp.o(x$fpl$usenofp) for __I$use$fp
    fpclassify.o(i.__ARM_fpclassify) refers (Special) to usenofp.o(x$fpl$usenofp) for __I$use$fp
    poly.o(i.__kernel_poly) refers (Special) to usenofp.o(x$fpl$usenofp) for __I$use$fp
    poly.o(i.__kernel_poly) refers to dmul.o(x$fpl$dmul) for __aeabi_dmul
    poly.o(i.__kernel_poly) refers to daddsub_clz.o(x$fpl$dadd) for __aeabi_dadd
    qnan.o(.constdata) refers (Special) to usenofp.o(x$fpl$usenofp) for __I$use$fp
    sqrt.o(i.__hardfp_sqrt) refers (Special) to usenofp.o(x$fpl$usenofp) for __I$use$fp
    sqrt.o(i.__hardfp_sqrt) refers to dsqrt_umaal.o(x$fpl$dsqrt) for _dsqrt
    sqrt.o(i.__hardfp_sqrt) refers to _rserrno.o(.text) for __set_errno
    sqrt.o(i.__softfp_sqrt) refers (Special) to usenofp.o(x$fpl$usenofp) for __I$use$fp
    sqrt.o(i.__softfp_sqrt) refers to dsqrt_umaal.o(x$fpl$dsqrt) for _dsqrt
    sqrt.o(i.__softfp_sqrt) refers to _rserrno.o(.text) for __set_errno
    sqrt.o(i.sqrt) refers (Special) to usenofp.o(x$fpl$usenofp) for __I$use$fp
    sqrt.o(i.sqrt) refers to dsqrt_umaal.o(x$fpl$dsqrt) for _dsqrt
    sqrt.o(i.sqrt) refers to _rserrno.o(.text) for __set_errno
    sqrt_x.o(i.____hardfp_sqrt$lsc) refers (Special) to usenofp.o(x$fpl$usenofp) for __I$use$fp
    sqrt_x.o(i.____hardfp_sqrt$lsc) refers to dleqf.o(x$fpl$dleqf) for __aeabi_cdcmple
    sqrt_x.o(i.____hardfp_sqrt$lsc) refers to _rserrno.o(.text) for __set_errno
    sqrt_x.o(i.____hardfp_sqrt$lsc) refers to dsqrt_umaal.o(x$fpl$dsqrt) for _dsqrt
    sqrt_x.o(i.____softfp_sqrt$lsc) refers (Special) to usenofp.o(x$fpl$usenofp) for __I$use$fp
    sqrt_x.o(i.____softfp_sqrt$lsc) refers to dleqf.o(x$fpl$dleqf) for __aeabi_cdcmple
    sqrt_x.o(i.____softfp_sqrt$lsc) refers to _rserrno.o(.text) for __set_errno
    sqrt_x.o(i.____softfp_sqrt$lsc) refers to dsqrt_umaal.o(x$fpl$dsqrt) for _dsqrt
    sqrt_x.o(i.__sqrt$lsc) refers (Special) to usenofp.o(x$fpl$usenofp) for __I$use$fp
    sqrt_x.o(i.__sqrt$lsc) refers to dleqf.o(x$fpl$dleqf) for __aeabi_cdcmple
    sqrt_x.o(i.__sqrt$lsc) refers to _rserrno.o(.text) for __set_errno
    sqrt_x.o(i.__sqrt$lsc) refers to dsqrt_umaal.o(x$fpl$dsqrt) for _dsqrt
    __rtentry2.o(.ARM.Collect$$rtentry$$00000008) refers to boardinit2.o(.text) for _platform_post_stackheap_init
    __rtentry2.o(.ARM.Collect$$rtentry$$0000000A) refers to libinit.o(.ARM.Collect$$libinit$$00000000) for __rt_lib_init
    __rtentry2.o(.ARM.Collect$$rtentry$$0000000B) refers to boardinit3.o(.text) for _platform_post_lib_init
    __rtentry2.o(.ARM.Collect$$rtentry$$0000000D) refers to main.o(i.main) for main
    __rtentry2.o(.ARM.Collect$$rtentry$$0000000D) refers to exit.o(.text) for exit
    __rtentry2.o(.ARM.exidx) refers to __rtentry2.o(.ARM.Collect$$rtentry$$00000001) for .ARM.Collect$$rtentry$$00000001
    __rtentry2.o(.ARM.exidx) refers to __rtentry2.o(.ARM.Collect$$rtentry$$00000008) for .ARM.Collect$$rtentry$$00000008
    __rtentry2.o(.ARM.exidx) refers to __rtentry2.o(.ARM.Collect$$rtentry$$0000000A) for .ARM.Collect$$rtentry$$0000000A
    __rtentry2.o(.ARM.exidx) refers to __rtentry2.o(.ARM.Collect$$rtentry$$0000000B) for .ARM.Collect$$rtentry$$0000000B
    __rtentry2.o(.ARM.exidx) refers to __rtentry2.o(.ARM.Collect$$rtentry$$0000000D) for .ARM.Collect$$rtentry$$0000000D
    __rtentry4.o(.ARM.Collect$$rtentry$$00000004) refers to sys_stackheap_outer.o(.text) for __user_setup_stackheap
    __rtentry4.o(.ARM.exidx) refers to __rtentry4.o(.ARM.Collect$$rtentry$$00000004) for .ARM.Collect$$rtentry$$00000004
    rt_errno_addr.o(.text) refers to rt_errno_addr.o(.bss) for __aeabi_errno_addr_data
    rt_errno_addr_intlibspace.o(.text) refers to libspace.o(.bss) for __libspace_start
    dcheck1.o(x$fpl$dcheck1) refers (Special) to usenofp.o(x$fpl$usenofp) for __I$use$fp
    dcheck1.o(x$fpl$dcheck1) refers to retnan.o(x$fpl$retnan) for __fpl_return_NaN
    dleqf.o(x$fpl$dleqf) refers (Special) to usenofp.o(x$fpl$usenofp) for __I$use$fp
    dleqf.o(x$fpl$dleqf) refers to dnaninf.o(x$fpl$dnaninf) for __fpl_dnaninf
    dleqf.o(x$fpl$dleqf) refers to dcmpi.o(x$fpl$dcmpinf) for __fpl_dcmp_Inf
    dsqrt_umaal.o(x$fpl$dsqrt) refers (Special) to usenofp.o(x$fpl$usenofp) for __I$use$fp
    dsqrt_umaal.o(x$fpl$dsqrt) refers to dnaninf.o(x$fpl$dnaninf) for __fpl_dnaninf
    libspace.o(.text) refers to libspace.o(.bss) for __libspace_start
    sys_stackheap_outer.o(.text) refers to libspace.o(.text) for __user_perproc_libspace
    sys_stackheap_outer.o(.text) refers to startup_msp432p401r_uvision.o(.text) for __user_initial_stackheap
    exit.o(.text) refers to rtexit.o(.ARM.Collect$$rtexit$$00000000) for __rt_exit
    libinit.o(.ARM.Collect$$libinit$$00000000) refers (Special) to libinit2.o(.ARM.Collect$$libinit$$0000002E) for __rt_lib_init_alloca_1
    libinit.o(.ARM.Collect$$libinit$$00000000) refers (Special) to libinit2.o(.ARM.Collect$$libinit$$0000002C) for __rt_lib_init_argv_1
    libinit.o(.ARM.Collect$$libinit$$00000000) refers (Special) to libinit2.o(.ARM.Collect$$libinit$$0000001B) for __rt_lib_init_atexit_1
    libinit.o(.ARM.Collect$$libinit$$00000000) refers (Special) to libinit2.o(.ARM.Collect$$libinit$$00000021) for __rt_lib_init_clock_1
    libinit.o(.ARM.Collect$$libinit$$00000000) refers (Special) to libinit2.o(.ARM.Collect$$libinit$$00000032) for __rt_lib_init_cpp_1
    libinit.o(.ARM.Collect$$libinit$$00000000) refers (Special) to libinit2.o(.ARM.Collect$$libinit$$00000030) for __rt_lib_init_exceptions_1
    libinit.o(.ARM.Collect$$libinit$$00000000) refers (Special) to libinit2.o(.ARM.Collect$$libinit$$00000001) for __rt_lib_init_fp_1
    libinit.o(.ARM.Collect$$libinit$$00000000) refers (Special) to libinit2.o(.ARM.Collect$$libinit$$0000001F) for __rt_lib_init_fp_trap_1
    libinit.o(.ARM.Collect$$libinit$$00000000) refers (Special) to libinit2.o(.ARM.Collect$$libinit$$00000023) for __rt_lib_init_getenv_1
    libinit.o(.ARM.Collect$$libinit$$00000000) refers (Special) to libinit2.o(.ARM.Collect$$libinit$$0000000A) for __rt_lib_init_heap_1
    libinit.o(.ARM.Collect$$libinit$$00000000) refers (Special) to libinit2.o(.ARM.Collect$$libinit$$00000011) for __rt_lib_init_lc_collate_1
    libinit.o(.ARM.Collect$$libinit$$00000000) refers (Special) to libinit2.o(.ARM.Collect$$libinit$$00000013) for __rt_lib_init_lc_ctype_1
    libinit.o(.ARM.Collect$$libinit$$00000000) refers (Special) to libinit2.o(.ARM.Collect$$libinit$$00000015) for __rt_lib_init_lc_monetary_1
    libinit.o(.ARM.Collect$$libinit$$00000000) refers (Special) to libinit2.o(.ARM.Collect$$libinit$$00000017) for __rt_lib_init_lc_numeric_1
    libinit.o(.ARM.Collect$$libinit$$00000000) refers (Special) to libinit2.o(.ARM.Collect$$libinit$$00000019) for __rt_lib_init_lc_time_1
    libinit.o(.ARM.Collect$$libinit$$00000000) refers (Special) to libinit2.o(.ARM.Collect$$libinit$$00000004) for __rt_lib_init_preinit_1
    libinit.o(.ARM.Collect$$libinit$$00000000) refers (Special) to libinit2.o(.ARM.Collect$$libinit$$0000000E) for __rt_lib_init_rand_1
    libinit.o(.ARM.Collect$$libinit$$00000000) refers (Special) to libinit2.o(.ARM.Collect$$libinit$$00000033) for __rt_lib_init_return
    libinit.o(.ARM.Collect$$libinit$$00000000) refers (Special) to libinit2.o(.ARM.Collect$$libinit$$0000001D) for __rt_lib_init_signal_1
    libinit.o(.ARM.Collect$$libinit$$00000000) refers (Special) to libinit2.o(.ARM.Collect$$libinit$$00000025) for __rt_lib_init_stdio_1
    libinit.o(.ARM.Collect$$libinit$$00000000) refers (Special) to libinit2.o(.ARM.Collect$$libinit$$0000000C) for __rt_lib_init_user_alloc_1
    dcmpi.o(x$fpl$dcmpinf) refers (Special) to usenofp.o(x$fpl$usenofp) for __I$use$fp
    retnan.o(x$fpl$retnan) refers (Special) to usenofp.o(x$fpl$usenofp) for __I$use$fp
    retnan.o(x$fpl$retnan) refers to trapv.o(x$fpl$trapveneer) for __fpl_cmpreturn
    rtexit.o(.ARM.Collect$$rtexit$$00000000) refers (Special) to rtexit2.o(.ARM.Collect$$rtexit$$00000004) for __rt_exit_exit
    rtexit.o(.ARM.Collect$$rtexit$$00000000) refers (Special) to rtexit2.o(.ARM.Collect$$rtexit$$00000003) for __rt_exit_ls
    rtexit.o(.ARM.Collect$$rtexit$$00000000) refers (Special) to rtexit2.o(.ARM.Collect$$rtexit$$00000002) for __rt_exit_prels_1
    rtexit.o(.ARM.exidx) refers (Special) to rtexit2.o(.ARM.Collect$$rtexit$$00000004) for __rt_exit_exit
    rtexit.o(.ARM.exidx) refers (Special) to rtexit2.o(.ARM.Collect$$rtexit$$00000003) for __rt_exit_ls
    rtexit.o(.ARM.exidx) refers (Special) to rtexit2.o(.ARM.Collect$$rtexit$$00000002) for __rt_exit_prels_1
    rtexit.o(.ARM.exidx) refers to rtexit.o(.ARM.Collect$$rtexit$$00000000) for .ARM.Collect$$rtexit$$00000000
    libinit2.o(.ARM.Collect$$libinit$$00000001) refers to fpinit.o(x$fpl$fpinit) for _fp_init
    libinit2.o(.ARM.Collect$$libinit$$00000010) refers to libinit2.o(.ARM.Collect$$libinit$$0000000F) for .ARM.Collect$$libinit$$0000000F
    libinit2.o(.ARM.Collect$$libinit$$00000012) refers to libinit2.o(.ARM.Collect$$libinit$$0000000F) for .ARM.Collect$$libinit$$0000000F
    libinit2.o(.ARM.Collect$$libinit$$00000014) refers to libinit2.o(.ARM.Collect$$libinit$$0000000F) for .ARM.Collect$$libinit$$0000000F
    libinit2.o(.ARM.Collect$$libinit$$00000016) refers to libinit2.o(.ARM.Collect$$libinit$$0000000F) for .ARM.Collect$$libinit$$0000000F
    libinit2.o(.ARM.Collect$$libinit$$00000018) refers to libinit2.o(.ARM.Collect$$libinit$$0000000F) for .ARM.Collect$$libinit$$0000000F
    libinit2.o(.ARM.Collect$$libinit$$00000026) refers to argv_veneer.o(.emb_text) for __ARM_argv_veneer
    libinit2.o(.ARM.Collect$$libinit$$00000027) refers to argv_veneer.o(.emb_text) for __ARM_argv_veneer
    trapv.o(x$fpl$trapveneer) refers (Special) to usenofp.o(x$fpl$usenofp) for __I$use$fp
    rtexit2.o(.ARM.Collect$$rtexit$$00000003) refers to libshutdown.o(.ARM.Collect$$libshutdown$$00000000) for __rt_lib_shutdown
    rtexit2.o(.ARM.Collect$$rtexit$$00000004) refers to ml_uart.o(i._sys_exit) for _sys_exit
    rtexit2.o(.ARM.exidx) refers to rtexit2.o(.ARM.Collect$$rtexit$$00000001) for .ARM.Collect$$rtexit$$00000001
    rtexit2.o(.ARM.exidx) refers to rtexit2.o(.ARM.Collect$$rtexit$$00000003) for .ARM.Collect$$rtexit$$00000003
    rtexit2.o(.ARM.exidx) refers to rtexit2.o(.ARM.Collect$$rtexit$$00000004) for .ARM.Collect$$rtexit$$00000004
    argv_veneer.o(.emb_text) refers to no_argv.o(.text) for __ARM_get_argv
    _get_argv_nomalloc.o(.text) refers (Special) to hrguard.o(.text) for __heap_region$guard
    _get_argv_nomalloc.o(.text) refers to defsig_rtmem_outer.o(.text) for __rt_SIGRTMEM
    _get_argv_nomalloc.o(.text) refers to sys_command.o(.text) for _sys_command_string
    libshutdown.o(.ARM.Collect$$libshutdown$$00000000) refers (Special) to libshutdown2.o(.ARM.Collect$$libshutdown$$00000002) for __rt_lib_shutdown_cpp_1
    libshutdown.o(.ARM.Collect$$libshutdown$$00000000) refers (Special) to libshutdown2.o(.ARM.Collect$$libshutdown$$00000007) for __rt_lib_shutdown_fp_trap_1
    libshutdown.o(.ARM.Collect$$libshutdown$$00000000) refers (Special) to libshutdown2.o(.ARM.Collect$$libshutdown$$0000000F) for __rt_lib_shutdown_heap_1
    libshutdown.o(.ARM.Collect$$libshutdown$$00000000) refers (Special) to libshutdown2.o(.ARM.Collect$$libshutdown$$00000010) for __rt_lib_shutdown_return
    libshutdown.o(.ARM.Collect$$libshutdown$$00000000) refers (Special) to libshutdown2.o(.ARM.Collect$$libshutdown$$0000000A) for __rt_lib_shutdown_signal_1
    libshutdown.o(.ARM.Collect$$libshutdown$$00000000) refers (Special) to libshutdown2.o(.ARM.Collect$$libshutdown$$00000004) for __rt_lib_shutdown_stdio_1
    libshutdown.o(.ARM.Collect$$libshutdown$$00000000) refers (Special) to libshutdown2.o(.ARM.Collect$$libshutdown$$0000000C) for __rt_lib_shutdown_user_alloc_1
    sys_command.o(.text) refers (Special) to use_no_semi.o(.text) for __I$use$semihosting
    sys_command.o(.text) refers (Special) to indicate_semi.o(.text) for __semihosting_library_function
    defsig_rtmem_outer.o(.text) refers to defsig_rtmem_inner.o(.text) for __rt_SIGRTMEM_inner
    defsig_rtmem_outer.o(.text) refers to defsig_exit.o(.text) for __sig_exit
    defsig_rtmem_formal.o(.text) refers to rt_raise.o(.text) for __rt_raise
    rt_raise.o(.text) refers to __raise.o(.text) for __raise
    rt_raise.o(.text) refers to ml_uart.o(i._sys_exit) for _sys_exit
    defsig_exit.o(.text) refers to ml_uart.o(i._sys_exit) for _sys_exit
    defsig_rtmem_inner.o(.text) refers to defsig_general.o(.text) for __default_signal_display
    __raise.o(.text) refers to defsig.o(CL$$defsig) for __default_signal_handler
    defsig_general.o(.text) refers to sys_wrch.o(.text) for _ttywrch
    sys_wrch.o(.text) refers (Special) to use_no_semi.o(.text) for __I$use$semihosting
    sys_wrch.o(.text) refers (Special) to indicate_semi.o(.text) for __semihosting_library_function
    defsig.o(CL$$defsig) refers to defsig_rtmem_inner.o(.text) for __rt_SIGRTMEM_inner
    defsig_abrt_inner.o(.text) refers to defsig_general.o(.text) for __default_signal_display
    defsig_fpe_inner.o(.text) refers to defsig_general.o(.text) for __default_signal_display
    defsig_rtred_inner.o(.text) refers to defsig_general.o(.text) for __default_signal_display
    defsig_stak_inner.o(.text) refers to defsig_general.o(.text) for __default_signal_display
    defsig_pvfn_inner.o(.text) refers to defsig_general.o(.text) for __default_signal_display
    defsig_cppl_inner.o(.text) refers to defsig_general.o(.text) for __default_signal_display
    defsig_segv_inner.o(.text) refers to defsig_general.o(.text) for __default_signal_display
    defsig_other.o(.text) refers to defsig_general.o(.text) for __default_signal_display


==============================================================================

Removing Unused input sections from the image.

    Removing main.o(.rev16_text), (4 bytes).
    Removing main.o(.revsh_text), (4 bytes).
    Removing main.o(.rrx_text), (6 bytes).
    Removing isr.o(.rev16_text), (4 bytes).
    Removing isr.o(.revsh_text), (4 bytes).
    Removing isr.o(.rrx_text), (6 bytes).
    Removing system_msp432p401r.o(.rev16_text), (4 bytes).
    Removing system_msp432p401r.o(.revsh_text), (4 bytes).
    Removing system_msp432p401r.o(.rrx_text), (6 bytes).
    Removing system_msp432p401r.o(i.SystemCoreClockUpdate), (628 bytes).
    Removing system_msp432p401r.o(.data), (4 bytes).
    Removing interrupt.o(.rev16_text), (4 bytes).
    Removing interrupt.o(.revsh_text), (4 bytes).
    Removing interrupt.o(.rrx_text), (6 bytes).
    Removing interrupt.o(i.IntDefaultHandler), (4 bytes).
    Removing interrupt.o(i.Interrupt_disableInterrupt), (116 bytes).
    Removing interrupt.o(i.Interrupt_disableMaster), (16 bytes).
    Removing interrupt.o(i.Interrupt_disableSleepOnIsrExit), (20 bytes).
    Removing interrupt.o(i.Interrupt_enableInterrupt), (116 bytes).
    Removing interrupt.o(i.Interrupt_enableMaster), (16 bytes).
    Removing interrupt.o(i.Interrupt_enableSleepOnIsrExit), (20 bytes).
    Removing interrupt.o(i.Interrupt_getPriority), (28 bytes).
    Removing interrupt.o(i.Interrupt_getPriorityGrouping), (44 bytes).
    Removing interrupt.o(i.Interrupt_getPriorityMask), (10 bytes).
    Removing interrupt.o(i.Interrupt_getVectorTableAddress), (12 bytes).
    Removing interrupt.o(i.Interrupt_isEnabled), (116 bytes).
    Removing interrupt.o(i.Interrupt_pendInterrupt), (96 bytes).
    Removing interrupt.o(i.Interrupt_registerInterrupt), (60 bytes).
    Removing interrupt.o(i.Interrupt_setPriority), (52 bytes).
    Removing interrupt.o(i.Interrupt_setPriorityGrouping), (28 bytes).
    Removing interrupt.o(i.Interrupt_setPriorityMask), (12 bytes).
    Removing interrupt.o(i.Interrupt_setVectorTableAddress), (12 bytes).
    Removing interrupt.o(i.Interrupt_unpendInterrupt), (76 bytes).
    Removing interrupt.o(i.Interrupt_unregisterInterrupt), (20 bytes).
    Removing interrupt.o(.constdata), (144 bytes).
    Removing interrupt.o(vtable), (228 bytes).
    Removing ml_gpio.o(.rev16_text), (4 bytes).
    Removing ml_gpio.o(.revsh_text), (4 bytes).
    Removing ml_gpio.o(.rrx_text), (6 bytes).
    Removing ml_delay.o(.rev16_text), (4 bytes).
    Removing ml_delay.o(.revsh_text), (4 bytes).
    Removing ml_delay.o(.rrx_text), (6 bytes).
    Removing ml_oled.o(.rev16_text), (4 bytes).
    Removing ml_oled.o(.revsh_text), (4 bytes).
    Removing ml_oled.o(.rrx_text), (6 bytes).
    Removing ml_oled.o(i.OLED_DrawBMP), (116 bytes).
    Removing ml_oled.o(i.OLED_Pow), (20 bytes).
    Removing ml_oled.o(i.OLED_ShowBinNum), (62 bytes).
    Removing ml_oled.o(i.OLED_ShowChar), (116 bytes).
    Removing ml_oled.o(i.OLED_ShowFloat), (168 bytes).
    Removing ml_oled.o(i.OLED_ShowHexNum), (84 bytes).
    Removing ml_oled.o(i.OLED_ShowNum), (68 bytes).
    Removing ml_oled.o(i.OLED_ShowSignedNum), (102 bytes).
    Removing ml_oled.o(i.OLED_ShowString), (40 bytes).
    Removing ml_oled.o(.constdata), (1520 bytes).
    Removing ml_tim.o(.rev16_text), (4 bytes).
    Removing ml_tim.o(.revsh_text), (4 bytes).
    Removing ml_tim.o(.rrx_text), (6 bytes).
    Removing ml_tim.o(i.tim_interrupt_ms_init), (164 bytes).
    Removing ml_tim.o(.data), (16 bytes).
    Removing ml_pwm.o(.rev16_text), (4 bytes).
    Removing ml_pwm.o(.revsh_text), (4 bytes).
    Removing ml_pwm.o(.rrx_text), (6 bytes).
    Removing ml_pwm.o(i.pwm_init), (184 bytes).
    Removing ml_pwm.o(i.pwm_pin_init), (360 bytes).
    Removing ml_pwm.o(i.pwm_update), (84 bytes).
    Removing ml_uart.o(.rev16_text), (4 bytes).
    Removing ml_uart.o(.revsh_text), (4 bytes).
    Removing ml_uart.o(.rrx_text), (6 bytes).
    Removing ml_uart.o(i.baud_set), (132 bytes).
    Removing ml_uart.o(i.fputc), (28 bytes).
    Removing ml_uart.o(i.uart_getbyte), (20 bytes).
    Removing ml_uart.o(i.uart_init), (120 bytes).
    Removing ml_uart.o(i.uart_pin_init), (216 bytes).
    Removing ml_uart.o(i.uart_sendbyte), (32 bytes).
    Removing ml_uart.o(i.uart_sendstr), (26 bytes).
    Removing ml_uart.o(.data), (20 bytes).
    Removing ml_exti.o(.rev16_text), (4 bytes).
    Removing ml_exti.o(.revsh_text), (4 bytes).
    Removing ml_exti.o(.rrx_text), (6 bytes).
    Removing ml_exti.o(i.exti_init), (800 bytes).
    Removing ml_adc.o(.rev16_text), (4 bytes).
    Removing ml_adc.o(.revsh_text), (4 bytes).
    Removing ml_adc.o(.rrx_text), (6 bytes).
    Removing ml_adc.o(i.adc_get), (40 bytes).
    Removing ml_adc.o(i.adc_init), (108 bytes).
    Removing ml_adc.o(i.adc_pin_init), (272 bytes).
    Removing ml_adc.o(i.adc_start), (68 bytes).
    Removing ml_mpu6050.o(.rev16_text), (4 bytes).
    Removing ml_mpu6050.o(.revsh_text), (4 bytes).
    Removing ml_mpu6050.o(.rrx_text), (6 bytes).
    Removing ml_mpu6050.o(i.MPU6050_GetData), (184 bytes).
    Removing ml_mpu6050.o(i.MPU6050_Init), (52 bytes).
    Removing ml_mpu6050.o(i.MPU6050_Read), (64 bytes).
    Removing ml_mpu6050.o(i.MPU6050_Write), (46 bytes).
    Removing ml_mpu6050.o(.data), (12 bytes).
    Removing ml_i2c.o(.rev16_text), (4 bytes).
    Removing ml_i2c.o(.revsh_text), (4 bytes).
    Removing ml_i2c.o(.rrx_text), (6 bytes).
    Removing ml_i2c.o(i.I2C_Init), (44 bytes).
    Removing ml_i2c.o(i.I2C_NotSendAck), (34 bytes).
    Removing ml_i2c.o(i.I2C_ReceiveByte), (64 bytes).
    Removing ml_i2c.o(i.I2C_SendAck), (34 bytes).
    Removing ml_i2c.o(i.I2C_SendByte), (66 bytes).
    Removing ml_i2c.o(i.I2C_Start), (44 bytes).
    Removing ml_i2c.o(i.I2C_Stop), (34 bytes).
    Removing ml_i2c.o(i.I2C_WaitAck), (48 bytes).
    Removing ml_hmc5883l.o(.rev16_text), (4 bytes).
    Removing ml_hmc5883l.o(.revsh_text), (4 bytes).
    Removing ml_hmc5883l.o(.rrx_text), (6 bytes).
    Removing ml_hmc5883l.o(i.HMC5883L_GetData), (96 bytes).
    Removing ml_hmc5883l.o(i.HMC5883L_Init), (28 bytes).
    Removing ml_hmc5883l.o(i.HMC5883L_Read), (64 bytes).
    Removing ml_hmc5883l.o(i.HMC5883L_Write), (46 bytes).
    Removing ml_hmc5883l.o(.data), (6 bytes).
    Removing cpu.o(.rev16_text), (4 bytes).
    Removing cpu.o(.revsh_text), (4 bytes).
    Removing cpu.o(.rrx_text), (6 bytes).
    Removing cpu.o(.emb_text), (38 bytes).

119 unused section(s) (total 8092 bytes) removed from the image.

==============================================================================

Image Symbol Table

    Local Symbols

    Symbol Name                              Value     Ov Type        Size  Object(Section)

    RESET                                    0x00000000   Section      324  startup_msp432p401r_uvision.o(RESET)
    ../clib/angel/boardlib.s                 0x00000000   Number         0  boardinit2.o ABSOLUTE
    ../clib/angel/boardlib.s                 0x00000000   Number         0  boardinit3.o ABSOLUTE
    ../clib/angel/boardlib.s                 0x00000000   Number         0  boardinit1.o ABSOLUTE
    ../clib/angel/boardlib.s                 0x00000000   Number         0  boardshut.o ABSOLUTE
    ../clib/angel/handlers.s                 0x00000000   Number         0  __scatter_copy.o ABSOLUTE
    ../clib/angel/handlers.s                 0x00000000   Number         0  __scatter_zi.o ABSOLUTE
    ../clib/angel/kernel.s                   0x00000000   Number         0  __rtentry4.o ABSOLUTE
    ../clib/angel/kernel.s                   0x00000000   Number         0  __rtentry2.o ABSOLUTE
    ../clib/angel/kernel.s                   0x00000000   Number         0  rtexit.o ABSOLUTE
    ../clib/angel/kernel.s                   0x00000000   Number         0  __rtentry.o ABSOLUTE
    ../clib/angel/kernel.s                   0x00000000   Number         0  rtexit2.o ABSOLUTE
    ../clib/angel/rt.s                       0x00000000   Number         0  rt_errno_addr.o ABSOLUTE
    ../clib/angel/rt.s                       0x00000000   Number         0  rt_errno_addr_intlibspace.o ABSOLUTE
    ../clib/angel/rt.s                       0x00000000   Number         0  rt_raise.o ABSOLUTE
    ../clib/angel/scatter.s                  0x00000000   Number         0  __scatter.o ABSOLUTE
    ../clib/angel/startup.s                  0x00000000   Number         0  __main.o ABSOLUTE
    ../clib/angel/sys.s                      0x00000000   Number         0  libspace.o ABSOLUTE
    ../clib/angel/sys.s                      0x00000000   Number         0  indicate_semi.o ABSOLUTE
    ../clib/angel/sys.s                      0x00000000   Number         0  use_no_semi.o ABSOLUTE
    ../clib/angel/sys.s                      0x00000000   Number         0  use_no_semi_2.o ABSOLUTE
    ../clib/angel/sys.s                      0x00000000   Number         0  sys_stackheap_outer.o ABSOLUTE
    ../clib/angel/sysapp.c                   0x00000000   Number         0  sys_wrch.o ABSOLUTE
    ../clib/angel/sysapp.c                   0x00000000   Number         0  sys_command.o ABSOLUTE
    ../clib/armsys.c                         0x00000000   Number         0  no_argv.o ABSOLUTE
    ../clib/armsys.c                         0x00000000   Number         0  _get_argv_nomalloc.o ABSOLUTE
    ../clib/armsys.c                         0x00000000   Number         0  argv_veneer.o ABSOLUTE
    ../clib/armsys.c                         0x00000000   Number         0  argv_veneer.o ABSOLUTE
    ../clib/fenv.c                           0x00000000   Number         0  _rserrno.o ABSOLUTE
    ../clib/heapalloc.c                      0x00000000   Number         0  hrguard.o ABSOLUTE
    ../clib/heapaux.c                        0x00000000   Number         0  heapauxi.o ABSOLUTE
    ../clib/libinit.s                        0x00000000   Number         0  libinit2.o ABSOLUTE
    ../clib/libinit.s                        0x00000000   Number         0  libinit.o ABSOLUTE
    ../clib/libinit.s                        0x00000000   Number         0  libshutdown2.o ABSOLUTE
    ../clib/libinit.s                        0x00000000   Number         0  libshutdown.o ABSOLUTE
    ../clib/signal.c                         0x00000000   Number         0  __raise.o ABSOLUTE
    ../clib/signal.c                         0x00000000   Number         0  defsig_rtmem_inner.o ABSOLUTE
    ../clib/signal.c                         0x00000000   Number         0  defsig_exit.o ABSOLUTE
    ../clib/signal.c                         0x00000000   Number         0  defsig_cppl_inner.o ABSOLUTE
    ../clib/signal.c                         0x00000000   Number         0  defsig_pvfn_inner.o ABSOLUTE
    ../clib/signal.c                         0x00000000   Number         0  defsig_rtred_inner.o ABSOLUTE
    ../clib/signal.c                         0x00000000   Number         0  defsig_segv_inner.o ABSOLUTE
    ../clib/signal.c                         0x00000000   Number         0  defsig_other.o ABSOLUTE
    ../clib/signal.c                         0x00000000   Number         0  defsig_stak_inner.o ABSOLUTE
    ../clib/signal.c                         0x00000000   Number         0  defsig_fpe_inner.o ABSOLUTE
    ../clib/signal.c                         0x00000000   Number         0  defsig_abrt_inner.o ABSOLUTE
    ../clib/signal.c                         0x00000000   Number         0  defsig_general.o ABSOLUTE
    ../clib/signal.c                         0x00000000   Number         0  defsig_rtmem_outer.o ABSOLUTE
    ../clib/signal.c                         0x00000000   Number         0  defsig_rtmem_formal.o ABSOLUTE
    ../clib/signal.s                         0x00000000   Number         0  defsig.o ABSOLUTE
    ../clib/stdlib.c                         0x00000000   Number         0  exit.o ABSOLUTE
    ../fplib/basic.s                         0x00000000   Number         0  basic.o ABSOLUTE
    ../fplib/daddsub.s                       0x00000000   Number         0  daddsub_clz.o ABSOLUTE
    ../fplib/dcheck1.s                       0x00000000   Number         0  dcheck1.o ABSOLUTE
    ../fplib/dcmpi.s                         0x00000000   Number         0  dcmpi.o ABSOLUTE
    ../fplib/ddiv.s                          0x00000000   Number         0  ddiv.o ABSOLUTE
    ../fplib/dfix.s                          0x00000000   Number         0  dfix.o ABSOLUTE
    ../fplib/dflt.s                          0x00000000   Number         0  dflt_clz.o ABSOLUTE
    ../fplib/dleqf.s                         0x00000000   Number         0  dleqf.o ABSOLUTE
    ../fplib/dmul.s                          0x00000000   Number         0  dmul.o ABSOLUTE
    ../fplib/dnaninf.s                       0x00000000   Number         0  dnaninf.o ABSOLUTE
    ../fplib/dretinf.s                       0x00000000   Number         0  dretinf.o ABSOLUTE
    ../fplib/drleqf.s                        0x00000000   Number         0  drleqf.o ABSOLUTE
    ../fplib/dsqrt.s                         0x00000000   Number         0  dsqrt_umaal.o ABSOLUTE
    ../fplib/f2d.s                           0x00000000   Number         0  f2d.o ABSOLUTE
    ../fplib/fnaninf.s                       0x00000000   Number         0  fnaninf.o ABSOLUTE
    ../fplib/fpinit.s                        0x00000000   Number         0  fpinit.o ABSOLUTE
    ../fplib/retnan.s                        0x00000000   Number         0  retnan.o ABSOLUTE
    ../fplib/scalbn.s                        0x00000000   Number         0  scalbn.o ABSOLUTE
    ../fplib/trapv.s                         0x00000000   Number         0  trapv.o ABSOLUTE
    ../fplib/usenofp.s                       0x00000000   Number         0  usenofp.o ABSOLUTE
    ../mathlib/dunder.c                      0x00000000   Number         0  dunder.o ABSOLUTE
    ../mathlib/fabs.c                        0x00000000   Number         0  fabs.o ABSOLUTE
    ../mathlib/fpclassify.c                  0x00000000   Number         0  fpclassify.o ABSOLUTE
    ../mathlib/poly.c                        0x00000000   Number         0  poly.o ABSOLUTE
    ../mathlib/pow.c                         0x00000000   Number         0  pow_x.o ABSOLUTE
    ../mathlib/pow.c                         0x00000000   Number         0  pow.o ABSOLUTE
    ../mathlib/qnan.c                        0x00000000   Number         0  qnan.o ABSOLUTE
    ../mathlib/sqrt.c                        0x00000000   Number         0  sqrt.o ABSOLUTE
    ../mathlib/sqrt.c                        0x00000000   Number         0  sqrt_x.o ABSOLUTE
    ..\\ml_libs\\ml_adc.c                    0x00000000   Number         0  ml_adc.o ABSOLUTE
    ..\\ml_libs\\ml_delay.c                  0x00000000   Number         0  ml_delay.o ABSOLUTE
    ..\\ml_libs\\ml_exti.c                   0x00000000   Number         0  ml_exti.o ABSOLUTE
    ..\\ml_libs\\ml_gpio.c                   0x00000000   Number         0  ml_gpio.o ABSOLUTE
    ..\\ml_libs\\ml_hmc5883l.c               0x00000000   Number         0  ml_hmc5883l.o ABSOLUTE
    ..\\ml_libs\\ml_i2c.c                    0x00000000   Number         0  ml_i2c.o ABSOLUTE
    ..\\ml_libs\\ml_mpu6050.c                0x00000000   Number         0  ml_mpu6050.o ABSOLUTE
    ..\\ml_libs\\ml_oled.c                   0x00000000   Number         0  ml_oled.o ABSOLUTE
    ..\\ml_libs\\ml_pwm.c                    0x00000000   Number         0  ml_pwm.o ABSOLUTE
    ..\\ml_libs\\ml_tim.c                    0x00000000   Number         0  ml_tim.o ABSOLUTE
    ..\\ml_libs\\ml_uart.c                   0x00000000   Number         0  ml_uart.o ABSOLUTE
    ..\\sys\\driverlib\\MSP432P4xx\\interrupt.c 0x00000000   Number         0  interrupt.o ABSOLUTE
    ..\\sys\\start_up\\system_msp432p401r.c  0x00000000   Number         0  system_msp432p401r.o ABSOLUTE
    ..\ml_libs\ml_adc.c                      0x00000000   Number         0  ml_adc.o ABSOLUTE
    ..\ml_libs\ml_delay.c                    0x00000000   Number         0  ml_delay.o ABSOLUTE
    ..\ml_libs\ml_exti.c                     0x00000000   Number         0  ml_exti.o ABSOLUTE
    ..\ml_libs\ml_gpio.c                     0x00000000   Number         0  ml_gpio.o ABSOLUTE
    ..\ml_libs\ml_hmc5883l.c                 0x00000000   Number         0  ml_hmc5883l.o ABSOLUTE
    ..\ml_libs\ml_i2c.c                      0x00000000   Number         0  ml_i2c.o ABSOLUTE
    ..\ml_libs\ml_mpu6050.c                  0x00000000   Number         0  ml_mpu6050.o ABSOLUTE
    ..\ml_libs\ml_oled.c                     0x00000000   Number         0  ml_oled.o ABSOLUTE
    ..\ml_libs\ml_pwm.c                      0x00000000   Number         0  ml_pwm.o ABSOLUTE
    ..\ml_libs\ml_tim.c                      0x00000000   Number         0  ml_tim.o ABSOLUTE
    ..\ml_libs\ml_uart.c                     0x00000000   Number         0  ml_uart.o ABSOLUTE
    ..\sys\driverlib\MSP432P4xx\interrupt.c  0x00000000   Number         0  interrupt.o ABSOLUTE
    ..\sys\start_up\startup_msp432p401r_uvision.s 0x00000000   Number         0  startup_msp432p401r_uvision.o ABSOLUTE
    ..\sys\start_up\system_msp432p401r.c     0x00000000   Number         0  system_msp432p401r.o ABSOLUTE
    cpu.c                                    0x00000000   Number         0  cpu.o ABSOLUTE
    cpu.c                                    0x00000000   Number         0  cpu.o ABSOLUTE
    dc.s                                     0x00000000   Number         0  dc.o ABSOLUTE
    isr.c                                    0x00000000   Number         0  isr.o ABSOLUTE
    isr.c                                    0x00000000   Number         0  isr.o ABSOLUTE
    main.c                                   0x00000000   Number         0  main.o ABSOLUTE
    main.c                                   0x00000000   Number         0  main.o ABSOLUTE
    !!!main                                  0x00000144   Section        8  __main.o(!!!main)
    !!!scatter                               0x0000014c   Section       52  __scatter.o(!!!scatter)
    !!handler_copy                           0x00000180   Section       26  __scatter_copy.o(!!handler_copy)
    !!handler_zi                             0x0000019c   Section       28  __scatter_zi.o(!!handler_zi)
    .ARM.Collect$$libinit$$00000000          0x000001b8   Section        2  libinit.o(.ARM.Collect$$libinit$$00000000)
    .ARM.Collect$$libinit$$00000001          0x000001ba   Section        4  libinit2.o(.ARM.Collect$$libinit$$00000001)
    .ARM.Collect$$libinit$$00000004          0x000001be   Section        0  libinit2.o(.ARM.Collect$$libinit$$00000004)
    .ARM.Collect$$libinit$$0000000A          0x000001be   Section        0  libinit2.o(.ARM.Collect$$libinit$$0000000A)
    .ARM.Collect$$libinit$$0000000C          0x000001be   Section        0  libinit2.o(.ARM.Collect$$libinit$$0000000C)
    .ARM.Collect$$libinit$$0000000E          0x000001be   Section        0  libinit2.o(.ARM.Collect$$libinit$$0000000E)
    .ARM.Collect$$libinit$$00000011          0x000001be   Section        0  libinit2.o(.ARM.Collect$$libinit$$00000011)
    .ARM.Collect$$libinit$$00000013          0x000001be   Section        0  libinit2.o(.ARM.Collect$$libinit$$00000013)
    .ARM.Collect$$libinit$$00000015          0x000001be   Section        0  libinit2.o(.ARM.Collect$$libinit$$00000015)
    .ARM.Collect$$libinit$$00000017          0x000001be   Section        0  libinit2.o(.ARM.Collect$$libinit$$00000017)
    .ARM.Collect$$libinit$$00000019          0x000001be   Section        0  libinit2.o(.ARM.Collect$$libinit$$00000019)
    .ARM.Collect$$libinit$$0000001B          0x000001be   Section        0  libinit2.o(.ARM.Collect$$libinit$$0000001B)
    .ARM.Collect$$libinit$$0000001D          0x000001be   Section        0  libinit2.o(.ARM.Collect$$libinit$$0000001D)
    .ARM.Collect$$libinit$$0000001F          0x000001be   Section        0  libinit2.o(.ARM.Collect$$libinit$$0000001F)
    .ARM.Collect$$libinit$$00000021          0x000001be   Section        0  libinit2.o(.ARM.Collect$$libinit$$00000021)
    .ARM.Collect$$libinit$$00000023          0x000001be   Section        0  libinit2.o(.ARM.Collect$$libinit$$00000023)
    .ARM.Collect$$libinit$$00000025          0x000001be   Section        0  libinit2.o(.ARM.Collect$$libinit$$00000025)
    .ARM.Collect$$libinit$$0000002C          0x000001be   Section        0  libinit2.o(.ARM.Collect$$libinit$$0000002C)
    .ARM.Collect$$libinit$$0000002E          0x000001be   Section        0  libinit2.o(.ARM.Collect$$libinit$$0000002E)
    .ARM.Collect$$libinit$$00000030          0x000001be   Section        0  libinit2.o(.ARM.Collect$$libinit$$00000030)
    .ARM.Collect$$libinit$$00000032          0x000001be   Section        0  libinit2.o(.ARM.Collect$$libinit$$00000032)
    .ARM.Collect$$libinit$$00000033          0x000001be   Section        2  libinit2.o(.ARM.Collect$$libinit$$00000033)
    .ARM.Collect$$libshutdown$$00000000      0x000001c0   Section        2  libshutdown.o(.ARM.Collect$$libshutdown$$00000000)
    .ARM.Collect$$libshutdown$$00000002      0x000001c2   Section        0  libshutdown2.o(.ARM.Collect$$libshutdown$$00000002)
    .ARM.Collect$$libshutdown$$00000004      0x000001c2   Section        0  libshutdown2.o(.ARM.Collect$$libshutdown$$00000004)
    .ARM.Collect$$libshutdown$$00000007      0x000001c2   Section        0  libshutdown2.o(.ARM.Collect$$libshutdown$$00000007)
    .ARM.Collect$$libshutdown$$0000000A      0x000001c2   Section        0  libshutdown2.o(.ARM.Collect$$libshutdown$$0000000A)
    .ARM.Collect$$libshutdown$$0000000C      0x000001c2   Section        0  libshutdown2.o(.ARM.Collect$$libshutdown$$0000000C)
    .ARM.Collect$$libshutdown$$0000000F      0x000001c2   Section        0  libshutdown2.o(.ARM.Collect$$libshutdown$$0000000F)
    .ARM.Collect$$libshutdown$$00000010      0x000001c2   Section        2  libshutdown2.o(.ARM.Collect$$libshutdown$$00000010)
    .ARM.Collect$$rtentry$$00000000          0x000001c4   Section        0  __rtentry.o(.ARM.Collect$$rtentry$$00000000)
    .ARM.Collect$$rtentry$$00000002          0x000001c4   Section        0  __rtentry2.o(.ARM.Collect$$rtentry$$00000002)
    .ARM.Collect$$rtentry$$00000004          0x000001c4   Section        6  __rtentry4.o(.ARM.Collect$$rtentry$$00000004)
    .ARM.Collect$$rtentry$$00000009          0x000001ca   Section        0  __rtentry2.o(.ARM.Collect$$rtentry$$00000009)
    .ARM.Collect$$rtentry$$0000000A          0x000001ca   Section        4  __rtentry2.o(.ARM.Collect$$rtentry$$0000000A)
    .ARM.Collect$$rtentry$$0000000C          0x000001ce   Section        0  __rtentry2.o(.ARM.Collect$$rtentry$$0000000C)
    .ARM.Collect$$rtentry$$0000000D          0x000001ce   Section        8  __rtentry2.o(.ARM.Collect$$rtentry$$0000000D)
    .ARM.Collect$$rtexit$$00000000           0x000001d6   Section        2  rtexit.o(.ARM.Collect$$rtexit$$00000000)
    .ARM.Collect$$rtexit$$00000002           0x000001d8   Section        0  rtexit2.o(.ARM.Collect$$rtexit$$00000002)
    .ARM.Collect$$rtexit$$00000003           0x000001d8   Section        4  rtexit2.o(.ARM.Collect$$rtexit$$00000003)
    .ARM.Collect$$rtexit$$00000004           0x000001dc   Section        6  rtexit2.o(.ARM.Collect$$rtexit$$00000004)
    .text                                    0x000001e4   Section       60  startup_msp432p401r_uvision.o(.text)
    $v0                                      0x000001e4   Number         0  startup_msp432p401r_uvision.o(.text)
    .text                                    0x00000220   Section        2  use_no_semi_2.o(.text)
    .text                                    0x00000222   Section        0  heapauxi.o(.text)
    .text                                    0x00000228   Section        2  use_no_semi.o(.text)
    .text                                    0x0000022c   Section        8  libspace.o(.text)
    .text                                    0x00000234   Section       74  sys_stackheap_outer.o(.text)
    .text                                    0x0000027e   Section        0  exit.o(.text)
    i.ADC14_IRQHandler                       0x00000290   Section        0  isr.o(i.ADC14_IRQHandler)
    i.EUSCIA0_IRQHandler                     0x000002a8   Section        0  isr.o(i.EUSCIA0_IRQHandler)
    i.EUSCIA1_IRQHandler                     0x000002c4   Section        0  isr.o(i.EUSCIA1_IRQHandler)
    i.EUSCIA2_IRQHandler                     0x000002e0   Section        0  isr.o(i.EUSCIA2_IRQHandler)
    i.EUSCIA3_IRQHandler                     0x000002fc   Section        0  isr.o(i.EUSCIA3_IRQHandler)
    i.OLED_Clear                             0x00000318   Section        0  ml_oled.o(i.OLED_Clear)
    i.OLED_I2C_Init                          0x00000342   Section        0  ml_oled.o(i.OLED_I2C_Init)
    i.OLED_I2C_SendByte                      0x0000036e   Section        0  ml_oled.o(i.OLED_I2C_SendByte)
    i.OLED_I2C_Start                         0x000003b8   Section        0  ml_oled.o(i.OLED_I2C_Start)
    i.OLED_I2C_Stop                          0x000003e4   Section        0  ml_oled.o(i.OLED_I2C_Stop)
    i.OLED_Init                              0x00000406   Section        0  ml_oled.o(i.OLED_Init)
    i.OLED_SetCursor                         0x000004b4   Section        0  ml_oled.o(i.OLED_SetCursor)
    i.OLED_WriteCommand                      0x000004d6   Section        0  ml_oled.o(i.OLED_WriteCommand)
    i.OLED_WriteData                         0x000004f6   Section        0  ml_oled.o(i.OLED_WriteData)
    i.PORT1_IRQHandler                       0x00000518   Section        0  isr.o(i.PORT1_IRQHandler)
    i.PORT2_IRQHandler                       0x000005d0   Section        0  isr.o(i.PORT2_IRQHandler)
    i.PORT3_IRQHandler                       0x0000068c   Section        0  isr.o(i.PORT3_IRQHandler)
    i.PORT4_IRQHandler                       0x00000744   Section        0  isr.o(i.PORT4_IRQHandler)
    i.PORT5_IRQHandler                       0x000007fc   Section        0  isr.o(i.PORT5_IRQHandler)
    i.PORT6_IRQHandler                       0x000008b4   Section        0  isr.o(i.PORT6_IRQHandler)
    i.SysTick_Init                           0x0000096c   Section        0  ml_delay.o(i.SysTick_Init)
    i.SysTick_Wait                           0x00000980   Section        0  ml_delay.o(i.SysTick_Wait)
    i.SystemInit                             0x000009a8   Section        0  system_msp432p401r.o(i.SystemInit)
    i.TA0_N_IRQHandler                       0x00000a5c   Section        0  isr.o(i.TA0_N_IRQHandler)
    i.TA1_N_IRQHandler                       0x00000a7c   Section        0  isr.o(i.TA1_N_IRQHandler)
    i.TA2_N_IRQHandler                       0x00000a98   Section        0  isr.o(i.TA2_N_IRQHandler)
    i.TA3_N_IRQHandler                       0x00000ab4   Section        0  isr.o(i.TA3_N_IRQHandler)
    i._sys_exit                              0x00000ad0   Section        0  ml_uart.o(i._sys_exit)
    i.delay_ms                               0x00000ad4   Section        0  ml_delay.o(i.delay_ms)
    i.gpio_get                               0x00000aec   Section        0  ml_gpio.o(i.gpio_get)
    i.gpio_init                              0x00000b40   Section        0  ml_gpio.o(i.gpio_init)
    i.gpio_set                               0x00000e68   Section        0  ml_gpio.o(i.gpio_set)
    i.main                                   0x00000f28   Section        0  main.o(i.main)
    x$fpl$fpinit                             0x00000f76   Section       10  fpinit.o(x$fpl$fpinit)
    $v0                                      0x00000f76   Number         0  fpinit.o(x$fpl$fpinit)
    .data                                    0x20000000   Section       40  ml_gpio.o(.data)
    .data                                    0x20000028   Section        4  ml_adc.o(.data)
    .bss                                     0x2000002c   Section       96  libspace.o(.bss)
    HEAP                                     0x20000090   Section        0  startup_msp432p401r_uvision.o(HEAP)
    STACK                                    0x20000090   Section     1024  startup_msp432p401r_uvision.o(STACK)
    Heap_Mem                                 0x20000090   Data           0  startup_msp432p401r_uvision.o(HEAP)
    Stack_Mem                                0x20000090   Data        1024  startup_msp432p401r_uvision.o(STACK)
    __initial_sp                             0x20000490   Data           0  startup_msp432p401r_uvision.o(STACK)

    Global Symbols

    Symbol Name                              Value     Ov Type        Size  Object(Section)

    BuildAttributes$$THM_ISAv4$E$P$D$K$B$S$7EM$VFPi3$EXTD16$VFPS$VFMA$PE$A:L22UL41UL21$X:L11$S22US41US21$IEEE1$IW$USESV6$~STKCKD$USESV7$~SHL$OTIME$ROPI$IEEEX$EBA8$UX$STANDARDLIB$REQ8$PRES8$EABIv2 0x00000000   Number         0  anon$$obj.o ABSOLUTE
    __ARM_use_no_argv                        0x00000000   Number         0  main.o ABSOLUTE
    __Vectors                                0x00000000   Data           4  startup_msp432p401r_uvision.o(RESET)
    __ARM_exceptions_init                     - Undefined Weak Reference
    __alloca_initialize                       - Undefined Weak Reference
    __arm_preinit_                            - Undefined Weak Reference
    __cpp_initialize__aeabi_                  - Undefined Weak Reference
    __cxa_finalize                            - Undefined Weak Reference
    __rt_locale                               - Undefined Weak Reference
    __sigvec_lookup                           - Undefined Weak Reference
    _atexit_init                              - Undefined Weak Reference
    _call_atexit_fns                          - Undefined Weak Reference
    _clock_init                               - Undefined Weak Reference
    _fp_trap_init                             - Undefined Weak Reference
    _fp_trap_shutdown                         - Undefined Weak Reference
    _get_lc_collate                           - Undefined Weak Reference
    _get_lc_ctype                             - Undefined Weak Reference
    _get_lc_monetary                          - Undefined Weak Reference
    _get_lc_numeric                           - Undefined Weak Reference
    _get_lc_time                              - Undefined Weak Reference
    _getenv_init                              - Undefined Weak Reference
    _handle_redirection                       - Undefined Weak Reference
    _init_alloc                               - Undefined Weak Reference
    _init_user_alloc                          - Undefined Weak Reference
    _initio                                   - Undefined Weak Reference
    _rand_init                                - Undefined Weak Reference
    _signal_finish                            - Undefined Weak Reference
    _signal_init                              - Undefined Weak Reference
    _terminate_alloc                          - Undefined Weak Reference
    _terminate_user_alloc                     - Undefined Weak Reference
    _terminateio                              - Undefined Weak Reference
    __Vectors_End                            0x00000144   Data           0  startup_msp432p401r_uvision.o(RESET)
    __Vectors_Size                           0x00000144   Number         0  startup_msp432p401r_uvision.o ABSOLUTE
    __main                                   0x00000145   Thumb Code     8  __main.o(!!!main)
    __scatterload                            0x0000014d   Thumb Code     0  __scatter.o(!!!scatter)
    __scatterload_rt2                        0x0000014d   Thumb Code    44  __scatter.o(!!!scatter)
    __scatterload_rt2_thumb_only             0x0000014d   Thumb Code     0  __scatter.o(!!!scatter)
    __scatterload_null                       0x0000015b   Thumb Code     0  __scatter.o(!!!scatter)
    __scatterload_copy                       0x00000181   Thumb Code    26  __scatter_copy.o(!!handler_copy)
    __scatterload_zeroinit                   0x0000019d   Thumb Code    28  __scatter_zi.o(!!handler_zi)
    __rt_lib_init                            0x000001b9   Thumb Code     0  libinit.o(.ARM.Collect$$libinit$$00000000)
    __rt_lib_init_fp_1                       0x000001bb   Thumb Code     0  libinit2.o(.ARM.Collect$$libinit$$00000001)
    __rt_lib_init_alloca_1                   0x000001bf   Thumb Code     0  libinit2.o(.ARM.Collect$$libinit$$0000002E)
    __rt_lib_init_argv_1                     0x000001bf   Thumb Code     0  libinit2.o(.ARM.Collect$$libinit$$0000002C)
    __rt_lib_init_atexit_1                   0x000001bf   Thumb Code     0  libinit2.o(.ARM.Collect$$libinit$$0000001B)
    __rt_lib_init_clock_1                    0x000001bf   Thumb Code     0  libinit2.o(.ARM.Collect$$libinit$$00000021)
    __rt_lib_init_cpp_1                      0x000001bf   Thumb Code     0  libinit2.o(.ARM.Collect$$libinit$$00000032)
    __rt_lib_init_exceptions_1               0x000001bf   Thumb Code     0  libinit2.o(.ARM.Collect$$libinit$$00000030)
    __rt_lib_init_fp_trap_1                  0x000001bf   Thumb Code     0  libinit2.o(.ARM.Collect$$libinit$$0000001F)
    __rt_lib_init_getenv_1                   0x000001bf   Thumb Code     0  libinit2.o(.ARM.Collect$$libinit$$00000023)
    __rt_lib_init_heap_1                     0x000001bf   Thumb Code     0  libinit2.o(.ARM.Collect$$libinit$$0000000A)
    __rt_lib_init_lc_collate_1               0x000001bf   Thumb Code     0  libinit2.o(.ARM.Collect$$libinit$$00000011)
    __rt_lib_init_lc_ctype_1                 0x000001bf   Thumb Code     0  libinit2.o(.ARM.Collect$$libinit$$00000013)
    __rt_lib_init_lc_monetary_1              0x000001bf   Thumb Code     0  libinit2.o(.ARM.Collect$$libinit$$00000015)
    __rt_lib_init_lc_numeric_1               0x000001bf   Thumb Code     0  libinit2.o(.ARM.Collect$$libinit$$00000017)
    __rt_lib_init_lc_time_1                  0x000001bf   Thumb Code     0  libinit2.o(.ARM.Collect$$libinit$$00000019)
    __rt_lib_init_preinit_1                  0x000001bf   Thumb Code     0  libinit2.o(.ARM.Collect$$libinit$$00000004)
    __rt_lib_init_rand_1                     0x000001bf   Thumb Code     0  libinit2.o(.ARM.Collect$$libinit$$0000000E)
    __rt_lib_init_return                     0x000001bf   Thumb Code     0  libinit2.o(.ARM.Collect$$libinit$$00000033)
    __rt_lib_init_signal_1                   0x000001bf   Thumb Code     0  libinit2.o(.ARM.Collect$$libinit$$0000001D)
    __rt_lib_init_stdio_1                    0x000001bf   Thumb Code     0  libinit2.o(.ARM.Collect$$libinit$$00000025)
    __rt_lib_init_user_alloc_1               0x000001bf   Thumb Code     0  libinit2.o(.ARM.Collect$$libinit$$0000000C)
    __rt_lib_shutdown                        0x000001c1   Thumb Code     0  libshutdown.o(.ARM.Collect$$libshutdown$$00000000)
    __rt_lib_shutdown_cpp_1                  0x000001c3   Thumb Code     0  libshutdown2.o(.ARM.Collect$$libshutdown$$00000002)
    __rt_lib_shutdown_fp_trap_1              0x000001c3   Thumb Code     0  libshutdown2.o(.ARM.Collect$$libshutdown$$00000007)
    __rt_lib_shutdown_heap_1                 0x000001c3   Thumb Code     0  libshutdown2.o(.ARM.Collect$$libshutdown$$0000000F)
    __rt_lib_shutdown_return                 0x000001c3   Thumb Code     0  libshutdown2.o(.ARM.Collect$$libshutdown$$00000010)
    __rt_lib_shutdown_signal_1               0x000001c3   Thumb Code     0  libshutdown2.o(.ARM.Collect$$libshutdown$$0000000A)
    __rt_lib_shutdown_stdio_1                0x000001c3   Thumb Code     0  libshutdown2.o(.ARM.Collect$$libshutdown$$00000004)
    __rt_lib_shutdown_user_alloc_1           0x000001c3   Thumb Code     0  libshutdown2.o(.ARM.Collect$$libshutdown$$0000000C)
    __rt_entry                               0x000001c5   Thumb Code     0  __rtentry.o(.ARM.Collect$$rtentry$$00000000)
    __rt_entry_presh_1                       0x000001c5   Thumb Code     0  __rtentry2.o(.ARM.Collect$$rtentry$$00000002)
    __rt_entry_sh                            0x000001c5   Thumb Code     0  __rtentry4.o(.ARM.Collect$$rtentry$$00000004)
    __rt_entry_li                            0x000001cb   Thumb Code     0  __rtentry2.o(.ARM.Collect$$rtentry$$0000000A)
    __rt_entry_postsh_1                      0x000001cb   Thumb Code     0  __rtentry2.o(.ARM.Collect$$rtentry$$00000009)
    __rt_entry_main                          0x000001cf   Thumb Code     0  __rtentry2.o(.ARM.Collect$$rtentry$$0000000D)
    __rt_entry_postli_1                      0x000001cf   Thumb Code     0  __rtentry2.o(.ARM.Collect$$rtentry$$0000000C)
    __rt_exit                                0x000001d7   Thumb Code     0  rtexit.o(.ARM.Collect$$rtexit$$00000000)
    __rt_exit_ls                             0x000001d9   Thumb Code     0  rtexit2.o(.ARM.Collect$$rtexit$$00000003)
    __rt_exit_prels_1                        0x000001d9   Thumb Code     0  rtexit2.o(.ARM.Collect$$rtexit$$00000002)
    __rt_exit_exit                           0x000001dd   Thumb Code     0  rtexit2.o(.ARM.Collect$$rtexit$$00000004)
    Reset_Handler                            0x000001e5   Thumb Code     8  startup_msp432p401r_uvision.o(.text)
    NMI_Handler                              0x000001ed   Thumb Code     2  startup_msp432p401r_uvision.o(.text)
    HardFault_Handler                        0x000001ef   Thumb Code     2  startup_msp432p401r_uvision.o(.text)
    MemManage_Handler                        0x000001f1   Thumb Code     2  startup_msp432p401r_uvision.o(.text)
    BusFault_Handler                         0x000001f3   Thumb Code     2  startup_msp432p401r_uvision.o(.text)
    UsageFault_Handler                       0x000001f5   Thumb Code     2  startup_msp432p401r_uvision.o(.text)
    SVC_Handler                              0x000001f7   Thumb Code     2  startup_msp432p401r_uvision.o(.text)
    DebugMon_Handler                         0x000001f9   Thumb Code     2  startup_msp432p401r_uvision.o(.text)
    PendSV_Handler                           0x000001fb   Thumb Code     2  startup_msp432p401r_uvision.o(.text)
    SysTick_Handler                          0x000001fd   Thumb Code     2  startup_msp432p401r_uvision.o(.text)
    AES256_IRQHandler                        0x000001ff   Thumb Code     0  startup_msp432p401r_uvision.o(.text)
    COMP_E0_IRQHandler                       0x000001ff   Thumb Code     0  startup_msp432p401r_uvision.o(.text)
    COMP_E1_IRQHandler                       0x000001ff   Thumb Code     0  startup_msp432p401r_uvision.o(.text)
    CS_IRQHandler                            0x000001ff   Thumb Code     0  startup_msp432p401r_uvision.o(.text)
    DMA_ERR_IRQHandler                       0x000001ff   Thumb Code     0  startup_msp432p401r_uvision.o(.text)
    DMA_INT0_IRQHandler                      0x000001ff   Thumb Code     0  startup_msp432p401r_uvision.o(.text)
    DMA_INT1_IRQHandler                      0x000001ff   Thumb Code     0  startup_msp432p401r_uvision.o(.text)
    DMA_INT2_IRQHandler                      0x000001ff   Thumb Code     0  startup_msp432p401r_uvision.o(.text)
    DMA_INT3_IRQHandler                      0x000001ff   Thumb Code     0  startup_msp432p401r_uvision.o(.text)
    EUSCIB0_IRQHandler                       0x000001ff   Thumb Code     0  startup_msp432p401r_uvision.o(.text)
    EUSCIB1_IRQHandler                       0x000001ff   Thumb Code     0  startup_msp432p401r_uvision.o(.text)
    EUSCIB2_IRQHandler                       0x000001ff   Thumb Code     0  startup_msp432p401r_uvision.o(.text)
    EUSCIB3_IRQHandler                       0x000001ff   Thumb Code     0  startup_msp432p401r_uvision.o(.text)
    FLCTL_IRQHandler                         0x000001ff   Thumb Code     0  startup_msp432p401r_uvision.o(.text)
    FPU_IRQHandler                           0x000001ff   Thumb Code     0  startup_msp432p401r_uvision.o(.text)
    PCM_IRQHandler                           0x000001ff   Thumb Code     0  startup_msp432p401r_uvision.o(.text)
    PSS_IRQHandler                           0x000001ff   Thumb Code     0  startup_msp432p401r_uvision.o(.text)
    RTC_C_IRQHandler                         0x000001ff   Thumb Code     0  startup_msp432p401r_uvision.o(.text)
    T32_INT1_IRQHandler                      0x000001ff   Thumb Code     0  startup_msp432p401r_uvision.o(.text)
    T32_INT2_IRQHandler                      0x000001ff   Thumb Code     0  startup_msp432p401r_uvision.o(.text)
    T32_INTC_IRQHandler                      0x000001ff   Thumb Code     0  startup_msp432p401r_uvision.o(.text)
    TA0_0_IRQHandler                         0x000001ff   Thumb Code     0  startup_msp432p401r_uvision.o(.text)
    TA1_0_IRQHandler                         0x000001ff   Thumb Code     0  startup_msp432p401r_uvision.o(.text)
    TA2_0_IRQHandler                         0x000001ff   Thumb Code     0  startup_msp432p401r_uvision.o(.text)
    TA3_0_IRQHandler                         0x000001ff   Thumb Code     0  startup_msp432p401r_uvision.o(.text)
    WDT_A_IRQHandler                         0x000001ff   Thumb Code     0  startup_msp432p401r_uvision.o(.text)
    __user_initial_stackheap                 0x00000201   Thumb Code    10  startup_msp432p401r_uvision.o(.text)
    __use_no_semihosting                     0x00000221   Thumb Code     2  use_no_semi_2.o(.text)
    __use_two_region_memory                  0x00000223   Thumb Code     2  heapauxi.o(.text)
    __rt_heap_escrow$2region                 0x00000225   Thumb Code     2  heapauxi.o(.text)
    __rt_heap_expand$2region                 0x00000227   Thumb Code     2  heapauxi.o(.text)
    __I$use$semihosting                      0x00000229   Thumb Code     0  use_no_semi.o(.text)
    __use_no_semihosting_swi                 0x00000229   Thumb Code     2  use_no_semi.o(.text)
    __user_libspace                          0x0000022d   Thumb Code     8  libspace.o(.text)
    __user_perproc_libspace                  0x0000022d   Thumb Code     0  libspace.o(.text)
    __user_perthread_libspace                0x0000022d   Thumb Code     0  libspace.o(.text)
    __user_setup_stackheap                   0x00000235   Thumb Code    74  sys_stackheap_outer.o(.text)
    exit                                     0x0000027f   Thumb Code    18  exit.o(.text)
    ADC14_IRQHandler                         0x00000291   Thumb Code    14  isr.o(i.ADC14_IRQHandler)
    EUSCIA0_IRQHandler                       0x000002a9   Thumb Code    24  isr.o(i.EUSCIA0_IRQHandler)
    EUSCIA1_IRQHandler                       0x000002c5   Thumb Code    24  isr.o(i.EUSCIA1_IRQHandler)
    EUSCIA2_IRQHandler                       0x000002e1   Thumb Code    24  isr.o(i.EUSCIA2_IRQHandler)
    EUSCIA3_IRQHandler                       0x000002fd   Thumb Code    24  isr.o(i.EUSCIA3_IRQHandler)
    OLED_Clear                               0x00000319   Thumb Code    42  ml_oled.o(i.OLED_Clear)
    OLED_I2C_Init                            0x00000343   Thumb Code    44  ml_oled.o(i.OLED_I2C_Init)
    OLED_I2C_SendByte                        0x0000036f   Thumb Code    74  ml_oled.o(i.OLED_I2C_SendByte)
    OLED_I2C_Start                           0x000003b9   Thumb Code    44  ml_oled.o(i.OLED_I2C_Start)
    OLED_I2C_Stop                            0x000003e5   Thumb Code    34  ml_oled.o(i.OLED_I2C_Stop)
    OLED_Init                                0x00000407   Thumb Code   174  ml_oled.o(i.OLED_Init)
    OLED_SetCursor                           0x000004b5   Thumb Code    34  ml_oled.o(i.OLED_SetCursor)
    OLED_WriteCommand                        0x000004d7   Thumb Code    32  ml_oled.o(i.OLED_WriteCommand)
    OLED_WriteData                           0x000004f7   Thumb Code    32  ml_oled.o(i.OLED_WriteData)
    PORT1_IRQHandler                         0x00000519   Thumb Code   178  isr.o(i.PORT1_IRQHandler)
    PORT2_IRQHandler                         0x000005d1   Thumb Code   184  isr.o(i.PORT2_IRQHandler)
    PORT3_IRQHandler                         0x0000068d   Thumb Code   178  isr.o(i.PORT3_IRQHandler)
    PORT4_IRQHandler                         0x00000745   Thumb Code   178  isr.o(i.PORT4_IRQHandler)
    PORT5_IRQHandler                         0x000007fd   Thumb Code   178  isr.o(i.PORT5_IRQHandler)
    PORT6_IRQHandler                         0x000008b5   Thumb Code   178  isr.o(i.PORT6_IRQHandler)
    SysTick_Init                             0x0000096d   Thumb Code    20  ml_delay.o(i.SysTick_Init)
    SysTick_Wait                             0x00000981   Thumb Code    38  ml_delay.o(i.SysTick_Wait)
    SystemInit                               0x000009a9   Thumb Code   150  system_msp432p401r.o(i.SystemInit)
    TA0_N_IRQHandler                         0x00000a5d   Thumb Code    30  isr.o(i.TA0_N_IRQHandler)
    TA1_N_IRQHandler                         0x00000a7d   Thumb Code    24  isr.o(i.TA1_N_IRQHandler)
    TA2_N_IRQHandler                         0x00000a99   Thumb Code    24  isr.o(i.TA2_N_IRQHandler)
    TA3_N_IRQHandler                         0x00000ab5   Thumb Code    24  isr.o(i.TA3_N_IRQHandler)
    _sys_exit                                0x00000ad1   Thumb Code     4  ml_uart.o(i._sys_exit)
    delay_ms                                 0x00000ad5   Thumb Code    24  ml_delay.o(i.delay_ms)
    gpio_get                                 0x00000aed   Thumb Code    76  ml_gpio.o(i.gpio_get)
    gpio_init                                0x00000b41   Thumb Code   798  ml_gpio.o(i.gpio_init)
    gpio_set                                 0x00000e69   Thumb Code   184  ml_gpio.o(i.gpio_set)
    main                                     0x00000f29   Thumb Code    78  main.o(i.main)
    _fp_init                                 0x00000f77   Thumb Code    10  fpinit.o(x$fpl$fpinit)
    __fplib_config_fpu_vfp                   0x00000f7f   Thumb Code     0  fpinit.o(x$fpl$fpinit)
    __fplib_config_pureend_doubles           0x00000f7f   Thumb Code     0  fpinit.o(x$fpl$fpinit)
    Region$$Table$$Base                      0x00000f80   Number         0  anon$$obj.o(Region$$Table)
    Region$$Table$$Limit                     0x00000fa0   Number         0  anon$$obj.o(Region$$Table)
    gpio_index1                              0x20000000   Data          20  ml_gpio.o(.data)
    gpio_index2                              0x20000014   Data          20  ml_gpio.o(.data)
    ADC_14                                   0x20000028   Data           4  ml_adc.o(.data)
    __libspace_start                         0x2000002c   Data          96  libspace.o(.bss)
    __temporary_stack_top$libspace           0x2000008c   Data           0  libspace.o(.bss)



==============================================================================

Memory Map of the image

  Image Entry point : 0x00000145

  Load Region LR_IROM1 (Base: 0x00000000, Size: 0x00000fcc, Max: 0x00040000, ABSOLUTE)

    Execution Region ER_IROM1 (Exec base: 0x00000000, Load base: 0x00000000, Size: 0x00000fa0, Max: 0x00040000, ABSOLUTE)

    Exec Addr    Load Addr    Size         Type   Attr      Idx    E Section Name        Object

    0x00000000   0x00000000   0x00000144   Data   RO          318    RESET               startup_msp432p401r_uvision.o
    0x00000144   0x00000144   0x00000008   Code   RO         1140  * !!!main             c_w.l(__main.o)
    0x0000014c   0x0000014c   0x00000034   Code   RO         1402    !!!scatter          c_w.l(__scatter.o)
    0x00000180   0x00000180   0x0000001a   Code   RO         1404    !!handler_copy      c_w.l(__scatter_copy.o)
    0x0000019a   0x0000019a   0x00000002   PAD
    0x0000019c   0x0000019c   0x0000001c   Code   RO         1406    !!handler_zi        c_w.l(__scatter_zi.o)
    0x000001b8   0x000001b8   0x00000002   Code   RO         1273    .ARM.Collect$$libinit$$00000000  c_w.l(libinit.o)
    0x000001ba   0x000001ba   0x00000004   Code   RO         1280    .ARM.Collect$$libinit$$00000001  c_w.l(libinit2.o)
    0x000001be   0x000001be   0x00000000   Code   RO         1283    .ARM.Collect$$libinit$$00000004  c_w.l(libinit2.o)
    0x000001be   0x000001be   0x00000000   Code   RO         1286    .ARM.Collect$$libinit$$0000000A  c_w.l(libinit2.o)
    0x000001be   0x000001be   0x00000000   Code   RO         1288    .ARM.Collect$$libinit$$0000000C  c_w.l(libinit2.o)
    0x000001be   0x000001be   0x00000000   Code   RO         1290    .ARM.Collect$$libinit$$0000000E  c_w.l(libinit2.o)
    0x000001be   0x000001be   0x00000000   Code   RO         1293    .ARM.Collect$$libinit$$00000011  c_w.l(libinit2.o)
    0x000001be   0x000001be   0x00000000   Code   RO         1295    .ARM.Collect$$libinit$$00000013  c_w.l(libinit2.o)
    0x000001be   0x000001be   0x00000000   Code   RO         1297    .ARM.Collect$$libinit$$00000015  c_w.l(libinit2.o)
    0x000001be   0x000001be   0x00000000   Code   RO         1299    .ARM.Collect$$libinit$$00000017  c_w.l(libinit2.o)
    0x000001be   0x000001be   0x00000000   Code   RO         1301    .ARM.Collect$$libinit$$00000019  c_w.l(libinit2.o)
    0x000001be   0x000001be   0x00000000   Code   RO         1303    .ARM.Collect$$libinit$$0000001B  c_w.l(libinit2.o)
    0x000001be   0x000001be   0x00000000   Code   RO         1305    .ARM.Collect$$libinit$$0000001D  c_w.l(libinit2.o)
    0x000001be   0x000001be   0x00000000   Code   RO         1307    .ARM.Collect$$libinit$$0000001F  c_w.l(libinit2.o)
    0x000001be   0x000001be   0x00000000   Code   RO         1309    .ARM.Collect$$libinit$$00000021  c_w.l(libinit2.o)
    0x000001be   0x000001be   0x00000000   Code   RO         1311    .ARM.Collect$$libinit$$00000023  c_w.l(libinit2.o)
    0x000001be   0x000001be   0x00000000   Code   RO         1313    .ARM.Collect$$libinit$$00000025  c_w.l(libinit2.o)
    0x000001be   0x000001be   0x00000000   Code   RO         1317    .ARM.Collect$$libinit$$0000002C  c_w.l(libinit2.o)
    0x000001be   0x000001be   0x00000000   Code   RO         1319    .ARM.Collect$$libinit$$0000002E  c_w.l(libinit2.o)
    0x000001be   0x000001be   0x00000000   Code   RO         1321    .ARM.Collect$$libinit$$00000030  c_w.l(libinit2.o)
    0x000001be   0x000001be   0x00000000   Code   RO         1323    .ARM.Collect$$libinit$$00000032  c_w.l(libinit2.o)
    0x000001be   0x000001be   0x00000002   Code   RO         1324    .ARM.Collect$$libinit$$00000033  c_w.l(libinit2.o)
    0x000001c0   0x000001c0   0x00000002   Code   RO         1344    .ARM.Collect$$libshutdown$$00000000  c_w.l(libshutdown.o)
    0x000001c2   0x000001c2   0x00000000   Code   RO         1354    .ARM.Collect$$libshutdown$$00000002  c_w.l(libshutdown2.o)
    0x000001c2   0x000001c2   0x00000000   Code   RO         1356    .ARM.Collect$$libshutdown$$00000004  c_w.l(libshutdown2.o)
    0x000001c2   0x000001c2   0x00000000   Code   RO         1359    .ARM.Collect$$libshutdown$$00000007  c_w.l(libshutdown2.o)
    0x000001c2   0x000001c2   0x00000000   Code   RO         1362    .ARM.Collect$$libshutdown$$0000000A  c_w.l(libshutdown2.o)
    0x000001c2   0x000001c2   0x00000000   Code   RO         1364    .ARM.Collect$$libshutdown$$0000000C  c_w.l(libshutdown2.o)
    0x000001c2   0x000001c2   0x00000000   Code   RO         1367    .ARM.Collect$$libshutdown$$0000000F  c_w.l(libshutdown2.o)
    0x000001c2   0x000001c2   0x00000002   Code   RO         1368    .ARM.Collect$$libshutdown$$00000010  c_w.l(libshutdown2.o)
    0x000001c4   0x000001c4   0x00000000   Code   RO         1172    .ARM.Collect$$rtentry$$00000000  c_w.l(__rtentry.o)
    0x000001c4   0x000001c4   0x00000000   Code   RO         1236    .ARM.Collect$$rtentry$$00000002  c_w.l(__rtentry2.o)
    0x000001c4   0x000001c4   0x00000006   Code   RO         1248    .ARM.Collect$$rtentry$$00000004  c_w.l(__rtentry4.o)
    0x000001ca   0x000001ca   0x00000000   Code   RO         1238    .ARM.Collect$$rtentry$$00000009  c_w.l(__rtentry2.o)
    0x000001ca   0x000001ca   0x00000004   Code   RO         1239    .ARM.Collect$$rtentry$$0000000A  c_w.l(__rtentry2.o)
    0x000001ce   0x000001ce   0x00000000   Code   RO         1241    .ARM.Collect$$rtentry$$0000000C  c_w.l(__rtentry2.o)
    0x000001ce   0x000001ce   0x00000008   Code   RO         1242    .ARM.Collect$$rtentry$$0000000D  c_w.l(__rtentry2.o)
    0x000001d6   0x000001d6   0x00000002   Code   RO         1278    .ARM.Collect$$rtexit$$00000000  c_w.l(rtexit.o)
    0x000001d8   0x000001d8   0x00000000   Code   RO         1328    .ARM.Collect$$rtexit$$00000002  c_w.l(rtexit2.o)
    0x000001d8   0x000001d8   0x00000004   Code   RO         1329    .ARM.Collect$$rtexit$$00000003  c_w.l(rtexit2.o)
    0x000001dc   0x000001dc   0x00000006   Code   RO         1330    .ARM.Collect$$rtexit$$00000004  c_w.l(rtexit2.o)
    0x000001e2   0x000001e2   0x00000002   PAD
    0x000001e4   0x000001e4   0x0000003c   Code   RO          319    .text               startup_msp432p401r_uvision.o
    0x00000220   0x00000220   0x00000002   Code   RO         1136    .text               c_w.l(use_no_semi_2.o)
    0x00000222   0x00000222   0x00000006   Code   RO         1138    .text               c_w.l(heapauxi.o)
    0x00000228   0x00000228   0x00000002   Code   RO         1170    .text               c_w.l(use_no_semi.o)
    0x0000022a   0x0000022a   0x00000002   PAD
    0x0000022c   0x0000022c   0x00000008   Code   RO         1261    .text               c_w.l(libspace.o)
    0x00000234   0x00000234   0x0000004a   Code   RO         1264    .text               c_w.l(sys_stackheap_outer.o)
    0x0000027e   0x0000027e   0x00000012   Code   RO         1266    .text               c_w.l(exit.o)
    0x00000290   0x00000290   0x00000018   Code   RO          211    i.ADC14_IRQHandler  isr.o
    0x000002a8   0x000002a8   0x0000001c   Code   RO          212    i.EUSCIA0_IRQHandler  isr.o
    0x000002c4   0x000002c4   0x0000001c   Code   RO          213    i.EUSCIA1_IRQHandler  isr.o
    0x000002e0   0x000002e0   0x0000001c   Code   RO          214    i.EUSCIA2_IRQHandler  isr.o
    0x000002fc   0x000002fc   0x0000001c   Code   RO          215    i.EUSCIA3_IRQHandler  isr.o
    0x00000318   0x00000318   0x0000002a   Code   RO          624    i.OLED_Clear        ml_oled.o
    0x00000342   0x00000342   0x0000002c   Code   RO          626    i.OLED_I2C_Init     ml_oled.o
    0x0000036e   0x0000036e   0x0000004a   Code   RO          627    i.OLED_I2C_SendByte  ml_oled.o
    0x000003b8   0x000003b8   0x0000002c   Code   RO          628    i.OLED_I2C_Start    ml_oled.o
    0x000003e4   0x000003e4   0x00000022   Code   RO          629    i.OLED_I2C_Stop     ml_oled.o
    0x00000406   0x00000406   0x000000ae   Code   RO          630    i.OLED_Init         ml_oled.o
    0x000004b4   0x000004b4   0x00000022   Code   RO          632    i.OLED_SetCursor    ml_oled.o
    0x000004d6   0x000004d6   0x00000020   Code   RO          640    i.OLED_WriteCommand  ml_oled.o
    0x000004f6   0x000004f6   0x00000020   Code   RO          641    i.OLED_WriteData    ml_oled.o
    0x00000516   0x00000516   0x00000002   PAD
    0x00000518   0x00000518   0x000000b8   Code   RO          216    i.PORT1_IRQHandler  isr.o
    0x000005d0   0x000005d0   0x000000bc   Code   RO          217    i.PORT2_IRQHandler  isr.o
    0x0000068c   0x0000068c   0x000000b8   Code   RO          218    i.PORT3_IRQHandler  isr.o
    0x00000744   0x00000744   0x000000b8   Code   RO          219    i.PORT4_IRQHandler  isr.o
    0x000007fc   0x000007fc   0x000000b8   Code   RO          220    i.PORT5_IRQHandler  isr.o
    0x000008b4   0x000008b4   0x000000b8   Code   RO          221    i.PORT6_IRQHandler  isr.o
    0x0000096c   0x0000096c   0x00000014   Code   RO          588    i.SysTick_Init      ml_delay.o
    0x00000980   0x00000980   0x00000026   Code   RO          589    i.SysTick_Wait      ml_delay.o
    0x000009a6   0x000009a6   0x00000002   PAD
    0x000009a8   0x000009a8   0x000000b4   Code   RO          327    i.SystemInit        system_msp432p401r.o
    0x00000a5c   0x00000a5c   0x0000001e   Code   RO          222    i.TA0_N_IRQHandler  isr.o
    0x00000a7a   0x00000a7a   0x00000002   PAD
    0x00000a7c   0x00000a7c   0x0000001c   Code   RO          223    i.TA1_N_IRQHandler  isr.o
    0x00000a98   0x00000a98   0x0000001c   Code   RO          224    i.TA2_N_IRQHandler  isr.o
    0x00000ab4   0x00000ab4   0x0000001c   Code   RO          225    i.TA3_N_IRQHandler  isr.o
    0x00000ad0   0x00000ad0   0x00000004   Code   RO          822    i._sys_exit         ml_uart.o
    0x00000ad4   0x00000ad4   0x00000018   Code   RO          590    i.delay_ms          ml_delay.o
    0x00000aec   0x00000aec   0x00000054   Code   RO          546    i.gpio_get          ml_gpio.o
    0x00000b40   0x00000b40   0x00000328   Code   RO          547    i.gpio_init         ml_gpio.o
    0x00000e68   0x00000e68   0x000000c0   Code   RO          548    i.gpio_set          ml_gpio.o
    0x00000f28   0x00000f28   0x0000004e   Code   RO            4    i.main              main.o
    0x00000f76   0x00000f76   0x0000000a   Code   RO         1336    x$fpl$fpinit        fz_wm.l(fpinit.o)
    0x00000f80   0x00000f80   0x00000020   Data   RO         1400    Region$$Table       anon$$obj.o


    Execution Region RW_IRAM1 (Exec base: 0x20000000, Load base: 0x00000fa0, Size: 0x00000490, Max: 0x00010000, ABSOLUTE)

    Exec Addr    Load Addr    Size         Type   Attr      Idx    E Section Name        Object

    0x20000000   0x00000fa0   0x00000028   Data   RW          549    .data               ml_gpio.o
    0x20000028   0x00000fc8   0x00000004   Data   RW          923    .data               ml_adc.o
    0x2000002c        -       0x00000060   Zero   RW         1262    .bss                c_w.l(libspace.o)
    0x2000008c   0x00000fcc   0x00000004   PAD
    0x20000090        -       0x00000000   Zero   RW          317    HEAP                startup_msp432p401r_uvision.o
    0x20000090        -       0x00000400   Zero   RW          316    STACK               startup_msp432p401r_uvision.o



  Load Region LR_IROM2 (Base: 0x00200000, Size: 0x00000000, Max: 0x00004000, ABSOLUTE)

    Execution Region ER_IROM2 (Exec base: 0x00200000, Load base: 0x00200000, Size: 0x00000000, Max: 0x00004000, ABSOLUTE)

    **** No section assigned to this execution region ****


==============================================================================

Image component sizes


      Code (inc. data)   RO Data    RW Data    ZI Data      Debug   Object Name

      1358         72          0          0          0       7309   isr.o
        78          0          0          0          0     191535   main.o
         0          0          0          4          0        689   ml_adc.o
        82          0          0          0          0       1573   ml_delay.o
      1084         26          0         40          0       3056   ml_gpio.o
       510          0          0          0          0       5060   ml_oled.o
         4          0          0          0          0        496   ml_uart.o
        60         22        324          0       1024        896   startup_msp432p401r_uvision.o
       180         30          0          0          0        541   system_msp432p401r.o

    ----------------------------------------------------------------------
      3362        150        356         44       1024     211155   Object Totals
         0          0         32          0          0          0   (incl. Generated)
         6          0          0          0          0          0   (incl. Padding)

    ----------------------------------------------------------------------

      Code (inc. data)   RO Data    RW Data    ZI Data      Debug   Library Member Name

         8          0          0          0          0         68   __main.o
         0          0          0          0          0          0   __rtentry.o
        12          0          0          0          0          0   __rtentry2.o
         6          0          0          0          0          0   __rtentry4.o
        52          8          0          0          0          0   __scatter.o
        26          0          0          0          0          0   __scatter_copy.o
        28          0          0          0          0          0   __scatter_zi.o
        18          0          0          0          0         80   exit.o
         6          0          0          0          0        152   heapauxi.o
         2          0          0          0          0          0   libinit.o
         6          0          0          0          0          0   libinit2.o
         2          0          0          0          0          0   libshutdown.o
         2          0          0          0          0          0   libshutdown2.o
         8          4          0          0         96         68   libspace.o
         2          0          0          0          0          0   rtexit.o
        10          0          0          0          0          0   rtexit2.o
        74          0          0          0          0         80   sys_stackheap_outer.o
         2          0          0          0          0         68   use_no_semi.o
         2          0          0          0          0         68   use_no_semi_2.o
        10          0          0          0          0        116   fpinit.o

    ----------------------------------------------------------------------
       282         12          0          0        100        700   Library Totals
         6          0          0          0          4          0   (incl. Padding)

    ----------------------------------------------------------------------

      Code (inc. data)   RO Data    RW Data    ZI Data      Debug   Library Name

       266         12          0          0         96        584   c_w.l
        10          0          0          0          0        116   fz_wm.l

    ----------------------------------------------------------------------
       282         12          0          0        100        700   Library Totals

    ----------------------------------------------------------------------

==============================================================================


      Code (inc. data)   RO Data    RW Data    ZI Data      Debug   

      3644        162        356         44       1124     208899   Grand Totals
      3644        162        356         44       1124     208899   ELF Image Totals
      3644        162        356         44          0          0   ROM Totals

==============================================================================

    Total RO  Size (Code + RO Data)                 4000 (   3.91kB)
    Total RW  Size (RW Data + ZI Data)              1168 (   1.14kB)
    Total ROM Size (Code + RO Data + RW Data)       4044 (   3.95kB)

==============================================================================

